09-27 18:39:11.053  4250  6822 I com.newrelic.android: Harvester: connected
09-27 18:39:11.053  4250  6822 I com.newrelic.android: Harvester: Sending 0 HTTP transactions.
09-27 18:39:11.054  4250  6822 I com.newrelic.android: Harvester: Sending 0 HTTP errors.
09-27 18:39:11.054  4250  6822 I com.newrelic.android: Harvester: Sending 0 activity traces.
09-27 18:39:11.054  4250  6822 I com.newrelic.android: Harvester: Sending 0 analytics events.
09-27 18:39:11.060   901   943 I DisplayManagerService: Display device changed state: "", ON
09-27 18:39:11.062   502   502 I SDM     : DisplayBase::SetDisplayState: Set state = 1, display 0
09-27 18:39:11.064   901  1615 V FingerprintService: mDaemon was null, reconnect to fingerprint
09-27 18:39:11.066   901  1615 W FingerprintService: fingerprint HIDL not available
09-27 18:39:11.070  1426  1426 D StatusBar: disable<e i a s b H R c s > disable2<q i n >
09-27 18:39:11.071  1426  1426 D StatusBar: disable<e i a s b H R c s > disable2<q i n >
09-27 18:39:11.071  1426  1426 D StatusBar: updateQsExpansionEnabled - QS Expand enabled: true
09-27 18:39:11.089  1426  1426 D StatusBar: updateQsExpansionEnabled - QS Expand enabled: true
09-27 18:39:11.109  1455  1455 I DeviceStatusMonitor: onReceive() : Action = android.intent.action.SCREEN_ON
09-27 18:39:11.117  1432  1432 D zz      : UtWallpaperService$UtEngine$DeviceEventsReceiver.onReceive() screen-on
09-27 18:39:11.117  1432  1432 D zz      : UtRenderer.onScreenOn() and is visible? false
09-27 18:39:11.258   500   500 I chatty  : uid=1000(system) /system/bin/surfaceflinger expire 7 lines
09-27 18:39:11.304   901   996 I DisplayPowerController: Unblocked screen on after 264 ms
09-27 18:39:11.306   901   996 W PowerManagerService: Screen on took 310 ms
09-27 18:39:11.306   901   996 I DreamManagerService: Gently waking up from dream.
09-27 18:39:11.306   901   940 I DreamManagerService: Performing gentle wake from dream.
09-27 18:39:11.311  2092  2092 D NfcService: MSG_APPLY_SCREEN_STATE 4
09-27 18:39:11.313   901  2462 I DreamManagerService: Leaving dreamland.
09-27 18:39:11.314   901   940 I DreamManagerService: Performing gentle wake from dream.
09-27 18:39:11.314   901   940 I DreamController: Stopping dream: name=ComponentInfo{com.android.systemui/com.android.systemui.doze.DozeService}, isTest=false, canDoze=true, userId=0
09-27 18:39:11.326   901  1318 D WindowManager: powerPress: eventTime=407083 interactive=true count=1 beganFromNonInteractive=false mShortPressOnPowerBehavior=1
09-27 18:39:11.326   901  1318 I WindowManager: Sleep from power button suppressed. Time since gesture: 330ms
09-27 18:39:11.332   901  1615 V FingerprintService: mDaemon was null, reconnect to fingerprint
09-27 18:39:11.334   901  1615 W FingerprintService: fingerprint HIDL not available
09-27 18:39:11.360  2338  2639 I AiAiReflection: Filtering unlaunchable event /deleted_app/4
09-27 18:39:11.361  2338  2639 I AiAiReflection: Filtering unlaunchable event /deleted_app/2
09-27 18:39:11.362  1869  7710 W DatabaseProcessor: processLocalDevices: failed to get the network info.
09-27 18:39:11.363  2338  2639 I AiAiReflection: Filtering unlaunchable event /deleted_app/1
09-27 18:39:11.364  1426  1426 I StatusBar/NavBarView: updateNavButtonIcons (b/113914868): home disabled=true mDisabledFlags=18874368
09-27 18:39:11.365  2338  2639 I AiAiReflection: Filtering unlaunchable event /deleted_app/0
09-27 18:39:11.368  1432  1432 D zz      : UtWallpaperService$UtEngine.onVisibilityChanged() true
09-27 18:39:11.370  2338  2639 I AiAiReflection: Filtering unlaunchable event /deleted_app/3
09-27 18:39:11.375  1432  1432 D zz      : UtWallpaperService$UtEngine.onVisibilityChanged() and is on lockscreen
09-27 18:39:11.375  1432  1432 D zz      : UtRenderer.onVisibleAtLockScreen() 
09-27 18:39:11.377  1432  1432 W zz      : WeatherManager.doGet() no permissions
09-27 18:39:11.380  1432  1432 W zz      : SunriseUtil.doGet() no permissions
09-27 18:39:11.380  1432  1432 V zz      : TimelapseRenderer$1.onReceive() got sunrise broadcast - false
09-27 18:39:11.401   901  1615 E WifiService: Permission violation - startScan not allowed for uid=10119, packageName=com.google.android.gms, reason=java.lang.SecurityException: Location mode is disabled for the device
09-27 18:39:11.406  2338  2639 I AiAiReflection: Filtering unlaunchable event /deleted_app/1
09-27 18:39:11.406  2338  2639 I AiAiReflection: Filtering unlaunchable event /deleted_app/2
09-27 18:39:11.408  2338  2639 I AiAiReflection: Filtering unlaunchable event /deleted_app/4
09-27 18:39:11.409  2338  2639 I AiAiReflection: Filtering unlaunchable event /deleted_app/3
09-27 18:39:11.410  2338  2639 I AiAiReflection: Filtering unlaunchable event /deleted_app/0
09-27 18:39:11.463   901   901 V SettingsProvider: Notifying for 0: content://settings/system/screen_brightness
09-27 18:39:12.339  1426  1426 D StatusBar: disable<e i a s b H R c s > disable2<q i n >
09-27 18:39:12.341   901  1615 D ActivityTaskManager: Top Process State changed to PROCESS_STATE_TOP
09-27 18:39:12.406  3219  3219 W ThreadPoolDumper: Queue length for executor EventBus is now 11. Perhaps some tasks are too long, or the pool is too small.
09-27 18:39:12.458  3219  3619 W SessionLifecycleManager: Handover failed. Creating new session controller.
09-27 18:39:12.494  2338  2639 I AiAiReflection: Filtering unlaunchable event /deleted_app/4
09-27 18:39:12.500  2338  2639 I AiAiReflection: Filtering unlaunchable event /deleted_app/2
09-27 18:39:12.504  2338  2639 I AiAiReflection: Filtering unlaunchable event /deleted_app/1
09-27 18:39:12.508  2338  2639 I AiAiReflection: Filtering unlaunchable event /deleted_app/0
09-27 18:39:12.510  1426  1426 D StatusBar: disable<e i a s b H R c s > disable2<q i n >
09-27 18:39:12.511  1426  1426 I KeyguardBouncer: KeyguardBouncer.hide (b/113914868): destroyView=true
09-27 18:39:12.511  1426  1426 D KeyguardViewMediator: adjustStatusBarLocked (b/113914868): flags=0mShowing=false mStatusBarManager=android.app.StatusBarManager@2539620 mOccluded=false isSecure=false force=false
09-27 18:39:12.512   901   943 W UsageStatsService: Event reported without a package name, eventType:18
09-27 18:39:12.512  1426  1426 D StatusBar: updateQsExpansionEnabled - QS Expand enabled: true
09-27 18:39:12.524  1426  1426 D StatusBar: disable<e i a s b h!r!c s > disable2<q i n >
09-27 18:39:12.528  1426  1426 I StatusBar/NavBarView: updateNavButtonIcons (b/113914868): home disabled=false mDisabledFlags=0
09-27 18:39:12.529  1459  1858 W System  : A resource failed to call release. 
09-27 18:39:12.529  1459  1858 W System  : A resource failed to call release. 
09-27 18:39:12.530  1426  1426 D KeyguardUpdateMonitor: onKeyguardVisibilityChanged(false)
09-27 18:39:12.536  1426  1426 D KeyguardViewMediator: adjustStatusBarLocked (b/113914868): flags=0mShowing=false mStatusBarManager=android.app.StatusBarManager@2539620 mOccluded=false isSecure=false force=false
09-27 18:39:12.537  2338  2639 I AiAiReflection: Filtering unlaunchable event /deleted_app/3
09-27 18:39:12.537   901  6710 I chatty  : uid=1000(system) Binder:901_1E expire 1 line
09-27 18:39:12.541   901   950 W BroadcastQueue: Background execution not allowed: receiving Intent { act=android.intent.action.USER_PRESENT flg=0x24200010 } to com.google.android.gms/.auth.setup.devicesignals.LockScreenReceiver
09-27 18:39:12.542  1432  1432 D zz      : UtWallpaperService$UtEngine$DeviceEventsReceiver.onReceive() user_present
09-27 18:39:12.542  1432  1432 D zz      : UtRenderer.onUserPresent() 
09-27 18:39:12.542  1432  1432 D zz      : UtRenderer.onUserPresent() and was at lock screen
09-27 18:39:12.543  2079  2079 I GsaVoiceInteractionSrv: O received Intent { act=android.intent.action.USER_PRESENT flg=0x24200010 }
09-27 18:39:12.547  2092  2092 D NfcService: MSG_APPLY_SCREEN_STATE 8
09-27 18:39:12.550   901   950 W BroadcastQueue: Background execution not allowed: receiving Intent { act=android.intent.action.USER_PRESENT flg=0x24200010 } to com.google.android.gms/.trustagent.UserPresentBroadcastReceiver
09-27 18:39:12.550   901   950 W BroadcastQueue: Background execution not allowed: receiving Intent { act=android.intent.action.USER_PRESENT flg=0x24200010 } to com.google.android.gms/.chimera.GmsIntentOperationService$PersistentTrustedReceiver
09-27 18:39:12.695  2079  2079 I GsaVoiceInteractionSrv: Handling ACTION_START_DSP_HOTWORD
09-27 18:39:12.708   637   637 D sound_trigger_hw: stdev_start_recognition:[1] Enter
09-27 18:39:12.708   637   637 D sound_trigger_platform: platform_stdev_is_session_allowed: stdev->audio_concurrency_active 0 session_allowed 1
09-27 18:39:12.708   637   637 D sound_trigger_hw: get_confidence_levels_payload: No smlib for uuid, sending opaque data
09-27 18:39:12.708   637   637 D sound_trigger_platform: platform_stdev_send_hwmad_cal: previous acdb_id 128 new acdb_id 128, sw_mad 0 return
09-27 18:39:12.708   637   637 D sound_trigger_platform: platform_stdev_send_calibration: sending afe calibration for device(1) acdb_id(128)
09-27 18:39:12.708   637   637 I ACDB-LOADER: ACDB AFE returned = -19
09-27 18:39:12.708   637   637 D sound_trigger_hw: sound_trigger_set_device: enable device (1) = listen-cpe-handset-mic
09-27 18:39:12.708   637   637 D audio_route: Apply path: listen-cpe-handset-mic
09-27 18:39:12.756   637   637 D sound_trigger_hw: cpe_reg_sm_params:[1] Enter
09-27 18:39:12.756   637   637 D sound_trigger_hw: configure_lab: media_cfg format=0, packing=1, events=0, mode=1
09-27 18:39:12.793   637   637 D sound_trigger_hw: cpe_reg_sm_params:[1] Exit, status=0
09-27 18:39:12.793   637   637 D sound_trigger_hw: reg_hal_event_session: ST_EVENT_SESSION_REGISTER capture_handle 54 pcm 0xf5c31380
09-27 18:39:12.793   637   637 D sound_trigger_hw: cpe_start:[1] Enter
09-27 18:39:12.799   637   637 D sound_trigger_hw: cpe_start:[1] Exit, status=0
09-27 18:39:12.799   637   637 D sound_trigger_hw: stdev_start_recognition:[1] Exit status 0
09-27 18:39:12.800   901  2462 I SoundTriggerHelper: startRecognition successful.
09-27 18:39:12.801  2079  2079 I GsaVoiceInteractionSrv: Start Hotword Recognition Status: true
09-27 18:39:12.805  3219  7760 W CDHeaderDataHandler: Invalid integer value "" in experiments IDs.
09-27 18:39:12.816  3219  6732 W CDHeaderDataHandler: Invalid integer value "" in experiments IDs.
09-27 18:39:12.844  1603  1603 W ChimeraUtils: Non Chimera context
09-27 18:39:12.861  1603  1603 I chatty  : uid=10119 com.google.android.gms.persistent identical 11 lines
09-27 18:39:12.895  1603  7553 I chatty  : uid=10119(com.google.android.gms) Binder:1603_10 expire 8 lines
09-27 18:39:12.926  3219  6734 W Search.LoginHelperImpl: Google auth exception for scope: oauth2:https://www.google.com/accounts/OAuthLogin
09-27 18:39:12.926  3219  6734 W Search.LoginHelperImpl: com.google.android.libraries.gcoreclient.e.b: AccountManager returned a null token
09-27 18:39:12.926  3219  6734 W Search.LoginHelperImpl: 	at com.google.android.apps.gsa.search.core.google.gaia.a.b(SourceFile:22)
09-27 18:39:12.926  3219  6734 W Search.LoginHelperImpl: 	at com.google.android.apps.gsa.search.core.google.gaia.f.b(SourceFile:35)
09-27 18:39:12.926  3219  6734 W Search.LoginHelperImpl: 	at com.google.android.apps.gsa.search.core.google.gaia.e.a(SourceFile:24)
09-27 18:39:12.926  3219  6734 W Search.LoginHelperImpl: 	at com.google.android.apps.gsa.search.core.google.gaia.e.b(SourceFile:6)
09-27 18:39:12.926  3219  6734 W Search.LoginHelperImpl: 	at com.google.android.apps.gsa.search.core.google.gaia.ab.call(SourceFile:6)
09-27 18:39:12.926  3219  6734 W Search.LoginHelperImpl: 	at java.util.concurrent.FutureTask.run(FutureTask.java:266)
09-27 18:39:12.926  3219  6734 W Search.LoginHelperImpl: 	at com.google.android.apps.gsa.shared.util.c.b.h.run(Unknown Source:3)
09-27 18:39:12.926  3219  6734 W Search.LoginHelperImpl: 	at com.google.android.apps.gsa.shared.util.c.b.bl.run(SourceFile:3)
09-27 18:39:12.926  3219  6734 W Search.LoginHelperImpl: 	at com.google.android.apps.gsa.shared.util.c.b.bl.run(SourceFile:3)
09-27 18:39:12.926  3219  6734 W Search.LoginHelperImpl: 	at java.util.concurrent.ThreadPoolExecutor.runWorker(ThreadPoolExecutor.java:1167)
09-27 18:39:12.926  3219  6734 W Search.LoginHelperImpl: 	at java.util.concurrent.ThreadPoolExecutor$Worker.run(ThreadPoolExecutor.java:641)
09-27 18:39:12.926  3219  6734 W Search.LoginHelperImpl: 	at java.lang.Thread.run(Thread.java:919)
09-27 18:39:12.926  3219  6734 W Search.LoginHelperImpl: 	at com.google.android.apps.gsa.shared.util.c.b.k.run(SourceFile:6)
09-27 18:39:12.926  3219  7760 W ErrorReporter: reportError [type: 477, code: 1441801, bug: 0]: null
09-27 18:39:12.927  3219  7760 W OAuthCookieFetcher: Failed to retrieve OAuth token
09-27 18:39:12.991  3219  6734 W Search.LoginHelperImpl: Google auth exception for scope: oauth2:https://www.google.com/accounts/OAuthLogin
09-27 18:39:12.991  3219  6734 W Search.LoginHelperImpl: com.google.android.libraries.gcoreclient.e.b: AccountManager returned a null token
09-27 18:39:12.991  3219  6734 W Search.LoginHelperImpl: 	at com.google.android.apps.gsa.search.core.google.gaia.a.b(SourceFile:22)
09-27 18:39:12.991  3219  6734 W Search.LoginHelperImpl: 	at com.google.android.apps.gsa.search.core.google.gaia.f.b(SourceFile:35)
09-27 18:39:12.991  3219  6734 W Search.LoginHelperImpl: 	at com.google.android.apps.gsa.search.core.google.gaia.e.a(SourceFile:24)
09-27 18:39:12.991  3219  6734 W Search.LoginHelperImpl: 	at com.google.android.apps.gsa.search.core.google.gaia.e.b(SourceFile:6)
09-27 18:39:12.991  3219  6734 W Search.LoginHelperImpl: 	at com.google.android.apps.gsa.search.core.google.gaia.ab.call(SourceFile:6)
09-27 18:39:12.991  3219  6734 W Search.LoginHelperImpl: 	at java.util.concurrent.FutureTask.run(FutureTask.java:266)
09-27 18:39:12.991  3219  6734 W Search.LoginHelperImpl: 	at com.google.android.apps.gsa.shared.util.c.b.h.run(Unknown Source:3)
09-27 18:39:12.991  3219  6734 W Search.LoginHelperImpl: 	at com.google.android.apps.gsa.shared.util.c.b.bl.run(SourceFile:3)
09-27 18:39:12.991  3219  6734 W Search.LoginHelperImpl: 	at com.google.android.apps.gsa.shared.util.c.b.bl.run(SourceFile:3)
09-27 18:39:12.991  3219  6734 W Search.LoginHelperImpl: 	at java.util.concurrent.ThreadPoolExecutor.runWorker(ThreadPoolExecutor.java:1167)
09-27 18:39:12.991  3219  6734 W Search.LoginHelperImpl: 	at java.util.concurrent.ThreadPoolExecutor$Worker.run(ThreadPoolExecutor.java:641)
09-27 18:39:12.991  3219  6734 W Search.LoginHelperImpl: 	at java.lang.Thread.run(Thread.java:919)
09-27 18:39:12.991  3219  6734 W Search.LoginHelperImpl: 	at com.google.android.apps.gsa.shared.util.c.b.k.run(SourceFile:6)
09-27 18:39:12.991  3219  7760 W ErrorReporter: reportError [type: 477, code: 1441801, bug: 0]: null
09-27 18:39:12.992  3219  7760 W OAuthCookieFetcher: Failed to retrieve OAuth token
09-27 18:39:13.144  3219  6732 W VelvetNetworkClient: Network error
09-27 18:39:13.144  3219  6732 W VelvetNetworkClient: com.google.android.apps.gsa.shared.o.e: Error code: 660102 | Exception in CronetUrlRequest: net::ERR_CONNECTION_REFUSED, ErrorCode=7, InternalErrorCode=-102, Retryable=false
09-27 18:39:13.144  3219  6732 W VelvetNetworkClient: 	at com.google.android.libraries.gsa.e.a.br.a(SourceFile:17)
09-27 18:39:13.144  3219  6732 W VelvetNetworkClient: 	at com.google.android.libraries.gsa.e.a.bt.onFailed(SourceFile:123)
09-27 18:39:13.144  3219  6732 W VelvetNetworkClient: 	at org.chromium.net.impl.aa.run(SourceFile:4)
09-27 18:39:13.144  3219  6732 W VelvetNetworkClient: 	at com.google.android.libraries.gsa.e.a.at.run(Unknown Source:2)
09-27 18:39:13.144  3219  6732 W VelvetNetworkClient: 	at com.google.android.libraries.gsa.n.a.j.run(Unknown Source:2)
09-27 18:39:13.144  3219  6732 W VelvetNetworkClient: 	at com.google.android.apps.gsa.shared.util.c.b.ch.a(SourceFile:2)
09-27 18:39:13.144  3219  6732 W VelvetNetworkClient: 	at com.google.android.apps.gsa.shared.util.c.b.ce.run(SourceFile:5)
09-27 18:39:13.144  3219  6732 W VelvetNetworkClient: 	at com.google.android.apps.gsa.shared.util.c.b.h.run(Unknown Source:3)
09-27 18:39:13.144  3219  6732 W VelvetNetworkClient: 	at com.google.android.apps.gsa.shared.util.c.b.bl.run(SourceFile:3)
09-27 18:39:13.144  3219  6732 W VelvetNetworkClient: 	at com.google.android.apps.gsa.shared.util.c.b.bl.run(SourceFile:3)
09-27 18:39:13.144  3219  6732 W VelvetNetworkClient: 	at java.util.concurrent.ThreadPoolExecutor.runWorker(ThreadPoolExecutor.java:1167)
09-27 18:39:13.144  3219  6732 W VelvetNetworkClient: 	at java.util.concurrent.ThreadPoolExecutor$Worker.run(ThreadPoolExecutor.java:641)
09-27 18:39:13.144  3219  6732 W VelvetNetworkClient: 	at java.lang.Thread.run(Thread.java:919)
09-27 18:39:13.144  3219  6732 W VelvetNetworkClient: 	at com.google.android.apps.gsa.shared.util.c.b.k.run(SourceFile:6)
09-27 18:39:13.144  3219  6732 W VelvetNetworkClient: Caused by: org.chromium.net.impl.ce: Exception in CronetUrlRequest: net::ERR_CONNECTION_REFUSED, ErrorCode=7, InternalErrorCode=-102, Retryable=false
09-27 18:39:13.144  3219  6732 W VelvetNetworkClient: 	at org.chromium.net.impl.CronetUrlRequest.onError(SourceFile:179)
09-27 18:39:13.498  6223  6995 E FirebaseInstanceId: Token retrieval failed: SERVICE_NOT_AVAILABLE
09-27 18:39:13.522  6223  7015 W MessengerIpcClient: Timing out request: 3
09-27 18:39:14.169  1869  7617 I chatty  : uid=10119(com.google.android.gms) expire 13 lines
09-27 18:39:14.194  1869  7745 I chatty  : uid=10119(com.google.android.gms) lowpool[15] expire 4 lines
09-27 18:39:14.214   618  7768 E ResolverController: No valid NAT64 prefix (101, <unspecified>/0)
09-27 18:39:14.288   901  1615 E WifiService: Permission violation - getScanResults not allowed for uid=10119, packageName=com.google.android.gms, reason=java.lang.SecurityException: Location mode is disabled for the device
09-27 18:39:14.293   901  2462 E WifiService: Permission violation - getScanResults not allowed for uid=10119, packageName=com.google.android.gms, reason=java.lang.SecurityException: Location mode is disabled for the device
09-27 18:39:14.302   901  2462 E WifiService: Permission violation - getScanResults not allowed for uid=10119, packageName=com.google.android.gms, reason=java.lang.SecurityException: Location mode is disabled for the device
09-27 18:39:14.309  1869  7746 I chatty  : uid=10119(com.google.android.gms) expire 5 lines
09-27 18:39:14.311   901  2462 W AppOps  : Noting op not finished: uid 10119 pkg com.google.android.gms code 41 time=1569580732440 duration=0
09-27 18:39:14.477  4254  4254 I Finsky  : [2] sfk.handleMessage(125): State changed. 
09-27 18:39:14.477  4254  4254 I Finsky  : 	Old State: DeviceState{currentTime=1569580745541, isCharging=false, isIdle=true, netAny=true, netNotRoaming=true, netUnmetered=true, batteryPercent=6.0}
09-27 18:39:14.477  4254  4254 I Finsky  : 	New State: DeviceState{currentTime=1569580754467, isCharging=false, isIdle=false, netAny=true, netNotRoaming=true, netUnmetered=true, batteryPercent=6.0}
09-27 18:39:14.488  4254  7714 I Finsky  : [103] shu.a(7): Jobs in database: 1-1337 12-1 21-333333333 26-1414141414 29-29 31-305419896 
09-27 18:39:14.494  4254  4254 I Finsky  : [2] sfk.handleMessage(68): RunningQueue size: 1, PendingQueue size: 5
09-27 18:39:14.495  4254  4254 I Finsky  : [2] sfk.handleMessage(74): Running queue: 1-1337 
09-27 18:39:15.331  7769  7769 I chatty  : uid=1000(system) expire 2 lines
09-27 18:39:15.335  7769  7769 D fpc_fingerprint_hal: fpc_module_open
09-27 18:39:15.336  7769  7769 D fpc_tac : 'modalias'='of:Nfp_fpc1020T<NULL>Cfpc,fpc10' found on  path '/sys/bus/platform/devices/soc:fp_fpc1020/'
09-27 18:39:15.337  7769  7769 D fpc_tac : 'modalias'='of:Nfp_fpc1020T<NULL>Cfpc,fpc10' found on  path '/sys/bus/platform/devices/soc:fp_fpc1020/'
09-27 18:39:15.337  7769  7769 D QSEECOMAPI: QSEECom_get_handle sb_length = 0x80
09-27 18:39:15.338  7769  7769 D QSEECOMAPI: App is not loaded in QSEE
09-27 18:39:15.338  7769  7769 D QSEECOMAPI: app_arch = 1, total_files = 8
09-27 18:39:15.559  7769  7769 D QSEECOMAPI: Loaded image: APP id = 5505027
09-27 18:39:15.563  7769  7769 E fpc_tac : fpc_tac_transfer send_cmd failed status=0 response=-11(FPC_ERROR_NOT_INITIALIZED)
09-27 18:39:15.564  7769  7769 E fpc_tac : fpc_tac_transfer send_cmd failed status=0 response=-11(FPC_ERROR_NOT_INITIALIZED)
09-27 18:39:15.564  7769  7769 D QSEECOMAPI: QSEECom_dealloc_memory 
09-27 18:39:15.564  7769  7769 D QSEECOMAPI: QSEECom_shutdown_app, app_id = 5505027
09-27 18:39:15.568  7769  7769 E fpc_fingerprint_hal: fpc_module_open failed
09-27 18:39:15.568  7769  7769 D fpc_fingerprint_hal: fpc_module_close
09-27 18:39:15.568  7769  7769 E fpc_fingerprint_hal: error: ioctl
09-27 18:39:15.568  7769  7769 E android.hardware.biometrics.fingerprint@2.1-service: Can't open fingerprint methods, error: -1
09-27 18:39:15.568  7769  7769 E android.hardware.biometrics.fingerprint@2.1-service: Can't open HAL module
09-27 18:39:15.569  7769  7769 E android.hardware.biometrics.fingerprint@2.1-service: No valid device
09-27 18:39:15.864   901   901 V SettingsProvider: Notifying for 0: content://settings/system/screen_brightness
09-27 18:39:15.864   901  1318 D WindowManager: powerPress: eventTime=411583 interactive=true count=1 beganFromNonInteractive=false mShortPressOnPowerBehavior=1
09-27 18:39:15.864   901  1318 I PowerManagerService: Going to sleep due to power_button (uid 1000)...
09-27 18:39:15.866   901   901 W UsageStatsService: Event reported without a package name, eventType:16
09-27 18:39:16.326   901   996 I DisplayPowerController: Blocking screen off
09-27 18:39:16.329   901   996 I DisplayPowerController: Unblocked screen off after 3 ms
09-27 18:39:16.362   901   996 D ActivityTaskManager: Top Process State changed to PROCESS_STATE_TOP_SLEEPING
09-27 18:39:16.421   502   502 I SDM     : DisplayBase::SetDisplayState: Set state = 0, display 0
09-27 18:39:16.424   901   943 I DisplayManagerService: Display device changed state: "", OFF
09-27 18:39:16.447  1432  1432 D zz      : UtWallpaperService$UtEngine.onVisibilityChanged() false
09-27 18:39:16.454  1432  1432 D zz      : UtRenderer.onNotVisible() 
09-27 18:39:16.497  2079  2079 I GsaVoiceInteractionSrv: Handling ACTION_STOP_DSP_HOTWORD
09-27 18:39:16.501   637   637 D sound_trigger_hw: stdev_stop_recognition:[1] Enter
09-27 18:39:16.501   637   637 D sound_trigger_hw: dereg_hal_event_session: ST_EVENT_SESSION_DEREGISTER capture_handle 54 pcm 0xf5c31380
09-27 18:39:16.501   637   637 I sound_trigger_hw: cpe_stop:[1] Enter
09-27 18:39:16.518   637   637 D sound_trigger_hw: cpe_stop:[1] Exit, status=0
09-27 18:39:16.518   637   637 D sound_trigger_hw: sound_trigger_set_device: disable device (1) = listen-cpe-handset-mic
09-27 18:39:16.524   637   637 D sound_trigger_hw: cpe_dereg_sm_params:[1] Enter
09-27 18:39:16.524   637   637 D sound_trigger_hw: stdev_stop_recognition:[1] Exit status 0
09-27 18:39:16.528  2079  2079 I GsaVoiceInteractionSrv: Stop Hotword Recognition status: true
09-27 18:39:16.534  3219  3619 I PBSessionCacheImpl: Deleted sessionId[1390085342245] from persistence.
09-27 18:39:16.585  3219  3619 W SearchServiceCore: Abort, client detached.
09-27 18:39:16.637   901   996 I DreamManagerService: Entering dreamland.
09-27 18:39:16.638   901   996 I PowerManagerService: Dozing...
09-27 18:39:16.639   901   940 I DreamController: Starting dream: name=ComponentInfo{com.android.systemui/com.android.systemui.doze.DozeService}, isTest=false, canDoze=true, userId=0
09-27 18:39:16.643  1426  1426 V StatusBar: mStatusBarWindow: com.android.systemui.statusbar.phone.StatusBarWindowView{b54f474 V.E...... ......ID 0,0-1440,84} canPanelBeCollapsed(): false
09-27 18:39:16.670  1426  1426 D StatusBar: updateQsExpansionEnabled - QS Expand enabled: false
09-27 18:39:16.681  1426  1426 D StatusBar: updateQsExpansionEnabled - QS Expand enabled: false
09-27 18:39:16.724  1426  1426 D StatusBar: disable<e i a s b h r c s > disable2<q i n >
09-27 18:39:16.748  1426  1426 D StatusBar: disable<e i a s b h r c s > disable2<q i n >
09-27 18:39:16.793  1426  1426 D StatusBar: disable<e i a s b h r c s > disable2<q i n >
09-27 18:39:16.793  1426  1426 W View    : requestLayout() improperly called by com.android.systemui.statusbar.notification.stack.NotificationStackScrollLayout{9773369 V.ED..... ......ID 0,0-1440,2280 #7f0a02bf app:id/notification_stack_scroller} during layout: running second layout pass
09-27 18:39:16.794  1426  1426 W View    : requestLayout() improperly called by com.android.keyguard.CarrierText{d1a2ff V.ED..... ......ID 56,0-1156,140 #7f0a01f1 app:id/keyguard_carrier_text} during layout: running second layout pass
09-27 18:39:16.807  1455  1455 I DeviceStatusMonitor: onReceive() : Action = android.intent.action.SCREEN_OFF
09-27 18:39:16.814  1432  1432 D zz      : UtWallpaperService$UtEngine$DeviceEventsReceiver.onReceive() screen-off
09-27 18:39:16.814  1432  1432 D zz      : UtRenderer.onScreenOff() 
09-27 18:39:16.914  1426  1515 I ndroid.systemu: NativeAlloc concurrent copying GC freed 72506(2516KB) AllocSpace objects, 0(0B) LOS objects, 49% free, 8377KB/16MB, paused 71us total 119.419ms
09-27 18:39:17.004   901   943 W UsageStatsService: Event reported without a package name, eventType:17
09-27 18:39:17.013  1426  1426 D StatusBar: disable<e i a s b h r c s > disable2<q i n >
09-27 18:39:17.014  1426  1426 D StatusBar: disable<e i a s b h r c s > disable2<q i n >
09-27 18:39:17.014  1426  1426 I KeyguardBouncer: KeyguardBouncer.hide (b/113914868): destroyView=false
09-27 18:39:17.016  1426  1426 D KeyguardViewMediator: adjustStatusBarLocked (b/113914868): flags=18874368mShowing=true mStatusBarManager=android.app.StatusBarManager@2539620 mOccluded=false isSecure=false force=false
09-27 18:39:17.017   901  2462 I chatty  : uid=1000(system) Binder:901_E expire 3 lines
09-27 18:39:17.020   901  1615 V FingerprintService: mDaemon was null, reconnect to fingerprint
09-27 18:39:17.023   901  1615 W FingerprintService: fingerprint HIDL not available
09-27 18:39:17.023  1426  1426 D KeyguardUpdateMonitor: onKeyguardVisibilityChanged(true)
09-27 18:39:17.030   901  1615 V FingerprintService: mDaemon was null, reconnect to fingerprint
09-27 18:39:17.032   901  1615 W FingerprintService: fingerprint HIDL not available
09-27 18:39:17.034  1426  1426 D KeyguardViewMediator: adjustStatusBarLocked (b/113914868): flags=18874368mShowing=true mStatusBarManager=android.app.StatusBarManager@2539620 mOccluded=false isSecure=false force=false
09-27 18:39:17.038   901  1615 V FingerprintService: mDaemon was null, reconnect to fingerprint
09-27 18:39:17.040   901  1615 W FingerprintService: fingerprint HIDL not available
09-27 18:39:17.043   901  2462 V FingerprintService: mDaemon was null, reconnect to fingerprint
09-27 18:39:17.045   901  2462 W FingerprintService: fingerprint HIDL not available
09-27 18:39:17.046  1426  1426 D StatusBar: disable<e i a s b H!R!c s > disable2<q i n >
09-27 18:39:17.047  1426  1426 I StatusBar/NavBarView: updateNavButtonIcons (b/113914868): home disabled=true mDisabledFlags=18874368
09-27 18:39:17.048  1426  1426 D StatusBar: disable<e i a s b H R c s > disable2<q i n >
09-27 18:39:17.049  1426  1426 I chatty  : uid=10125(com.android.systemui) identical 9 lines
09-27 18:39:17.049  1426  1426 D StatusBar: disable<e i a s b H R c s > disable2<q i n >
09-27 18:39:17.079   901  1615 V FingerprintService: mDaemon was null, reconnect to fingerprint
09-27 18:39:17.081   901  1615 W FingerprintService: fingerprint HIDL not available
09-27 18:39:17.090  2092  2092 D NfcService: MSG_APPLY_SCREEN_STATE 2
09-27 18:39:17.159  1426  1426 I StatusBar/NavBarView: updateNavButtonIcons (b/113914868): home disabled=true mDisabledFlags=18874368
09-27 18:39:17.585  4254  4254 I Finsky  : [2] sfk.handleMessage(125): State changed. 
09-27 18:39:17.585  4254  4254 I Finsky  : 	Old State: DeviceState{currentTime=1569580754467, isCharging=false, isIdle=false, netAny=true, netNotRoaming=true, netUnmetered=true, batteryPercent=6.0}
09-27 18:39:17.585  4254  4254 I Finsky  : 	New State: DeviceState{currentTime=1569580757577, isCharging=false, isIdle=true, netAny=true, netNotRoaming=true, netUnmetered=true, batteryPercent=6.0}
09-27 18:39:17.595  4254  7714 I Finsky  : [103] shu.a(7): Jobs in database: 1-1337 12-1 21-333333333 26-1414141414 29-29 31-305419896 
09-27 18:39:17.601  4254  4254 I Finsky  : [2] sfk.handleMessage(68): RunningQueue size: 1, PendingQueue size: 5
09-27 18:39:17.601  4254  4254 I Finsky  : [2] sfk.handleMessage(74): Running queue: 1-1337 
09-27 18:39:19.663   653   831 I nanohub : osLog: [PickupGesture] sending event 0x00000001
09-27 18:39:19.667   653   831 I nanohub : osLog: [AR_CHRE] activity powered off
09-27 18:39:19.669   653   831 I nanohub : osLog: [PickupGesture] power: 0
09-27 18:39:19.690   901  3244 I PowerManagerService: Waking up from Dozing (uid=10125, reason=WAKE_REASON_GESTURE, details=com.android.systemui:NODOZE)...
09-27 18:39:19.692   901   901 W UsageStatsService: Event reported without a package name, eventType:15
09-27 18:39:19.712   901   996 I DisplayPowerController: Blocking screen on until initial contents have been drawn.
09-27 18:39:19.735   901   943 I DisplayManagerService: Display device changed state: "", ON
09-27 18:39:19.743   502   502 I SDM     : DisplayBase::SetDisplayState: Set state = 1, display 0
09-27 18:39:19.744   653   831 I nanohub : osLog: [PickupGesture] power: 1
09-27 18:39:19.747   653   831 I nanohub : osLog: [AR_CHRE] activity powered on
09-27 18:39:19.776  1455  1455 I DeviceStatusMonitor: onReceive() : Action = android.intent.action.SCREEN_ON
09-27 18:39:19.777   500  1307 I chatty  : uid=1000(system) Binder:500_4 expire 1 line
09-27 18:39:19.780  1432  1432 D zz      : UtWallpaperService$UtEngine$DeviceEventsReceiver.onReceive() screen-on
09-27 18:39:19.780  1432  1432 D zz      : UtRenderer.onScreenOn() and is visible? false
09-27 18:39:19.900   901  4021 V FingerprintService: mDaemon was null, reconnect to fingerprint
09-27 18:39:19.902   901  4021 W FingerprintService: fingerprint HIDL not available
09-27 18:39:19.905  1426  1426 D StatusBar: disable<e i a s b H R c s > disable2<q i n >
09-27 18:39:19.905  1426  1426 D StatusBar: disable<e i a s b H R c s > disable2<q i n >
09-27 18:39:19.905  1426  1426 D StatusBar: updateQsExpansionEnabled - QS Expand enabled: true
09-27 18:39:19.917  1426  1426 D StatusBar: updateQsExpansionEnabled - QS Expand enabled: true
09-27 18:39:20.098   901   996 I DisplayPowerController: Unblocked screen on after 386 ms
09-27 18:39:20.099   901   996 W PowerManagerService: Screen on took 412 ms
09-27 18:39:20.100   901   996 I DreamManagerService: Gently waking up from dream.
09-27 18:39:20.100   901   940 I DreamManagerService: Performing gentle wake from dream.
09-27 18:39:20.102  2092  2092 D NfcService: MSG_APPLY_SCREEN_STATE 4
09-27 18:39:20.118   901  2462 I DreamManagerService: Leaving dreamland.
09-27 18:39:20.118   901   940 I DreamManagerService: Performing gentle wake from dream.
09-27 18:39:20.118   901   940 I DreamController: Stopping dream: name=ComponentInfo{com.android.systemui/com.android.systemui.doze.DozeService}, isTest=false, canDoze=true, userId=0
09-27 18:39:20.129   901   925 V FingerprintService: mDaemon was null, reconnect to fingerprint
09-27 18:39:20.131   901   925 W FingerprintService: fingerprint HIDL not available
09-27 18:39:20.134   653   831 I nanohub : osLog: [PickupGesture] power: 0
09-27 18:39:20.149   653   831 I nanohub : osLog: [AR_CHRE] activity powered off
09-27 18:39:20.155  2338  2639 I AiAiReflection: Filtering unlaunchable event /deleted_app/4
09-27 18:39:20.157  2338  2639 I AiAiReflection: Filtering unlaunchable event /deleted_app/2
09-27 18:39:20.158  2338  2639 I AiAiReflection: Filtering unlaunchable event /deleted_app/1
09-27 18:39:20.160  2338  2639 I AiAiReflection: Filtering unlaunchable event /deleted_app/0
09-27 18:39:20.161  1432  1432 D zz      : UtWallpaperService$UtEngine.onVisibilityChanged() true
09-27 18:39:20.162  2338  2639 I AiAiReflection: Filtering unlaunchable event /deleted_app/3
09-27 18:39:20.167  1432  1432 D zz      : UtWallpaperService$UtEngine.onVisibilityChanged() and is on lockscreen
09-27 18:39:20.167  1432  1432 D zz      : UtRenderer.onVisibleAtLockScreen() 
09-27 18:39:20.170  1426  1426 I StatusBar/NavBarView: updateNavButtonIcons (b/113914868): home disabled=true mDisabledFlags=18874368
09-27 18:39:20.177  1432  1432 W zz      : WeatherManager.doGet() no permissions
09-27 18:39:20.178  1432  1432 W zz      : SunriseUtil.doGet() no permissions
09-27 18:39:20.180  1432  1432 V zz      : TimelapseRenderer$1.onReceive() got sunrise broadcast - false
09-27 18:39:20.189  2338  2639 I AiAiReflection: Filtering unlaunchable event /deleted_app/1
09-27 18:39:20.189  2338  2639 I AiAiReflection: Filtering unlaunchable event /deleted_app/2
09-27 18:39:20.190  2338  2639 I AiAiReflection: Filtering unlaunchable event /deleted_app/4
09-27 18:39:20.191  2338  2639 I AiAiReflection: Filtering unlaunchable event /deleted_app/3
09-27 18:39:20.191   901  4021 E WifiService: Permission violation - startScan not allowed for uid=10119, packageName=com.google.android.gms, reason=java.lang.SecurityException: Location mode is disabled for the device
09-27 18:39:20.191  2338  2639 I AiAiReflection: Filtering unlaunchable event /deleted_app/0
09-27 18:39:20.332  7789  7789 I chatty  : uid=1000(system) expire 2 lines
09-27 18:39:20.335  7789  7789 D fpc_fingerprint_hal: fpc_module_open
09-27 18:39:20.337  7789  7789 D fpc_tac : 'modalias'='of:Nfp_fpc1020T<NULL>Cfpc,fpc10' found on  path '/sys/bus/platform/devices/soc:fp_fpc1020/'
09-27 18:39:20.338  7789  7789 D fpc_tac : 'modalias'='of:Nfp_fpc1020T<NULL>Cfpc,fpc10' found on  path '/sys/bus/platform/devices/soc:fp_fpc1020/'
09-27 18:39:20.338  7789  7789 D QSEECOMAPI: QSEECom_get_handle sb_length = 0x80
09-27 18:39:20.339  7789  7789 D QSEECOMAPI: App is not loaded in QSEE
09-27 18:39:20.339  7789  7789 D QSEECOMAPI: app_arch = 1, total_files = 8
09-27 18:39:20.618  7789  7789 D QSEECOMAPI: Loaded image: APP id = 5570563
09-27 18:39:20.622  7789  7789 E fpc_tac : fpc_tac_transfer send_cmd failed status=0 response=-11(FPC_ERROR_NOT_INITIALIZED)
09-27 18:39:20.624  7789  7789 E fpc_tac : fpc_tac_transfer send_cmd failed status=0 response=-11(FPC_ERROR_NOT_INITIALIZED)
09-27 18:39:20.625  7789  7789 D QSEECOMAPI: QSEECom_dealloc_memory 
09-27 18:39:20.625  7789  7789 D QSEECOMAPI: QSEECom_shutdown_app, app_id = 5570563
09-27 18:39:20.629  7789  7789 E fpc_fingerprint_hal: fpc_module_open failed
09-27 18:39:20.629  7789  7789 D fpc_fingerprint_hal: fpc_module_close
09-27 18:39:20.629  7789  7789 E fpc_fingerprint_hal: error: ioctl
09-27 18:39:20.629  7789  7789 E android.hardware.biometrics.fingerprint@2.1-service: Can't open fingerprint methods, error: -1
09-27 18:39:20.629  7789  7789 E android.hardware.biometrics.fingerprint@2.1-service: Can't open HAL module
09-27 18:39:20.630  7789  7789 E android.hardware.biometrics.fingerprint@2.1-service: No valid device
09-27 18:39:20.683  4254  4254 I Finsky  : [2] sfk.handleMessage(125): State changed. 
09-27 18:39:20.683  4254  4254 I Finsky  : 	Old State: DeviceState{currentTime=1569580757577, isCharging=false, isIdle=true, netAny=true, netNotRoaming=true, netUnmetered=true, batteryPercent=6.0}
09-27 18:39:20.683  4254  4254 I Finsky  : 	New State: DeviceState{currentTime=1569580760678, isCharging=false, isIdle=false, netAny=true, netNotRoaming=true, netUnmetered=true, batteryPercent=6.0}
09-27 18:39:20.693  4254  7714 I Finsky  : [103] shu.a(7): Jobs in database: 1-1337 12-1 21-333333333 26-1414141414 29-29 31-305419896 
09-27 18:39:20.699  4254  4254 I Finsky  : [2] sfk.handleMessage(68): RunningQueue size: 1, PendingQueue size: 5
09-27 18:39:20.699  4254  4254 I Finsky  : [2] sfk.handleMessage(74): Running queue: 1-1337 
09-27 18:39:21.850  1426  1426 D StatusBar: disable<e i a s b H R c s > disable2<q i n >
09-27 18:39:21.858   901  2330 D ActivityTaskManager: Top Process State changed to PROCESS_STATE_TOP
09-27 18:39:21.913  3219  3619 W SessionLifecycleManager: Handover failed. Creating new session controller.
09-27 18:39:21.965  3219  3616 W ThreadPoolDumper: Queue length for executor EventBus is now 11. Perhaps some tasks are too long, or the pool is too small.
09-27 18:39:21.992  2338  2639 I AiAiReflection: Filtering unlaunchable event /deleted_app/4
09-27 18:39:21.998  2338  2639 I AiAiReflection: Filtering unlaunchable event /deleted_app/2
09-27 18:39:21.999  2338  2639 I AiAiReflection: Filtering unlaunchable event /deleted_app/1
09-27 18:39:22.000  2338  2639 I AiAiReflection: Filtering unlaunchable event /deleted_app/0
09-27 18:39:22.003  2338  2639 I AiAiReflection: Filtering unlaunchable event /deleted_app/3
09-27 18:39:22.024  1426  1426 D StatusBar: disable<e i a s b H R c s > disable2<q i n >
09-27 18:39:22.024  1426  1426 I KeyguardBouncer: KeyguardBouncer.hide (b/113914868): destroyView=true
09-27 18:39:22.025  1426  1426 D KeyguardViewMediator: adjustStatusBarLocked (b/113914868): flags=0mShowing=false mStatusBarManager=android.app.StatusBarManager@2539620 mOccluded=false isSecure=false force=false
09-27 18:39:22.026   901   925 I chatty  : uid=1000(system) Binder:901_1 expire 2 lines
09-27 18:39:22.026  1426  1426 D StatusBar: updateQsExpansionEnabled - QS Expand enabled: true
09-27 18:39:22.027   901   943 W UsageStatsService: Event reported without a package name, eventType:18
09-27 18:39:22.039  1426  1426 D StatusBar: disable<e i a s b h!r!c s > disable2<q i n >
09-27 18:39:22.043  1426  1426 I StatusBar/NavBarView: updateNavButtonIcons (b/113914868): home disabled=false mDisabledFlags=0
09-27 18:39:22.046  1426  1426 D KeyguardUpdateMonitor: onKeyguardVisibilityChanged(false)
09-27 18:39:22.049  1426  1426 D KeyguardViewMediator: adjustStatusBarLocked (b/113914868): flags=0mShowing=false mStatusBarManager=android.app.StatusBarManager@2539620 mOccluded=false isSecure=false force=false
09-27 18:39:22.069  1432  1432 D zz      : UtWallpaperService$UtEngine$DeviceEventsReceiver.onReceive() user_present
09-27 18:39:22.069  1432  1432 D zz      : UtRenderer.onUserPresent() 
09-27 18:39:22.069  1432  1432 D zz      : UtRenderer.onUserPresent() and was at lock screen
09-27 18:39:22.069   901   950 W BroadcastQueue: Background execution not allowed: receiving Intent { act=android.intent.action.USER_PRESENT flg=0x24200010 } to com.google.android.gms/.auth.setup.devicesignals.LockScreenReceiver
09-27 18:39:22.070   901   950 W BroadcastQueue: Background execution not allowed: receiving Intent { act=android.intent.action.USER_PRESENT flg=0x24200010 } to com.google.android.gms/.trustagent.UserPresentBroadcastReceiver
09-27 18:39:22.070   901   950 W BroadcastQueue: Background execution not allowed: receiving Intent { act=android.intent.action.USER_PRESENT flg=0x24200010 } to com.google.android.gms/.chimera.GmsIntentOperationService$PersistentTrustedReceiver
09-27 18:39:22.070  2079  2079 I GsaVoiceInteractionSrv: O received Intent { act=android.intent.action.USER_PRESENT flg=0x24200010 }
09-27 18:39:22.071  2092  2092 D NfcService: MSG_APPLY_SCREEN_STATE 8
09-27 18:39:22.098  2079  2079 I GsaVoiceInteractionSrv: Handling ACTION_START_DSP_HOTWORD
09-27 18:39:22.116   637   637 D sound_trigger_hw: stdev_start_recognition:[1] Enter
09-27 18:39:22.117   637   637 D sound_trigger_platform: platform_stdev_is_session_allowed: stdev->audio_concurrency_active 0 session_allowed 1
09-27 18:39:22.117   637   637 D sound_trigger_hw: get_confidence_levels_payload: No smlib for uuid, sending opaque data
09-27 18:39:22.117   637   637 D sound_trigger_platform: platform_stdev_send_hwmad_cal: previous acdb_id 128 new acdb_id 128, sw_mad 0 return
09-27 18:39:22.117   637   637 D sound_trigger_platform: platform_stdev_send_calibration: sending afe calibration for device(1) acdb_id(128)
09-27 18:39:22.117   637   637 I ACDB-LOADER: ACDB AFE returned = -19
09-27 18:39:22.117   637   637 D sound_trigger_hw: sound_trigger_set_device: enable device (1) = listen-cpe-handset-mic
09-27 18:39:22.117   637   637 D audio_route: Apply path: listen-cpe-handset-mic
09-27 18:39:22.181   637   637 D sound_trigger_hw: cpe_reg_sm_params:[1] Enter
09-27 18:39:22.181   637   637 D sound_trigger_hw: configure_lab: media_cfg format=0, packing=1, events=0, mode=1
09-27 18:39:22.220   637   637 D sound_trigger_hw: cpe_reg_sm_params:[1] Exit, status=0
09-27 18:39:22.220   637   637 D sound_trigger_hw: reg_hal_event_session: ST_EVENT_SESSION_REGISTER capture_handle 54 pcm 0xf5c31380
09-27 18:39:22.220   637   637 D sound_trigger_hw: cpe_start:[1] Enter
09-27 18:39:22.225   637   637 D sound_trigger_hw: cpe_start:[1] Exit, status=0
09-27 18:39:22.225   637   637 D sound_trigger_hw: stdev_start_recognition:[1] Exit status 0
09-27 18:39:22.225   901   925 I SoundTriggerHelper: startRecognition successful.
09-27 18:39:22.225  3219  6734 W CDHeaderDataHandler: Invalid integer value "" in experiments IDs.
09-27 18:39:22.226  2079  2079 I GsaVoiceInteractionSrv: Start Hotword Recognition Status: true
09-27 18:39:22.234  3219  7760 W CDHeaderDataHandler: Invalid integer value "" in experiments IDs.
09-27 18:39:22.358  1603  2848 I chatty  : uid=10119(com.google.android.gms) Binder:1603_7 expire 12 lines
09-27 18:39:22.389  3219  6734 W Search.LoginHelperImpl: Google auth exception for scope: oauth2:https://www.google.com/accounts/OAuthLogin
09-27 18:39:22.389  3219  6734 W Search.LoginHelperImpl: com.google.android.libraries.gcoreclient.e.b: AccountManager returned a null token
09-27 18:39:22.389  3219  6734 W Search.LoginHelperImpl: 	at com.google.android.apps.gsa.search.core.google.gaia.a.b(SourceFile:22)
09-27 18:39:22.389  3219  6734 W Search.LoginHelperImpl: 	at com.google.android.apps.gsa.search.core.google.gaia.f.b(SourceFile:35)
09-27 18:39:22.389  3219  6734 W Search.LoginHelperImpl: 	at com.google.android.apps.gsa.search.core.google.gaia.e.a(SourceFile:24)
09-27 18:39:22.389  3219  6734 W Search.LoginHelperImpl: 	at com.google.android.apps.gsa.search.core.google.gaia.e.b(SourceFile:6)
09-27 18:39:22.389  3219  6734 W Search.LoginHelperImpl: 	at com.google.android.apps.gsa.search.core.google.gaia.ab.call(SourceFile:6)
09-27 18:39:22.389  3219  6734 W Search.LoginHelperImpl: 	at java.util.concurrent.FutureTask.run(FutureTask.java:266)
09-27 18:39:22.389  3219  6734 W Search.LoginHelperImpl: 	at com.google.android.apps.gsa.shared.util.c.b.h.run(Unknown Source:3)
09-27 18:39:22.389  3219  6734 W Search.LoginHelperImpl: 	at com.google.android.apps.gsa.shared.util.c.b.bl.run(SourceFile:3)
09-27 18:39:22.389  3219  6734 W Search.LoginHelperImpl: 	at com.google.android.apps.gsa.shared.util.c.b.bl.run(SourceFile:3)
09-27 18:39:22.389  3219  6734 W Search.LoginHelperImpl: 	at java.util.concurrent.ThreadPoolExecutor.runWorker(ThreadPoolExecutor.java:1167)
09-27 18:39:22.389  3219  6734 W Search.LoginHelperImpl: 	at java.util.concurrent.ThreadPoolExecutor$Worker.run(ThreadPoolExecutor.java:641)
09-27 18:39:22.389  3219  6734 W Search.LoginHelperImpl: 	at java.lang.Thread.run(Thread.java:919)
09-27 18:39:22.389  3219  6734 W Search.LoginHelperImpl: 	at com.google.android.apps.gsa.shared.util.c.b.k.run(SourceFile:6)
09-27 18:39:22.390  3219  3647 W ErrorReporter: reportError [type: 477, code: 1441801, bug: 0]: null
09-27 18:39:22.390  3219  3647 W OAuthCookieFetcher: Failed to retrieve OAuth token
09-27 18:39:22.454  3219  6734 W Search.LoginHelperImpl: Google auth exception for scope: oauth2:https://www.google.com/accounts/OAuthLogin
09-27 18:39:22.454  3219  6734 W Search.LoginHelperImpl: com.google.android.libraries.gcoreclient.e.b: AccountManager returned a null token
09-27 18:39:22.454  3219  6734 W Search.LoginHelperImpl: 	at com.google.android.apps.gsa.search.core.google.gaia.a.b(SourceFile:22)
09-27 18:39:22.454  3219  6734 W Search.LoginHelperImpl: 	at com.google.android.apps.gsa.search.core.google.gaia.f.b(SourceFile:35)
09-27 18:39:22.454  3219  6734 W Search.LoginHelperImpl: 	at com.google.android.apps.gsa.search.core.google.gaia.e.a(SourceFile:24)
09-27 18:39:22.454  3219  6734 W Search.LoginHelperImpl: 	at com.google.android.apps.gsa.search.core.google.gaia.e.b(SourceFile:6)
09-27 18:39:22.454  3219  6734 W Search.LoginHelperImpl: 	at com.google.android.apps.gsa.search.core.google.gaia.ab.call(SourceFile:6)
09-27 18:39:22.454  3219  6734 W Search.LoginHelperImpl: 	at java.util.concurrent.FutureTask.run(FutureTask.java:266)
09-27 18:39:22.454  3219  6734 W Search.LoginHelperImpl: 	at com.google.android.apps.gsa.shared.util.c.b.h.run(Unknown Source:3)
09-27 18:39:22.454  3219  6734 W Search.LoginHelperImpl: 	at com.google.android.apps.gsa.shared.util.c.b.bl.run(SourceFile:3)
09-27 18:39:22.454  3219  6734 W Search.LoginHelperImpl: 	at com.google.android.apps.gsa.shared.util.c.b.bl.run(SourceFile:3)
09-27 18:39:22.454  3219  6734 W Search.LoginHelperImpl: 	at java.util.concurrent.ThreadPoolExecutor.runWorker(ThreadPoolExecutor.java:1167)
09-27 18:39:22.454  3219  6734 W Search.LoginHelperImpl: 	at java.util.concurrent.ThreadPoolExecutor$Worker.run(ThreadPoolExecutor.java:641)
09-27 18:39:22.454  3219  6734 W Search.LoginHelperImpl: 	at java.lang.Thread.run(Thread.java:919)
09-27 18:39:22.454  3219  6734 W Search.LoginHelperImpl: 	at com.google.android.apps.gsa.shared.util.c.b.k.run(SourceFile:6)
09-27 18:39:22.455  3219  3647 W ErrorReporter: reportError [type: 477, code: 1441801, bug: 0]: null
09-27 18:39:22.455  3219  3647 W OAuthCookieFetcher: Failed to retrieve OAuth token
09-27 18:39:22.513  3219  7760 W VelvetNetworkClient: Network error
09-27 18:39:22.513  3219  7760 W VelvetNetworkClient: com.google.android.apps.gsa.shared.o.e: Error code: 660102 | Exception in CronetUrlRequest: net::ERR_CONNECTION_REFUSED, ErrorCode=7, InternalErrorCode=-102, Retryable=false
09-27 18:39:22.513  3219  7760 W VelvetNetworkClient: 	at com.google.android.libraries.gsa.e.a.br.a(SourceFile:17)
09-27 18:39:22.513  3219  7760 W VelvetNetworkClient: 	at com.google.android.libraries.gsa.e.a.bt.onFailed(SourceFile:123)
09-27 18:39:22.513  3219  7760 W VelvetNetworkClient: 	at org.chromium.net.impl.aa.run(SourceFile:4)
09-27 18:39:22.513  3219  7760 W VelvetNetworkClient: 	at com.google.android.libraries.gsa.e.a.at.run(Unknown Source:2)
09-27 18:39:22.513  3219  7760 W VelvetNetworkClient: 	at com.google.android.libraries.gsa.n.a.j.run(Unknown Source:2)
09-27 18:39:22.513  3219  7760 W VelvetNetworkClient: 	at com.google.android.apps.gsa.shared.util.c.b.ch.a(SourceFile:2)
09-27 18:39:22.513  3219  7760 W VelvetNetworkClient: 	at com.google.android.apps.gsa.shared.util.c.b.ce.run(SourceFile:5)
09-27 18:39:22.513  3219  7760 W VelvetNetworkClient: 	at com.google.android.apps.gsa.shared.util.c.b.h.run(Unknown Source:3)
09-27 18:39:22.513  3219  7760 W VelvetNetworkClient: 	at com.google.android.apps.gsa.shared.util.c.b.bl.run(SourceFile:3)
09-27 18:39:22.513  3219  7760 W VelvetNetworkClient: 	at com.google.android.apps.gsa.shared.util.c.b.bl.run(SourceFile:3)
09-27 18:39:22.513  3219  7760 W VelvetNetworkClient: 	at java.util.concurrent.ThreadPoolExecutor.runWorker(ThreadPoolExecutor.java:1167)
09-27 18:39:22.513  3219  7760 W VelvetNetworkClient: 	at java.util.concurrent.ThreadPoolExecutor$Worker.run(ThreadPoolExecutor.java:641)
09-27 18:39:22.513  3219  7760 W VelvetNetworkClient: 	at java.lang.Thread.run(Thread.java:919)
09-27 18:39:22.513  3219  7760 W VelvetNetworkClient: 	at com.google.android.apps.gsa.shared.util.c.b.k.run(SourceFile:6)
09-27 18:39:22.513  3219  7760 W VelvetNetworkClient: Caused by: org.chromium.net.impl.ce: Exception in CronetUrlRequest: net::ERR_CONNECTION_REFUSED, ErrorCode=7, InternalErrorCode=-102, Retryable=false
09-27 18:39:22.513  3219  7760 W VelvetNetworkClient: 	at org.chromium.net.impl.CronetUrlRequest.onError(SourceFile:179)
09-27 18:39:25.341  7804  7804 I chatty  : uid=1000(system) expire 2 lines
09-27 18:39:25.343  7804  7804 D fpc_fingerprint_hal: fpc_module_open
09-27 18:39:25.344  7804  7804 D fpc_tac : 'modalias'='of:Nfp_fpc1020T<NULL>Cfpc,fpc10' found on  path '/sys/bus/platform/devices/soc:fp_fpc1020/'
09-27 18:39:25.345  7804  7804 D fpc_tac : 'modalias'='of:Nfp_fpc1020T<NULL>Cfpc,fpc10' found on  path '/sys/bus/platform/devices/soc:fp_fpc1020/'
09-27 18:39:25.345  7804  7804 D QSEECOMAPI: QSEECom_get_handle sb_length = 0x80
09-27 18:39:25.346  7804  7804 D QSEECOMAPI: App is not loaded in QSEE
09-27 18:39:25.346  7804  7804 D QSEECOMAPI: app_arch = 1, total_files = 8
09-27 18:39:25.574  7804  7804 D QSEECOMAPI: Loaded image: APP id = 5636099
09-27 18:39:25.577  7804  7804 E fpc_tac : fpc_tac_transfer send_cmd failed status=0 response=-11(FPC_ERROR_NOT_INITIALIZED)
09-27 18:39:25.578  7804  7804 E fpc_tac : fpc_tac_transfer send_cmd failed status=0 response=-11(FPC_ERROR_NOT_INITIALIZED)
09-27 18:39:25.578  7804  7804 D QSEECOMAPI: QSEECom_dealloc_memory 
09-27 18:39:25.578  7804  7804 D QSEECOMAPI: QSEECom_shutdown_app, app_id = 5636099
09-27 18:39:25.582  7804  7804 E fpc_fingerprint_hal: fpc_module_open failed
09-27 18:39:25.582  7804  7804 D fpc_fingerprint_hal: fpc_module_close
09-27 18:39:25.582  7804  7804 E fpc_fingerprint_hal: error: ioctl
09-27 18:39:25.582  7804  7804 E android.hardware.biometrics.fingerprint@2.1-service: Can't open fingerprint methods, error: -1
09-27 18:39:25.582  7804  7804 E android.hardware.biometrics.fingerprint@2.1-service: Can't open HAL module
09-27 18:39:25.583  7804  7804 E android.hardware.biometrics.fingerprint@2.1-service: No valid device
09-27 18:39:27.709   901   901 V SettingsProvider: Notifying for 0: content://settings/system/screen_brightness
09-27 18:39:28.357  4421  4661 I chatty  : uid=10119(com.google.android.gms) Binder:4421_1 expire 3 lines
