09-27 18:39:39.867  6039  7927 D Unity   : order_clamp GL_EXT_EGL_image_external_wrap_modes GL_EXT_multisampled_render_to_texture GL_EXT_multisampled_render_to_texture2 GL_OES_shader_multisample_interpolation GL_EXT_texture_cube_map_array GL_EXT_draw_buffers_indexed GL_EXT_gpu_shader5 GL_EXT_robustness GL_EXT_texture_buffer GL_EXT_shader_framebuffer_fetch GL_ARM_shader_framebuffer_fetch_depth_stencil GL_OES_texture_storage_multisample_2d_array GL_OES_sample_shading GL_OES_get_program_binary GL_EXT_debug_label GL_KHR_blend_equation_advanced GL_KHR_blend_equation_advanced_coherent GL_QCOM_tiled_rendering GL_ANDROID_extension_pack_es31a GL_EXT_primitive_bounding_box GL_OES_standard_derivatives GL_OES_vertex_array_object GL_EXT_disjoint_timer_query GL_KHR_debug GL_EXT_YUV_target GL_EXT_sRGB_write_control GL_EXT_texture_norm16 GL_EXT_discard_framebuffer GL_OES_surfaceless_context GL_OVR_multiview GL_OVR_multiview2 GL_EXT_texture_sRGB_R8 GL_KHR_no_error GL_EXT_debug_marker GL_OES_EGL_image_external_essl3 GL_OVR_multiview_multisampled_render_to_texture GL_E
09-27 18:39:39.867  6039  7927 D Unity   : XT_buffer_storage GL_EXT_external_buffer GL_EXT_blit_framebuffer_params GL_EXT_clip_cull_distance GL_EXT_protected_textures GL_EXT_shader_non_constant_global_initializers GL_QCOM_texture_foveated GL_QCOM_shader_framebuffer_fetch_noncoherent GL_QCOM_shader_framebuffer_fetch_rate GL_EXT_memory_object GL_EXT_memory_object_fd GL_EXT_EGL_image_array GL_NV_shader_noperspective_interpolation GL_KHR_robust_buffer_access_behavior GL_EXT_EGL_image_storage GL_EXT_blend_func_extended GL_EXT_clip_control GL_OES_texture_view GL_EXT_fragment_invocation_density
09-27 18:39:39.913  6039  7927 W com.tyyd.video: Accessing hidden method Landroid/media/AudioSystem;->getPrimaryOutputSamplingRate()I (greylist-max-p, JNI, allowed)
09-27 18:39:39.914  6039  7927 W com.tyyd.video: Accessing hidden method Landroid/media/AudioSystem;->getPrimaryOutputFrameCount()I (greylist-max-p, JNI, allowed)
09-27 18:39:39.917  6039  7927 D         : PlayerBase::PlayerBase()
09-27 18:39:39.917  6039  7927 D         : TrackPlayerBase::TrackPlayerBase()
09-27 18:39:39.917  6039  7927 I libOpenSLES: Emulating old channel mask behavior (ignoring positional mask 0x3, using default mask 0x3 based on channel count of 2)
09-27 18:39:39.917  6039  7927 W AudioTrack: set(): notificationFrames=-21 clamped to the range -1 to -8
09-27 18:39:39.921   662   911 E ServiceUtilities: Request requires android.permission.MODIFY_PHONE_STATE or android.permission.WRITE_SECURE_SETTINGS
09-27 18:39:39.922   662   911 D AudioFlinger: Client defaulted notificationFrames to 192 for frameCount 1536
09-27 18:39:39.923   662   911 D AF::TrackHandle: OpPlayAudio: track:56 usage:1 not muted
09-27 18:39:39.929  6039  7927 I AudioTrack: createTrack_l(1819828085): AUDIO_OUTPUT_FLAG_FAST successful; frameCount 0 -> 1536
09-27 18:39:39.942   637  1934 E volume_listener: check_and_set_gain_dep_cal: Failed to set gain dep cal level
09-27 18:39:39.943   637  7059 I ACDB-LOADER: ACDB AFE returned = -19
09-27 18:39:39.943   637  7059 D hardware_info: hw_info_append_hw_type : device_name = speaker
09-27 18:39:39.943   637  7059 D audio_hw_primary: enable_snd_device: snd_device(2: speaker)
09-27 18:39:39.943   637  7059 D audio_route: Apply path: speaker
09-27 18:39:39.943   637  7059 D audio_hw_primary: enable_audio_route: usecase(5) apply and update mixer path: audio-ull-playback speaker
09-27 18:39:39.943   637  7059 D audio_route: Apply path: audio-ull-playback speaker
09-27 18:39:39.945  2172  2173 E ANDR-PERF-OPTSHANDLER: Warning: Resource [2, 0] not supported for core 1. Instead use resource for core 0
09-27 18:39:39.945  2172  2173 E ANDR-PERF-RESOURCEQS: Failed to apply optimization [2, 2, 0]
09-27 18:39:39.963   637  7059 D audio_hw_primary: out_write: retry previous failed cal level set
09-27 18:39:40.366  7958  7958 I chatty  : uid=1000(system) expire 2 lines
09-27 18:39:40.369  7958  7958 D fpc_fingerprint_hal: fpc_module_open
09-27 18:39:40.371  7958  7958 D fpc_tac : 'modalias'='of:Nfp_fpc1020T<NULL>Cfpc,fpc10' found on  path '/sys/bus/platform/devices/soc:fp_fpc1020/'
09-27 18:39:40.372  7958  7958 D fpc_tac : 'modalias'='of:Nfp_fpc1020T<NULL>Cfpc,fpc10' found on  path '/sys/bus/platform/devices/soc:fp_fpc1020/'
09-27 18:39:40.372  7958  7958 D QSEECOMAPI: QSEECom_get_handle sb_length = 0x80
09-27 18:39:40.373  7958  7958 D QSEECOMAPI: App is not loaded in QSEE
09-27 18:39:40.373  7958  7958 D QSEECOMAPI: app_arch = 1, total_files = 8
09-27 18:39:40.610  7958  7958 D QSEECOMAPI: Loaded image: APP id = 5832707
09-27 18:39:40.613  7958  7958 E fpc_tac : fpc_tac_transfer send_cmd failed status=0 response=-11(FPC_ERROR_NOT_INITIALIZED)
09-27 18:39:40.615  7958  7958 E fpc_tac : fpc_tac_transfer send_cmd failed status=0 response=-11(FPC_ERROR_NOT_INITIALIZED)
09-27 18:39:40.616  7958  7958 D QSEECOMAPI: QSEECom_dealloc_memory 
09-27 18:39:40.616  7958  7958 D QSEECOMAPI: QSEECom_shutdown_app, app_id = 5832707
09-27 18:39:40.620  7958  7958 E fpc_fingerprint_hal: fpc_module_open failed
09-27 18:39:40.620  7958  7958 D fpc_fingerprint_hal: fpc_module_close
09-27 18:39:40.620  7958  7958 E fpc_fingerprint_hal: error: ioctl
09-27 18:39:40.620  7958  7958 E android.hardware.biometrics.fingerprint@2.1-service: Can't open fingerprint methods, error: -1
09-27 18:39:40.620  7958  7958 E android.hardware.biometrics.fingerprint@2.1-service: Can't open HAL module
09-27 18:39:40.621  7958  7958 E android.hardware.biometrics.fingerprint@2.1-service: No valid device
09-27 18:39:40.706   637  7059 W audio_hw_primary: out_write: underrun(1) frames_by_time(149) > out->last_fifo_frames_remaining(144)
09-27 18:39:40.987  6039  7927 V MediaRouter: Selecting route: RouteInfo{ name=, description=null, status=null, category=RouteCategory{ name= types=ROUTE_TYPE_LIVE_AUDIO ROUTE_TYPE_LIVE_VIDEO  groupable=false }, supportedTypes=ROUTE_TYPE_LIVE_AUDIO ROUTE_TYPE_LIVE_VIDEO , presentationDisplay=null }
09-27 18:39:40.999  6039  7927 W native  : commandlineflags.cc:943 Ignoring RegisterValidateFunction() for flag pointer 0xb64d1b90: no flag found at that address
09-27 18:39:41.080  6039  6039 E ContentProviderVrParamsProvider: Invalid params result from ContentProvider query: content://com.google.vr.vrcore.settings/sdk_configuration_params
09-27 18:39:41.081  6039  6039 W SdkConfigurationReader: VrParamsProvider returned null params, using defaults.
09-27 18:39:41.089  6039  6039 V GvrLayoutFactory: Dynamic library loading disabled, using built-in GvrLayout implementation.
09-27 18:39:41.138  6039  6039 W com.tyyd.video: Accessing hidden method Landroid/view/DisplayInfo;-><init>()V (greylist-max-p, reflection, allowed)
09-27 18:39:41.138  6039  6039 W com.tyyd.video: Accessing hidden method Landroid/view/Display;->getDisplayInfo(Landroid/view/DisplayInfo;)Z (greylist-max-p, reflection, allowed)
09-27 18:39:41.140  6039  6039 W com.tyyd.video: Accessing hidden field Landroid/view/DisplayInfo;->displayCutout:Landroid/view/DisplayCutout; (greylist-max-p, reflection, allowed)
09-27 18:39:41.166  6039  6039 E ContentProviderVrParamsProvider: Invalid params result from ContentProvider query: content://com.google.vr.vrcore.settings/user_prefs
09-27 18:39:41.169  6039  6039 I GVR     : [vr/gvr/capi/src/gvr.cc:103] Initialized GVR version 1.190.0
09-27 18:39:41.181   618  7967 E ResolverController: No valid NAT64 prefix (101, <unspecified>/0)
09-27 18:39:41.212  2338  2639 I AiAiReflection: Filtering unlaunchable event /deleted_app/1
09-27 18:39:41.213  2338  2639 I AiAiReflection: Filtering unlaunchable event /deleted_app/2
09-27 18:39:41.215  2338  2639 I AiAiReflection: Filtering unlaunchable event /deleted_app/4
09-27 18:39:41.215  2338  2639 I AiAiReflection: Filtering unlaunchable event /deleted_app/3
09-27 18:39:41.216  2338  2639 I AiAiReflection: Filtering unlaunchable event /deleted_app/0
09-27 18:39:41.248  6039  6039 W VrCoreSdkClient: VrCore service obsolete, GVR SDK requires API 5 but found API 2.
09-27 18:39:41.249  6039  6039 D GvrLayoutFactory: Loaded GvrLayout from SDK.
09-27 18:39:41.270  6039  6039 E SdkDaydreamTouchListener: Null deviceParams or no alignment markers found.
09-27 18:39:41.281  6039  6039 E SdkDaydreamTouchListener: Null deviceParams or no alignment markers found.
09-27 18:39:41.377  6039  7927 I GVR     : [vr/gvr/hmd/cardboard/cardboard_api_impl.cc:539] Creating swap chain with id: [1]
09-27 18:39:41.377  6039  7927 I GVR     : [vr/gvr/hmd/cardboard/cardboard_api_impl.cc:543]   BufferSpec 0: Size=V[1818, 2289], ColorFormat=Rgba8888, Samples=0, Views=1
09-27 18:39:41.377  6039  7927 I GVR     : [vr/gvr/hmd/cardboard/cardboard_api_impl.cc:543]   BufferSpec 1: Size=V[1818, 2289], ColorFormat=Rgba8888, Samples=0, Views=1
09-27 18:39:41.378  6039  7927 I GVR     : [vr/gvr/hmd/cardboard/cardboard_api_impl.cc:556] Destroying swap chain with id: [1]
09-27 18:39:41.379  6039  7927 I GVR     : [vr/gvr/hmd/cardboard/cardboard_api_impl.cc:539] Creating swap chain with id: [4]
09-27 18:39:41.379  6039  7927 I GVR     : [vr/gvr/hmd/cardboard/cardboard_api_impl.cc:543]   BufferSpec 0: Size=V[1273, 1602], ColorFormat=Rgba8888, Samples=0, Views=1
09-27 18:39:41.379  6039  7927 I GVR     : [vr/gvr/hmd/cardboard/cardboard_api_impl.cc:543]   BufferSpec 1: Size=V[1273, 1602], ColorFormat=Rgba8888, Samples=0, Views=1
09-27 18:39:41.420  6039  7927 D         : PlayerBase::stop() from IPlayer
09-27 18:39:41.420  6039  7927 D AudioTrack: stop(24): called with 70848 frames delivered
09-27 18:39:41.444  6039  6039 E ContentProviderVrParamsProvider: Invalid params result from ContentProvider query: content://com.google.vr.vrcore.settings/user_prefs
09-27 18:39:41.456   901   943 I VrManagerService: VR mode enabled
09-27 18:39:41.477   901   901 I ActivityTaskManager: Config changes=200 {1.0 ?mcc?mnc [zh_CN_#Hans] ldltr sw411dp w683dp h387dp 560dpi nrml land vrheadset finger -keyb/v/h -nav/h winConfig={ mBounds=Rect(0, 0 - 2560, 1440) mAppBounds=Rect(0, 0 - 2392, 1440) mWindowingMode=fullscreen mDisplayWindowingMode=fullscreen mActivityType=undefined mAlwaysOnTop=undefined mRotation=ROTATION_90} s.263}
09-27 18:39:41.507  7973  7973 I libmdmdetect: No supported ESOC's found
09-27 18:39:41.508  7973  7973 I libmdmdetect: slpi subsystem located
09-27 18:39:41.508  7973  7973 I libmdmdetect: Found internal modem: modem
09-27 18:39:41.508  7973  7973 I libmdmdetect: modem subsystem found
09-27 18:39:41.508  7973  7973 I ThermalEngine: Thermal daemon started
09-27 18:39:41.508  7973  7973 I ThermalEngine: Using config file '/vendor/etc/thermal-engine-vr.conf'
09-27 18:39:41.509  7973  7973 I ThermalEngine: devices_manager_init: Init
09-27 18:39:41.509  7973  7973 I ThermalEngine: Number of gpus :1
09-27 18:39:41.509  7973  7973 I Thermal-IOCTL: KTM IOCTL interface "/dev/msm_thermal_query" opened
09-27 18:39:41.510  7974  7974 W thermal-engine: type=1400 audit(0.0:84): avc: denied { read write } for name="diag" dev="tmpfs" ino=16417 scontext=u:r:thermal-engine:s0 tcontext=u:object_r:diag_device:s0 tclass=chr_file permissive=0
09-27 18:39:41.510  7973  7973 E ThermalEngine: update_cpu_topology: Cluster Info[0]. Cluster Id: 0 cpu_bits:0x3 sync:1
09-27 18:39:41.510  7973  7973 E ThermalEngine: update_cpu_topology: Cluster Info[1]. Cluster Id: 1 cpu_bits:0xc sync:1
09-27 18:39:41.511  7973  7973 E ThermalEngine: adding voltage device 
09-27 18:39:41.512  7973  7973 I ThermalEngine: vdd_rstr_init: Init KTM VDD RSTR enabled: 0
09-27 18:39:41.513  7973  7974 I libmdmdetect: No supported ESOC's found
09-27 18:39:41.513  7973  7974 I libmdmdetect: slpi subsystem located
09-27 18:39:41.513  7973  7974 I libmdmdetect: Found internal modem: modem
09-27 18:39:41.513  7973  7974 I libmdmdetect: modem subsystem found
09-27 18:39:41.514  7973  7974 E Diag_Lib:  Diag_LSM_Init: Failed to open handle to diag driver, error = 13
09-27 18:39:41.514  7973  7974 E QC-QMI  : qmi_client [-1] QMUXD disabled
09-27 18:39:41.514  7973  7974 E QC-QMI  : qmi_qmux_if_pwr_up_init_ex:  Initialization failed, rc = -6
09-27 18:39:41.514  7973  7974 E QMI_FW  : QMUXD: WARNING qmi_qmux_if_pwr_up_init failed! rc=-6
09-27 18:39:41.518   637  7952 E volume_listener: check_and_set_gain_dep_cal: Failed to set gain dep cal level
09-27 18:39:41.522   637  1934 E volume_listener: check_and_set_gain_dep_cal: Failed to set gain dep cal level
09-27 18:39:41.539  7973  7973 I ThermalEngine: cpr_band_init: Could not read /sys/module/msm_thermal/cpr_band/curr_cpr_band
09-27 18:39:41.539  7973  7973 I ThermalEngine: sensors_manager_init: Init
09-27 18:39:41.540  7973  7980 I ThermalEngine: qmi: Instance id 157 for fusion TS
09-27 18:39:41.541  7973  7974 I ThermalEngine: MODEM thermal mitigation available.
09-27 18:39:41.541  7973  7976 I ThermalEngine: ADSP thermal mitigation available.
09-27 18:39:41.543  7973  7974 I ThermalEngine: ACTION: MODEM - Pending request: pa mitigation succeeded for level 0.
09-27 18:39:41.543  7973  7974 I ThermalEngine: Mitigation:Modem:0
09-27 18:39:41.543  7973  7976 I ThermalEngine: ACTION: ADSP - Pending request: cpuv_restriction_cold mitigation succeeded for level 0.
09-27 18:39:41.543  7973  7976 I ThermalEngine: Mitigation:VDD[ADSP-cpuv_restriction_cold]:0
09-27 18:39:41.545  7973  7974 I ThermalEngine: ACTION: MODEM - Pending request: cpuv_restriction_cold mitigation succeeded for level 0.
09-27 18:39:41.545  7973  7974 I ThermalEngine: Mitigation:VDD[MODEM-cpuv_restriction_cold]:0
09-27 18:39:41.551  7973  7974 I ThermalEngine: ACTION: MODEM - Pending request: modem mitigation succeeded for level 0.
09-27 18:39:41.552  7973  7974 I ThermalEngine: Mitigation:VDD[MODEM-modem]:0
09-27 18:39:41.556  7973  7974 I ThermalEngine: ACTION: MODEM - Pending request: modem_current mitigation succeeded for level 0.
09-27 18:39:41.556  7973  7974 I ThermalEngine: Mitigation:VDD[MODEM-modem_current]:0
09-27 18:39:41.589   901   901 I ActivityTaskManager: Override config changes=200 {1.0 ?mcc?mnc [zh_CN_#Hans] ldltr sw411dp w683dp h387dp 560dpi nrml land vrheadset finger -keyb/v/h -nav/h winConfig={ mBounds=Rect(0, 0 - 2560, 1440) mAppBounds=Rect(0, 0 - 2392, 1440) mWindowingMode=fullscreen mDisplayWindowingMode=fullscreen mActivityType=undefined mAlwaysOnTop=undefined mRotation=ROTATION_90} s.263} for displayId=0
09-27 18:39:41.618   901   943 I VrManagerService: Connecting ComponentInfo{com.google.vr.vrcore/com.google.vr.vrcore.common.VrCoreListenerService} for user 0
09-27 18:39:41.620   901   941 W Looper  : Slow dispatch took 146ms android.ui h=com.android.server.am.ActivityManagerService$UiHandler c=null m=53
09-27 18:39:41.629   901   901 W Looper  : Slow dispatch took 157ms main h=com.android.server.vr.VrManagerService$2 c=null m=0
09-27 18:39:41.641   901   901 I ManagedApplicationService: Service connected: ComponentInfo{com.google.vr.vrcore/com.google.vr.vrcore.common.VrCoreListenerService}
09-27 18:39:41.644  7973  7973 E ThermalEngine: bcl_setup: Error opening /sys/devices/soc/soc:qcom,bcl/iavail
09-27 18:39:41.644  7973  7973 E ThermalEngine: add_tgt_sensors_set: Error adding bcl
09-27 18:39:41.644  7973  7973 E ThermalEngine: sensors_init: Error adding BCL TS
09-27 18:39:41.645  7973  7973 I ThermalEngine: Loading config file for virtual sensor
09-27 18:39:41.645  7973  7973 I ThermalEngine: Loading configuration file /vendor/etc/thermal-engine-vr.conf
09-27 18:39:41.645  7973  7973 I ThermalEngine: Parsing section global
09-27 18:39:41.646  7973  7973 I ThermalEngine: [VIRTUAL-CPUS]
09-27 18:39:41.646  7973  7973 I ThermalEngine: #algo_type virtual
09-27 18:39:41.646  7973  7973 I ThermalEngine: trip_sensor tsens_tz_sensor11
09-27 18:39:41.646  7973  7973 I ThermalEngine: set_point 75000
09-27 18:39:41.646  7973  7973 I ThermalEngine: set_point_clr 65000
09-27 18:39:41.646  7973  7973 I ThermalEngine: sensors tsens_tz_sensor4 tsens_tz_sensor6 tsens_tz_sensor9 tsens_tz_sensor11
09-27 18:39:41.646  7973  7973 I ThermalEngine: weights
09-27 18:39:41.646  7973  7973 I ThermalEngine: sampling 10
09-27 18:39:41.646  7973  7973 I ThermalEngine: math 2
09-27 18:39:41.646  7973  7973 I ThermalEngine: Loading configuration file /vendor/etc/thermal-engine-vr.conf
09-27 18:39:41.647  7973  7973 I ThermalEngine: Parsing section global
09-27 18:39:41.647  7973  7973 I ThermalEngine: Created section 'SKIN_SHUTDOWN'
09-27 18:39:41.647  7973  7973 I ThermalEngine: Algo Type 'monitor'
09-27 18:39:41.647  7973  7973 I ThermalEngine: Parsing section SKIN_SHUTDOWN
09-27 18:39:41.647  7973  7973 I ThermalEngine: Found field 'sampling'
09-27 18:39:41.647  7973  7973 I ThermalEngine: Found field 'sensor'
09-27 18:39:41.647  7973  7973 I ThermalEngine: Found field 'thresholds'
09-27 18:39:41.647  7973  7973 I ThermalEngine: Found field 'thresholds_clr'
09-27 18:39:41.647  7973  7973 I ThermalEngine: Found field 'actions'
09-27 18:39:41.647  7973  7973 I ThermalEngine: Found field 'action_info'
09-27 18:39:41.647  7973  7973 I ThermalEngine: Created section 'VR-EMMC'
09-27 18:39:41.647  7973  7973 I ThermalEngine: Algo Type 'monitor'
09-27 18:39:41.647  7973  7973 I ThermalEngine: Parsing section VR-EMMC
09-27 18:39:41.647   901   943 I DisplayManagerService: Display device changed state: "", VR
09-27 18:39:41.647  7973  7973 I ThermalEngine: Found field 'sensor'
09-27 18:39:41.647  7973  7973 I ThermalEngine: Found field 'sampling'
09-27 18:39:41.647  7973  7973 I ThermalEngine: Found field 'thresholds'
09-27 18:39:41.647  7973  7973 I ThermalEngine: Found field 'thresholds_clr'
09-27 18:39:41.647  7973  7973 I ThermalEngine: Found field 'actions'
09-27 18:39:41.647  7973  7973 I ThermalEngine: Found field 'action_info'
09-27 18:39:41.647  7973  7973 I ThermalEngine: Created section 'BATTERY-MONITOR'
09-27 18:39:41.647  7973  7973 I ThermalEngine: Algo Type 'monitor'
09-27 18:39:41.647  7973  7973 I ThermalEngine: Parsing section BATTERY-MONITOR
09-27 18:39:41.647  7973  7973 I ThermalEngine: Found field 'sampling'
09-27 18:39:41.647  7973  7973 I ThermalEngine: Found field 'sensor'
09-27 18:39:41.647  7973  7973 I ThermalEngine: Found field 'thresholds'
09-27 18:39:41.647  7973  7973 I ThermalEngine: Found field 'thresholds_clr'
09-27 18:39:41.647  7973  7973 I ThermalEngine: Found field 'actions'
09-27 18:39:41.647  7973  7973 I ThermalEngine: Found field 'action_info'
09-27 18:39:41.648  7973  7973 I ThermalEngine: [BATTERY-MONITOR]
09-27 18:39:41.648  7973  7973 I ThermalEngine: algo_type monitor
09-27 18:39:41.648  7973  7973 I ThermalEngine: sampling 2000
09-27 18:39:41.648  7973  7973 I ThermalEngine: sensor emmc_therm
09-27 18:39:41.648  7973  7973 I ThermalEngine: thresholds 56000
09-27 18:39:41.648  7973  7973 I ThermalEngine: thresholds_clr 54000
09-27 18:39:41.648  7973  7973 I ThermalEngine: actions battery
09-27 18:39:41.648  7973  7973 I ThermalEngine: action_info 3
09-27 18:39:41.648  7973  7973 I ThermalEngine: [VR-EMMC]
09-27 18:39:41.648  7973  7973 I ThermalEngine: algo_type monitor
09-27 18:39:41.648  7973  7973 I ThermalEngine: sampling 1000
09-27 18:39:41.648  7973  7973 I ThermalEngine: sensor emmc_therm
09-27 18:39:41.648  7973  7973 I ThermalEngine: thresholds 58000
09-27 18:39:41.648  7973  7973 I ThermalEngine: thresholds_clr 52000
09-27 18:39:41.648  7973  7973 I ThermalEngine: actions cluster0+cluster1+gpu+report
09-27 18:39:41.648  7973  7973 I ThermalEngine: action_info 691200+691200+214000000+1
09-27 18:39:41.648  7973  7973 I ThermalEngine: [SKIN_SHUTDOWN]
09-27 18:39:41.648  7973  7973 I ThermalEngine: algo_type monitor
09-27 18:39:41.648  7973  7973 I ThermalEngine: sampling 1000
09-27 18:39:41.648  7973  7973 I ThermalEngine: sensor emmc_therm
09-27 18:39:41.648  7973  7973 I ThermalEngine: thresholds 62000
09-27 18:39:41.648  7973  7973 I ThermalEngine: thresholds_clr 61000
09-27 18:39:41.648  7973  7973 I ThermalEngine: actions shutdown
09-27 18:39:41.648  7973  7973 I ThermalEngine: action_info 1
09-27 18:39:41.648  7973  7973 I ThermalEngine: [PMIC-ALARM-MONITOR]
09-27 18:39:41.648  7973  7973 I ThermalEngine: #algo_type monitor
09-27 18:39:41.648  7973  7973 I ThermalEngine: sampling 1000
09-27 18:39:41.648  7973  7973 I ThermalEngine: sensor pm8994_tz
09-27 18:39:41.648  7973  7973 I ThermalEngine: thresholds 107000 127000
09-27 18:39:41.648  7973  7973 I ThermalEngine: thresholds_clr 103000 123000
09-27 18:39:41.648  7973  7973 I ThermalEngine: actions hotplug_3+hotplug_2+hotplug_1+cluster1+cluster0 hotplug_3+hotplug_2+hotplug_1
09-27 18:39:41.648  7973  7973 I ThermalEngine: action_info 0+0+0+302400+302400 1+1+1
09-27 18:39:41.649  7973  7973 I ThermalEngine: [VDD_RSTR_MONITOR-TSENS20]
09-27 18:39:41.649  7973  7973 I ThermalEngine: #algo_type monitor
09-27 18:39:41.649  7973  7973 I ThermalEngine: sampling 1000
09-27 18:39:41.649  7973  7973 I ThermalEngine: sensor tsens_tz_sensor20
09-27 18:39:41.649  7973  7973 I ThermalEngine: thresholds 5000
09-27 18:39:41.649  7973  7973 I ThermalEngine: thresholds_clr 10000
09-27 18:39:41.649  7973  7973 I ThermalEngine: actions vdd_restriction
09-27 18:39:41.649  7973  7973 I ThermalEngine: action_info 1
09-27 18:39:41.649  7973  7973 I ThermalEngine: descending
09-27 18:39:41.649  7973  7973 I ThermalEngine: [VDD_RSTR_MONITOR-TSENS19]
09-27 18:39:41.649  7973  7973 I ThermalEngine: #algo_type monitor
09-27 18:39:41.649  7973  7973 I ThermalEngine: sampling 1000
09-27 18:39:41.649  7973  7973 I ThermalEngine: sensor tsens_tz_sensor19
09-27 18:39:41.649  7973  7973 I ThermalEngine: thresholds 5000
09-27 18:39:41.649  7973  7973 I ThermalEngine: thresholds_clr 10000
09-27 18:39:41.649  7973  7973 I ThermalEngine: actions vdd_restriction
09-27 18:39:41.649  7973  7973 I ThermalEngine: action_info 1
09-27 18:39:41.649  7973  7973 I ThermalEngine: descending
09-27 18:39:41.649  7973  7973 I ThermalEngine: [VDD_RSTR_MONITOR-TSENS18]
09-27 18:39:41.649  7973  7973 I ThermalEngine: #algo_type monitor
09-27 18:39:41.649  7973  7973 I ThermalEngine: sampling 1000
09-27 18:39:41.649  7973  7973 I ThermalEngine: sensor tsens_tz_sensor18
09-27 18:39:41.649  7973  7973 I ThermalEngine: thresholds 5000
09-27 18:39:41.649  7973  7973 I ThermalEngine: thresholds_clr 10000
09-27 18:39:41.649  7973  7973 I ThermalEngine: actions vdd_restriction
09-27 18:39:41.649  7973  7973 I ThermalEngine: action_info 1
09-27 18:39:41.649  7973  7973 I ThermalEngine: descending
09-27 18:39:41.649  7973  7973 I ThermalEngine: [VDD_RSTR_MONITOR-TSENS17]
09-27 18:39:41.649  7973  7973 I ThermalEngine: #algo_type monitor
09-27 18:39:41.649  7973  7973 I ThermalEngine: sampling 1000
09-27 18:39:41.649  7973  7973 I ThermalEngine: sensor tsens_tz_sensor17
09-27 18:39:41.649  7973  7973 I ThermalEngine: thresholds 5000
09-27 18:39:41.649  7973  7973 I ThermalEngine: thresholds_clr 10000
09-27 18:39:41.649  7973  7973 I ThermalEngine: actions vdd_restriction
09-27 18:39:41.649  7973  7973 I ThermalEngine: action_info 1
09-27 18:39:41.649  7973  7973 I ThermalEngine: descending
09-27 18:39:41.649  7973  7973 I ThermalEngine: [VDD_RSTR_MONITOR-TSENS16]
09-27 18:39:41.649  7973  7973 I ThermalEngine: #algo_type monitor
09-27 18:39:41.649  7973  7973 I ThermalEngine: sampling 1000
09-27 18:39:41.649  7973  7973 I ThermalEngine: sensor tsens_tz_sensor16
09-27 18:39:41.649  7973  7973 I ThermalEngine: thresholds 5000
09-27 18:39:41.649  7973  7973 I ThermalEngine: thresholds_clr 10000
09-27 18:39:41.649  7973  7973 I ThermalEngine: actions vdd_restriction
09-27 18:39:41.649  7973  7973 I ThermalEngine: action_info 1
09-27 18:39:41.649  7973  7973 I ThermalEngine: descending
09-27 18:39:41.649  7973  7973 I ThermalEngine: [VDD_RSTR_MONITOR-TSENS15]
09-27 18:39:41.649  7973  7973 I ThermalEngine: #algo_type monitor
09-27 18:39:41.649  7973  7973 I ThermalEngine: sampling 1000
09-27 18:39:41.649  7973  7973 I ThermalEngine: sensor tsens_tz_sensor15
09-27 18:39:41.649  7973  7973 I ThermalEngine: thresholds 5000
09-27 18:39:41.649  7973  7973 I ThermalEngine: thresholds_clr 10000
09-27 18:39:41.649  7973  7973 I ThermalEngine: actions vdd_restriction
09-27 18:39:41.649  7973  7973 I ThermalEngine: action_info 1
09-27 18:39:41.649  7973  7973 I ThermalEngine: descending
09-27 18:39:41.649  7973  7973 I ThermalEngine: [VDD_RSTR_MONITOR-TSENS14]
09-27 18:39:41.649  7973  7973 I ThermalEngine: #algo_type monitor
09-27 18:39:41.649  7973  7973 I ThermalEngine: sampling 1000
09-27 18:39:41.649  7973  7973 I ThermalEngine: sensor tsens_tz_sensor14
09-27 18:39:41.649  7973  7973 I ThermalEngine: thresholds 5000
09-27 18:39:41.649  7973  7973 I ThermalEngine: thresholds_clr 10000
09-27 18:39:41.649  7973  7973 I ThermalEngine: actions vdd_restriction
09-27 18:39:41.649  7973  7973 I ThermalEngine: action_info 1
09-27 18:39:41.649  7973  7973 I ThermalEngine: descending
09-27 18:39:41.649  7973  7973 I ThermalEngine: [VDD_RSTR_MONITOR-TSENS13]
09-27 18:39:41.649  7973  7973 I ThermalEngine: #algo_type monitor
09-27 18:39:41.649  7973  7973 I ThermalEngine: sampling 1000
09-27 18:39:41.649  7973  7973 I ThermalEngine: sensor tsens_tz_sensor13
09-27 18:39:41.649  7973  7973 I ThermalEngine: thresholds 5000
09-27 18:39:41.649  7973  7973 I ThermalEngine: thresholds_clr 10000
09-27 18:39:41.649  7973  7973 I ThermalEngine: actions vdd_restriction
09-27 18:39:41.649  7973  7973 I ThermalEngine: action_info 1
09-27 18:39:41.649  7973  7973 I ThermalEngine: descending
09-27 18:39:41.649  7973  7973 I ThermalEngine: [VDD_RSTR_MONITOR-TSENS12]
09-27 18:39:41.649  7973  7973 I ThermalEngine: #algo_type monitor
09-27 18:39:41.650  7973  7973 I ThermalEngine: sampling 1000
09-27 18:39:41.650  7973  7973 I ThermalEngine: sensor tsens_tz_sensor12
09-27 18:39:41.650  7973  7973 I ThermalEngine: thresholds 5000
09-27 18:39:41.650  7973  7973 I ThermalEngine: thresholds_clr 10000
09-27 18:39:41.650  7973  7973 I ThermalEngine: actions vdd_restriction
09-27 18:39:41.650  7973  7973 I ThermalEngine: action_info 1
09-27 18:39:41.650  7973  7973 I ThermalEngine: descending
09-27 18:39:41.650  7973  7973 I ThermalEngine: [VDD_RSTR_MONITOR-TSENS11]
09-27 18:39:41.650  7973  7973 I ThermalEngine: #algo_type monitor
09-27 18:39:41.650  7973  7973 I ThermalEngine: sampling 1000
09-27 18:39:41.650  7973  7973 I ThermalEngine: sensor tsens_tz_sensor11
09-27 18:39:41.650  7973  7973 I ThermalEngine: thresholds 5000
09-27 18:39:41.650  7973  7973 I ThermalEngine: thresholds_clr 10000
09-27 18:39:41.650  7973  7973 I ThermalEngine: actions vdd_restriction
09-27 18:39:41.650  7973  7973 I ThermalEngine: action_info 1
09-27 18:39:41.650  7973  7973 I ThermalEngine: descending
09-27 18:39:41.650  7973  7973 I ThermalEngine: [VDD_RSTR_MONITOR-TSENS10]
09-27 18:39:41.650  7973  7973 I ThermalEngine: #algo_type monitor
09-27 18:39:41.650  7973  7973 I ThermalEngine: sampling 1000
09-27 18:39:41.650  7973  7973 I ThermalEngine: sensor tsens_tz_sensor10
09-27 18:39:41.650  7973  7973 I ThermalEngine: thresholds 5000
09-27 18:39:41.650  7973  7973 I ThermalEngine: thresholds_clr 10000
09-27 18:39:41.650  7973  7973 I ThermalEngine: actions vdd_restriction
09-27 18:39:41.650  7973  7973 I ThermalEngine: action_info 1
09-27 18:39:41.650  7973  7973 I ThermalEngine: descending
09-27 18:39:41.650  7973  7973 I ThermalEngine: [VDD_RSTR_MONITOR-TSENS9]
09-27 18:39:41.650  7973  7973 I ThermalEngine: #algo_type monitor
09-27 18:39:41.650  7973  7973 I ThermalEngine: sampling 1000
09-27 18:39:41.650  7973  7973 I ThermalEngine: sensor tsens_tz_sensor9
09-27 18:39:41.650  7973  7973 I ThermalEngine: thresholds 5000
09-27 18:39:41.650  7973  7973 I ThermalEngine: thresholds_clr 10000
09-27 18:39:41.650  7973  7973 I ThermalEngine: actions vdd_restriction
09-27 18:39:41.650  7973  7973 I ThermalEngine: action_info 1
09-27 18:39:41.650  7973  7973 I ThermalEngine: descending
09-27 18:39:41.650  7973  7973 I ThermalEngine: [VDD_RSTR_MONITOR-TSENS8]
09-27 18:39:41.650  7973  7973 I ThermalEngine: #algo_type monitor
09-27 18:39:41.650  7973  7973 I ThermalEngine: sampling 1000
09-27 18:39:41.650  7973  7973 I ThermalEngine: sensor tsens_tz_sensor8
09-27 18:39:41.650  7973  7973 I ThermalEngine: thresholds 5000
09-27 18:39:41.650  7973  7973 I ThermalEngine: thresholds_clr 10000
09-27 18:39:41.650  7973  7973 I ThermalEngine: actions vdd_restriction
09-27 18:39:41.650  7973  7973 I ThermalEngine: action_info 1
09-27 18:39:41.650  7973  7973 I ThermalEngine: descending
09-27 18:39:41.650  7973  7973 I ThermalEngine: [VDD_RSTR_MONITOR-TSENS7]
09-27 18:39:41.650  7973  7973 I ThermalEngine: #algo_type monitor
09-27 18:39:41.650  7973  7973 I ThermalEngine: sampling 1000
09-27 18:39:41.650  7973  7973 I ThermalEngine: sensor tsens_tz_sensor7
09-27 18:39:41.650  7973  7973 I ThermalEngine: thresholds 5000
09-27 18:39:41.650  7973  7973 I ThermalEngine: thresholds_clr 10000
09-27 18:39:41.650  7973  7973 I ThermalEngine: actions vdd_restriction
09-27 18:39:41.650  7973  7973 I ThermalEngine: action_info 1
09-27 18:39:41.650  7973  7973 I ThermalEngine: descending
09-27 18:39:41.650  7973  7973 I ThermalEngine: [VDD_RSTR_MONITOR-TSENS6]
09-27 18:39:41.650  7973  7973 I ThermalEngine: #algo_type monitor
09-27 18:39:41.650  7973  7973 I ThermalEngine: sampling 1000
09-27 18:39:41.650  7973  7973 I ThermalEngine: sensor tsens_tz_sensor6
09-27 18:39:41.650  7973  7973 I ThermalEngine: thresholds 5000
09-27 18:39:41.650  7973  7973 I ThermalEngine: thresholds_clr 10000
09-27 18:39:41.650  7973  7973 I ThermalEngine: actions vdd_restriction
09-27 18:39:41.650  7973  7973 I ThermalEngine: action_info 1
09-27 18:39:41.650  7973  7973 I ThermalEngine: descending
09-27 18:39:41.650  7973  7973 I ThermalEngine: [VDD_RSTR_MONITOR-TSENS5]
09-27 18:39:41.650  7973  7973 I ThermalEngine: #algo_type monitor
09-27 18:39:41.650  7973  7973 I ThermalEngine: sampling 1000
09-27 18:39:41.650  7973  7973 I ThermalEngine: sensor tsens_tz_sensor5
09-27 18:39:41.650  7973  7973 I ThermalEngine: thresholds 5000
09-27 18:39:41.650  7973  7973 I ThermalEngine: thresholds_clr 10000
09-27 18:39:41.650  7973  7973 I ThermalEngine: actions vdd_restriction
09-27 18:39:41.650  7973  7973 I ThermalEngine: action_info 1
09-27 18:39:41.650  7973  7973 I ThermalEngine: descending
09-27 18:39:41.650  7973  7973 I ThermalEngine: [VDD_RSTR_MONITOR-TSENS4]
09-27 18:39:41.650  7973  7973 I ThermalEngine: #algo_type monitor
09-27 18:39:41.650  7973  7973 I ThermalEngine: sampling 1000
09-27 18:39:41.650  7973  7973 I ThermalEngine: sensor tsens_tz_sensor4
09-27 18:39:41.650  7973  7973 I ThermalEngine: thresholds 5000
09-27 18:39:41.650  7973  7973 I ThermalEngine: thresholds_clr 10000
09-27 18:39:41.650  7973  7973 I ThermalEngine: actions vdd_restriction
09-27 18:39:41.650  7973  7973 I ThermalEngine: action_info 1
09-27 18:39:41.650  7973  7973 I ThermalEngine: descending
09-27 18:39:41.651  7973  7973 I ThermalEngine: [VDD_RSTR_MONITOR-TSENS3]
09-27 18:39:41.651  7973  7973 I ThermalEngine: #algo_type monitor
09-27 18:39:41.651  7973  7973 I ThermalEngine: sampling 1000
09-27 18:39:41.651  7973  7973 I ThermalEngine: sensor tsens_tz_sensor3
09-27 18:39:41.651  7973  7973 I ThermalEngine: thresholds 5000
09-27 18:39:41.651  7973  7973 I ThermalEngine: thresholds_clr 10000
09-27 18:39:41.651  7973  7973 I ThermalEngine: actions vdd_restriction
09-27 18:39:41.651  7973  7973 I ThermalEngine: action_info 1
09-27 18:39:41.651  7973  7973 I ThermalEngine: descending
09-27 18:39:41.651  7973  7973 I ThermalEngine: [VDD_RSTR_MONITOR-TSENS2]
09-27 18:39:41.651  7973  7973 I ThermalEngine: #algo_type monitor
09-27 18:39:41.651  7973  7973 I ThermalEngine: sampling 1000
09-27 18:39:41.651  7973  7973 I ThermalEngine: sensor tsens_tz_sensor2
09-27 18:39:41.651  7973  7973 I ThermalEngine: thresholds 5000
09-27 18:39:41.651  7973  7973 I ThermalEngine: thresholds_clr 10000
09-27 18:39:41.651  7973  7973 I ThermalEngine: actions vdd_restriction
09-27 18:39:41.651  7973  7973 I ThermalEngine: action_info 1
09-27 18:39:41.651  7973  7973 I ThermalEngine: descending
09-27 18:39:41.651  7973  7973 I ThermalEngine: [VDD_RSTR_MONITOR-TSENS1]
09-27 18:39:41.651  7973  7973 I ThermalEngine: #algo_type monitor
09-27 18:39:41.651  7973  7973 I ThermalEngine: sampling 1000
09-27 18:39:41.651  7973  7973 I ThermalEngine: sensor tsens_tz_sensor1
09-27 18:39:41.651  7973  7973 I ThermalEngine: thresholds 5000
09-27 18:39:41.651  7973  7973 I ThermalEngine: thresholds_clr 10000
09-27 18:39:41.651  7973  7973 I ThermalEngine: actions vdd_restriction
09-27 18:39:41.651  7973  7973 I ThermalEngine: action_info 1
09-27 18:39:41.651  7973  7973 I ThermalEngine: descending
09-27 18:39:41.651  7973  7973 I ThermalEngine: [VDD_RSTR_MONITOR-TSENS0]
09-27 18:39:41.651  7973  7973 I ThermalEngine: #algo_type monitor
09-27 18:39:41.651  7973  7973 I ThermalEngine: sampling 1000
09-27 18:39:41.651  7973  7973 I ThermalEngine: sensor tsens_tz_sensor0
09-27 18:39:41.651  7973  7973 I ThermalEngine: thresholds 5000
09-27 18:39:41.651  7973  7973 I ThermalEngine: thresholds_clr 10000
09-27 18:39:41.651  7973  7973 I ThermalEngine: actions vdd_restriction
09-27 18:39:41.651  7973  7973 I ThermalEngine: action_info 1
09-27 18:39:41.651  7973  7973 I ThermalEngine: descending
09-27 18:39:41.651  7973  7973 I ThermalEngine: [SS-GPU]
09-27 18:39:41.651  7973  7973 I ThermalEngine: #algo_type ss
09-27 18:39:41.651  7973  7973 I ThermalEngine: sampling 250
09-27 18:39:41.651  7973  7973 I ThermalEngine: sensor gpu
09-27 18:39:41.651  7973  7973 I ThermalEngine: device gpu
09-27 18:39:41.652  7973  7973 I ThermalEngine: set_point 95000
09-27 18:39:41.652  7973  7973 I ThermalEngine: set_point_clr 65000
09-27 18:39:41.652  7973  7973 I ThermalEngine: time_constant 0
09-27 18:39:41.652  7973  7973 I ThermalEngine: [SS-POPMEM]
09-27 18:39:41.652  7973  7973 I ThermalEngine: #algo_type ss
09-27 18:39:41.652  7973  7973 I ThermalEngine: sampling 10
09-27 18:39:41.652  7973  7973 I ThermalEngine: sensor pop_mem
09-27 18:39:41.652  7973  7973 I ThermalEngine: device cluster1
09-27 18:39:41.652  7973  7973 I ThermalEngine: set_point 95000
09-27 18:39:41.652  7973  7973 I ThermalEngine: set_point_clr 65000
09-27 18:39:41.652  7973  7973 I ThermalEngine: time_constant 16
09-27 18:39:41.652  7973  7973 I ThermalEngine: [SS-CPUS-ALL]
09-27 18:39:41.652  7973  7973 I ThermalEngine: #algo_type ss
09-27 18:39:41.652  7973  7973 I ThermalEngine: sampling 10
09-27 18:39:41.652  7973  7973 I ThermalEngine: sensor VIRTUAL-CPUS
09-27 18:39:41.652  7973  7973 I ThermalEngine: device cpu_voltage
09-27 18:39:41.652  7973  7973 I ThermalEngine: set_point 95000
09-27 18:39:41.652  7973  7973 I ThermalEngine: set_point_clr 65000
09-27 18:39:41.652  7973  7973 I ThermalEngine: time_constant 0
09-27 18:39:41.652  7973  7973 I ThermalEngine: [SPEAKER-CAL]
09-27 18:39:41.652  7973  7973 I ThermalEngine: sampling 30000 30000 10 1800000
09-27 18:39:41.652  7973  7973 I ThermalEngine: sensor pm8994_tz
09-27 18:39:41.652  7973  7973 I ThermalEngine: sensors tsens_tz_sensor1 tsens_tz_sensor2 tsens_tz_sensor13 tsens_tz_sensor14 tsens_tz_sensor15
09-27 18:39:41.652  7973  7973 I ThermalEngine: temp_range 6000 10000 2000
09-27 18:39:41.652  7973  7973 I ThermalEngine: max_temp 45000
09-27 18:39:41.652  7973  7973 I ThermalEngine: offset -4000
09-27 18:39:41.657  6039  6039 E SdkDaydreamTouchListener: Null deviceParams or no alignment markers found.
09-27 18:39:41.659   901  6710 D NotificationListeners: Enabling component com.google.vr.vrcore/.notification.VrNotificationService
09-27 18:39:41.659   901  6710 V NotificationListeners: binding: Intent { act=android.service.notification.NotificationListenerService cmp=com.google.vr.vrcore/.notification.VrNotificationService (has extras) }
09-27 18:39:41.685  7973  8035 I ThermalEngine: ACTION: MODEM - Vdd_restriction mitigation succeeded for level 0.
09-27 18:39:41.685  7973  8035 I ThermalEngine: Mitigation:VDD[MODEM]:0
09-27 18:39:41.686   500   500 D SurfaceFlinger: Setting power mode 2 on display 0
09-27 18:39:41.686  7973  8035 I ThermalEngine: ACTION: ADSP - Vdd_restriction mitigation succeeded for level 0.
09-27 18:39:41.686  7973  8035 I ThermalEngine: Mitigation:VDD[ADSP]:0
09-27 18:39:41.686  7973  8035 I ThermalEngine: hotplug_ktm_disable_cb: write out 0
09-27 18:39:41.695   637  1934 E volume_listener: check_and_set_gain_dep_cal: Failed to set gain dep cal level
09-27 18:39:41.713   901   901 D ConditionProviders: Subscribing to condition://com.google.vr.vrcore with ComponentInfo{com.google.vr.vrcore/com.google.vr.vrcore.common.VrCoreZenConditionProvider}
09-27 18:39:41.716   662   911 D AF::TrackHandle: OpPlayAudio: track:56 usage:1 not muted
09-27 18:39:41.718   901   901 V SettingsProvider: Notifying for 0: content://settings/global/zen_mode_config_etag
09-27 18:39:41.718   662   911 I chatty  : uid=1041(audioserver) Binder:662_1 identical 2 lines
09-27 18:39:41.721   662   911 D AF::TrackHandle: OpPlayAudio: track:56 usage:1 not muted
09-27 18:39:41.723   662  2485 D AF::TrackHandle: OpPlayAudio: track:56 usage:1 not muted
09-27 18:39:41.727   662  2485 I chatty  : uid=1041(audioserver) Binder:662_6 identical 20 lines
09-27 18:39:41.733   662  2485 D AF::TrackHandle: OpPlayAudio: track:56 usage:1 not muted
09-27 18:39:41.741  6039  6039 V MediaRouter: Selecting route: RouteInfo{ name=, description=null, status=null, category=RouteCategory{ name= types=ROUTE_TYPE_LIVE_AUDIO ROUTE_TYPE_LIVE_VIDEO  groupable=false }, supportedTypes=ROUTE_TYPE_LIVE_AUDIO ROUTE_TYPE_LIVE_VIDEO , presentationDisplay=null }
09-27 18:39:41.744   662  2485 D AF::TrackHandle: OpPlayAudio: track:56 usage:1 not muted
09-27 18:39:41.749   662  2485 D AF::TrackHandle: OpPlayAudio: track:56 usage:1 not muted
09-27 18:39:41.750   901   901 V NotificationListeners: 0 notification listener service connected: ComponentInfo{com.google.vr.vrcore/com.google.vr.vrcore.notification.VrNotificationService}
09-27 18:39:41.776  1455  1455 I DeviceStatusMonitor: onReceive() : Action = android.intent.action.CONFIGURATION_CHANGED
09-27 18:39:41.777   662  2485 D AF::TrackHandle: OpPlayAudio: track:56 usage:1 not muted
09-27 18:39:41.779  1455  1455 I ConfigNotification: Get device mode by ui mode:7 and smallestScreenWidthDp:411
09-27 18:39:41.779  1455  1455 I ConfigNotification: Get device mode by ui mode:1 and smallestScreenWidthDp:411
09-27 18:39:41.784   662  2485 D AF::TrackHandle: OpPlayAudio: track:56 usage:1 not muted
09-27 18:39:41.806   901   901 V SettingsProvider: Notifying for 0: content://settings/global/zen_mode_config_etag
09-27 18:39:41.808   662  2485 D AF::TrackHandle: OpPlayAudio: track:56 usage:1 not muted
09-27 18:39:41.808   662   662 D AF::TrackHandle: OpPlayAudio: track:56 usage:1 not muted
09-27 18:39:41.810   901   901 V SettingsProvider: Notifying for 0: content://settings/global/zen_mode
09-27 18:39:41.810  1426  1835 I vol.Events: writeEvent zen_mode_changed important_interruptions
09-27 18:39:41.816  1459  3561 D ProtoStore: no cached data
09-27 18:39:42.089  6039  7927 I ATRACE  : Using __system_property_wait to update tags
09-27 18:39:42.095  6039  8050 I ATRACE  : Updated trace tags to 4097
09-27 18:39:42.318   901   901 V SettingsProvider: Notifying for 0: content://settings/global/time_remaining_estimate_millis
09-27 18:39:42.323   901   901 V SettingsProvider: Notifying for 0: content://settings/global/battery_estimates_last_update_time
09-27 18:39:42.440  1426  1426 D StatusBar: disable<e i a s b h r c s > disable2<q i n >
09-27 18:39:42.495  1426  1426 I StatusBar/NavBarView: updateNavButtonIcons (b/113914868): home disabled=false mDisabledFlags=0
09-27 18:39:42.514  1426  1426 I StatusBar/NavBarView: updateNavButtonIcons (b/113914868): home disabled=false mDisabledFlags=0
09-27 18:39:42.525   901   901 V SettingsProvider: Notifying for 0: content://settings/system/user_rotation
09-27 18:39:42.588  1426  1426 I Choreographer: Skipped 37 frames!  The application may be doing too much work on its main thread.
09-27 18:39:42.662  1426  1426 W View    : requestLayout() improperly called by com.android.keyguard.AlphaOptimizedLinearLayout{2abe8f V.E...... ......ID 9,0-62,77 #7f0a0412 app:id/wifi_group} during layout: running second layout pass
09-27 18:39:42.663  1426  1426 W View    : requestLayout() improperly called by com.android.keyguard.AlphaOptimizedLinearLayout{9dce51c V.E...... ......ID 9,0-62,77 #7f0a0412 app:id/wifi_group} during layout: running second layout pass
09-27 18:39:42.905  1426  1426 I StatusBar/NavBarView: updateNavButtonIcons (b/113914868): home disabled=false mDisabledFlags=0
09-27 18:39:42.937  1426  1919 I OpenGLRenderer: Davey! duration=970ms; Flags=0, IntendedVsync=437874274160, Vsync=438490940802, OldestInputEvent=9223372036854775807, NewestInputEvent=0, HandleInputStart=438497414199, AnimationStart=438497483366, PerformTraversalsStart=438497785033, DrawStart=438575020145, SyncQueued=438805564855, SyncStart=438806306261, IssueDrawCommandsStart=438808362303, SwapBuffers=438842932775, FrameCompleted=438845846057, DequeueBufferDuration=290000, QueueBufferDuration=367000, 
09-27 18:39:42.954  1426  1919 I OpenGLRenderer: Davey! duration=986ms; Flags=0, IntendedVsync=437874274160, Vsync=438490940802, OldestInputEvent=9223372036854775807, NewestInputEvent=0, HandleInputStart=438497414199, AnimationStart=438497483366, PerformTraversalsStart=438497785033, DrawStart=438817886471, SyncQueued=438853285068, SyncStart=438854957620, IssueDrawCommandsStart=438855772985, SwapBuffers=438861726423, FrameCompleted=438862901684, DequeueBufferDuration=547000, QueueBufferDuration=303000, 
09-27 18:39:42.993  1426  1426 I OpaEnabledReceiver: Dispatching OPA eligble = true; AGSA = true; OPA enabled = true
09-27 18:39:42.993  1426  1426 I OpaLayout: Setting opa enabled to true
09-27 18:39:42.993  1426  1426 I OpaLayout: Setting opa enabled to true
09-27 18:39:43.156  1426  1515 I ndroid.systemu: NativeAlloc concurrent copying GC freed 91323(4512KB) AllocSpace objects, 27(540KB) LOS objects, 49% free, 9455KB/18MB, paused 902us total 216.235ms
09-27 18:39:43.329  1426  1919 I OpenGLRenderer: Davey! duration=726ms; Flags=0, IntendedVsync=438509504008, Vsync=438976170656, OldestInputEvent=9223372036854775807, NewestInputEvent=0, HandleInputStart=438981327893, AnimationStart=438981372998, PerformTraversalsStart=438984418623, DrawStart=439014947480, SyncQueued=439228001460, SyncStart=439229163439, IssueDrawCommandsStart=439229436720, SwapBuffers=439236115210, FrameCompleted=439237358961, DequeueBufferDuration=1252000, QueueBufferDuration=365000, 
09-27 18:39:43.338  1426  1919 I OpenGLRenderer: Davey! duration=736ms; Flags=0, IntendedVsync=438509504008, Vsync=438976170656, OldestInputEvent=9223372036854775807, NewestInputEvent=0, HandleInputStart=438981327893, AnimationStart=438981372998, PerformTraversalsStart=438984418623, DrawStart=439230611147, SyncQueued=439240295471, SyncStart=439240856617, IssueDrawCommandsStart=439241064378, SwapBuffers=439244665836, FrameCompleted=439246805889, DequeueBufferDuration=291000, QueueBufferDuration=360000, 
09-27 18:39:43.740  4421  4662 I chatty  : uid=10119(com.google.android.gms) Binder:4421_2 expire 3 lines
09-27 18:39:43.746  6039  7907 I DmpDomainNameManager: [DmpDomainNameManager|CDmpDomainNameManager.cpp:53|7907] Domain name manager start working.
09-27 18:39:43.752  6039  7903 D SYS_STAT: [SYS_STAT|CDmpLogManager.cpp:60|7903] CPU:22%  TOTAL:3765MB  FREE:83MB  RESIDENT:126MB  VIRTUAL:2067MB
09-27 18:39:45.386  8053  8053 I chatty  : uid=1000(system) expire 2 lines
09-27 18:39:45.390  8053  8053 D fpc_fingerprint_hal: fpc_module_open
09-27 18:39:45.392  8053  8053 D fpc_tac : 'modalias'='of:Nfp_fpc1020T<NULL>Cfpc,fpc10' found on  path '/sys/bus/platform/devices/soc:fp_fpc1020/'
09-27 18:39:45.395  8053  8053 D fpc_tac : 'modalias'='of:Nfp_fpc1020T<NULL>Cfpc,fpc10' found on  path '/sys/bus/platform/devices/soc:fp_fpc1020/'
09-27 18:39:45.395  8053  8053 D QSEECOMAPI: QSEECom_get_handle sb_length = 0x80
09-27 18:39:45.396  8053  8053 D QSEECOMAPI: App is not loaded in QSEE
09-27 18:39:45.396  8053  8053 D QSEECOMAPI: app_arch = 1, total_files = 8
09-27 18:39:45.739  8053  8053 D QSEECOMAPI: Loaded image: APP id = 5898243
09-27 18:39:45.742  8053  8053 E fpc_tac : fpc_tac_transfer send_cmd failed status=0 response=-11(FPC_ERROR_NOT_INITIALIZED)
09-27 18:39:45.746  8053  8053 E fpc_tac : fpc_tac_transfer send_cmd failed status=0 response=-11(FPC_ERROR_NOT_INITIALIZED)
09-27 18:39:45.746  8053  8053 D QSEECOMAPI: QSEECom_dealloc_memory 
09-27 18:39:45.746  8053  8053 D QSEECOMAPI: QSEECom_shutdown_app, app_id = 5898243
09-27 18:39:45.756  8053  8053 E fpc_fingerprint_hal: fpc_module_open failed
09-27 18:39:45.756  8053  8053 D fpc_fingerprint_hal: fpc_module_close
09-27 18:39:45.756  8053  8053 E fpc_fingerprint_hal: error: ioctl
09-27 18:39:45.756  8053  8053 E android.hardware.biometrics.fingerprint@2.1-service: Can't open fingerprint methods, error: -1
09-27 18:39:45.756  8053  8053 E android.hardware.biometrics.fingerprint@2.1-service: Can't open HAL module
09-27 18:39:45.757  8053  8053 E android.hardware.biometrics.fingerprint@2.1-service: No valid device
09-27 18:39:46.500   794  7443 D MediaBufferGroup: creating MemoryDealer
09-27 18:39:46.514  6039  8057 I OMXClient: IOmx service obtained
09-27 18:39:46.515   800  1564 I OMXMaster: makeComponentInstance(OMX.qcom.video.decoder.avc) in android.hardwar process
09-27 18:39:46.518   800  1564 I OMX-VDEC-1080P: Video slvp perflock acquired
09-27 18:39:46.520   800  1564 I OMX-VDEC-1080P: component_init: OMX.qcom.video.decoder.avc : fd=8
09-27 18:39:46.538   800  1564 I OMX-VDEC-1080P: omx_vdec::component_init() success : fd=8
09-27 18:39:46.542   800  1490 E OMX-VDEC-1080P: Extension: OMX.google.android.index.storeANWBufferInMetadata not implemented
09-27 18:39:46.542   800  1490 E OMX-VDEC-1080P: Extension: OMX.google.android.index.configureVideoTunnelMode not implemented
09-27 18:39:46.542   800  1490 E OMX-VDEC-1080P: Extension: OMX.google.android.index.useAndroidNativeBuffer is supported
09-27 18:39:46.562   800  1490 E C2DColorConvert: unknown format passed for luma alignment number
09-27 18:39:46.579   800  1490 E C2DColorConvert: unknown format passed for luma alignment number
09-27 18:39:46.586  6039  7927 I Unity   : ControllerManager
09-27 18:39:46.586  6039  7927 I Unity   :  
09-27 18:39:46.586  6039  7927 I Unity   : (Filename: ./Runtime/Export/Debug.bindings.h Line: 43)
09-27 18:39:46.586  6039  7927 I Unity   : 
09-27 18:39:46.591  6039  7927 I VrApi   : open replaceable failed
09-27 18:39:46.591  6039  7927 I VrApi   : pvr_OnLoad()
09-27 18:39:46.591  6039  7927 I VrApi   : Using caller's JNIEnv
09-27 18:39:46.593   800  1490 E C2DColorConvert: unknown format passed for luma alignment number
09-27 18:39:46.593   800  1490 E C2DColorConvert: unknown format passed for luma alignment number
09-27 18:39:46.593  6039  7927 I VrApi   : Get SdcardPath = /storage/emulated/0, 0xaf6e68cc
09-27 18:39:46.593   800  1490 E C2DColorConvert: unknown format passed for luma alignment number
09-27 18:39:46.594  6039  7927 E JniUtils: FindClass( com/psmart/vrlib/VrLib ) failed
09-27 18:39:46.594  6039  7927 E CrashReporter: Signal 6 (Aborted) raised from 0x1797
09-27 18:39:46.608   800  1490 E C2DColorConvert: unknown format passed for luma alignment number
09-27 18:39:46.609   800  7254 E OMX-VDEC-1080P: Extension: OMX.google.android.index.describeHDRStaticInfo not implemented
09-27 18:39:46.622   800   800 E C2DColorConvert: unknown format passed for luma alignment number
09-27 18:39:46.622   800   800 E C2DColorConvert: unknown format passed for luma alignment number
09-27 18:39:46.622   800  1564 E OMXNodeInstance: getParameter(0xe7fb22c4:qcom.decoder.avc, ??(0x7f000044)) ERROR: UnsupportedSetting(0x80001019)
09-27 18:39:46.655   800  1490 E C2DColorConvert: unknown format passed for luma alignment number
09-27 18:39:46.656   800  1490 E C2DColorConvert: unknown format passed for luma alignment number
09-27 18:39:46.728   794  7443 D MediaBufferGroup: creating MemoryDealer
09-27 18:39:46.771  6039  8068 D CCodec  : allocate(c2.android.raw.decoder)
09-27 18:39:46.773  6039  8068 I Codec2Client: Available Codec2 services: "software"
09-27 18:39:46.773  6039  8068 I Codec2Client: Creating a Codec2 client to service "software"
09-27 18:39:46.774  6039  8068 I Codec2Client: Client to Codec2 service "software" created
09-27 18:39:46.776   808   891 V C2Store : in init
09-27 18:39:46.776   808   891 V C2Store : loading dll
09-27 18:39:46.786  6039  8068 I CCodec  : Created component [c2.android.raw.decoder]
09-27 18:39:46.787  6039  8068 D CCodecConfig: read media type: audio/raw
09-27 18:39:46.791  6039  8068 D ReflectedParamUpdater: extent() != 1 for single value type: algo.buffers.max-count.values
09-27 18:39:46.792  6039  8068 D ReflectedParamUpdater: extent() != 1 for single value type: output.subscribed-indices.values
09-27 18:39:46.792  6039  8068 D ReflectedParamUpdater: extent() != 1 for single value type: input.buffers.allocator-ids.values
09-27 18:39:46.793  6039  8068 D ReflectedParamUpdater: extent() != 1 for single value type: output.buffers.allocator-ids.values
09-27 18:39:46.793  6039  8068 D ReflectedParamUpdater: extent() != 1 for single value type: algo.buffers.allocator-ids.values
09-27 18:39:46.794  6039  8068 D ReflectedParamUpdater: extent() != 1 for single value type: output.buffers.pool-ids.values
09-27 18:39:46.794  6039  8068 D ReflectedParamUpdater: extent() != 1 for single value type: algo.buffers.pool-ids.values
09-27 18:39:46.797  6039  8068 I CCodecConfig: query failed after returning 8 values (BAD_INDEX)
09-27 18:39:46.797  6039  8068 D CCodecConfig: c2 config is Dict {
09-27 18:39:46.797  6039  8068 D CCodecConfig:   c2::u32 coded.bitrate.value = 64000
09-27 18:39:46.797  6039  8068 D CCodecConfig:   c2::u32 input.buffers.max-size.value = 65536
