06-27 11:15:04.945   901   901 V NotificationListeners: binding: Intent { act=android.service.notification.NotificationListenerService cmp=com.google.android.projection.gearhead/com.google.android.gearhead.notifications.SharedNotificationListenerManager$ListenerService (has extras) }
06-27 11:15:04.952   901   901 V NotificationListeners: enabling notification listener for 0: ComponentInfo{com.google.android.apps.nexuslauncher/com.android.launcher3.notification.NotificationListener}
06-27 11:15:04.952   901   901 V NotificationListeners: binding: Intent { act=android.service.notification.NotificationListenerService cmp=com.google.android.apps.nexuslauncher/com.android.launcher3.notification.NotificationListener (has extras) }
06-27 11:15:04.955   901   951 W ActivityManager: Slow operation: 282ms so far, now at startProcess: returned from zygote!
06-27 11:15:04.955   901   951 W ActivityManager: Slow operation: 282ms so far, now at startProcess: done updating battery stats
06-27 11:15:04.955   901   951 W ActivityManager: Slow operation: 282ms so far, now at startProcess: building log message
06-27 11:15:04.955   901   951 I ActivityManager: Start proc 2238:com.google.SSRestartDetector/1000 for added application com.google.SSRestartDetector
06-27 11:15:04.955   901   951 W ActivityManager: Slow operation: 282ms so far, now at startProcess: starting to update pids map
06-27 11:15:04.956   901   951 W ActivityManager: Slow operation: 283ms so far, now at startProcess: done updating pids map
06-27 11:15:04.956   901   951 W ActivityManager: Slow operation: 102ms so far, now at startProcess: asking zygote to start proc
06-27 11:15:04.968   901   951 W ActivityManager: Slow operation: 113ms so far, now at startProcess: returned from zygote!
06-27 11:15:04.971   901   940 W Looper  : Slow dispatch took 120ms android.fg h=android.os.Handler c=android.app.-$$Lambda$LoadedApk$ReceiverDispatcher$Args$_BumDX2UKsnxLVrE6UJsJZkotuA@5a942b6 m=0
06-27 11:15:04.972   901   951 W ActivityManager: Slow operation: 117ms so far, now at startProcess: done updating battery stats
06-27 11:15:04.972   901   951 W ActivityManager: Slow operation: 117ms so far, now at startProcess: building log message
06-27 11:15:04.972   901   951 I ActivityManager: Start proc 2239:com.google.process.gservices/u0a119 for content provider {com.google.android.gsf/com.google.android.gsf.gservices.GservicesProvider}
06-27 11:15:04.972   901   951 W ActivityManager: Slow operation: 117ms so far, now at startProcess: starting to update pids map
06-27 11:15:04.972   901   951 W ActivityManager: Slow operation: 117ms so far, now at startProcess: done updating pids map
06-27 11:15:04.972   901   951 W ActivityManager: Slow operation: 79ms so far, now at startProcess: asking zygote to start proc
06-27 11:15:04.977   901   951 W ActivityManager: Slow operation: 83ms so far, now at startProcess: returned from zygote!
06-27 11:15:04.977   901   951 W ActivityManager: Slow operation: 83ms so far, now at startProcess: done updating battery stats
06-27 11:15:04.978   901   951 W ActivityManager: Slow operation: 84ms so far, now at startProcess: building log message
06-27 11:15:04.978   901   951 I ActivityManager: Start proc 2248:com.google.android.googlequicksearchbox:search/u0a120 for broadcast {com.google.android.googlequicksearchbox/com.google.android.apps.gsa.broadcastreceiver.external.PixelLauncherBroadcastReceiver}
06-27 11:15:04.978   901   951 W ActivityManager: Slow operation: 84ms so far, now at startProcess: starting to update pids map
06-27 11:15:04.985   901   951 W ActivityManager: Slow operation: 91ms so far, now at startProcess: done updating pids map
06-27 11:15:04.993   901   951 W ActivityManager: Slow operation: 54ms so far, now at startProcess: returned from zygote!
06-27 11:15:05.021   901   901 V NotificationListeners: enabling notification listener for 0: ComponentInfo{com.google.android.as/com.google.android.apps.miphone.aiai.common.notification.service.AiAiNotificationListenerService}
06-27 11:15:05.021   901   901 V NotificationListeners: binding: Intent { act=android.service.notification.NotificationListenerService cmp=com.google.android.as/com.google.android.apps.miphone.aiai.common.notification.service.AiAiNotificationListenerService (has extras) }
06-27 11:15:05.039   901   951 W ActivityManager: Slow operation: 100ms so far, now at startProcess: done updating battery stats
06-27 11:15:05.039   901   951 W ActivityManager: Slow operation: 100ms so far, now at startProcess: building log message
06-27 11:15:05.039   901   951 I ActivityManager: Start proc 2252:com.google.vr.vrcore/u0a159 for service {com.google.vr.vrcore/com.google.vr.vrcore.common.VrCoreZenConditionProvider}
06-27 11:15:05.039   901   951 W ActivityManager: Slow operation: 100ms so far, now at startProcess: starting to update pids map
06-27 11:15:05.040   901   951 W ActivityManager: Slow operation: 101ms so far, now at startProcess: done updating pids map
06-27 11:15:05.040   901   901 W Looper  : Slow dispatch took 249ms main h=android.app.ActivityThread$H c=android.app.-$$Lambda$LoadedApk$ReceiverDispatcher$Args$_BumDX2UKsnxLVrE6UJsJZkotuA@1e56954 m=0
06-27 11:15:05.040   901   901 W Looper  : Slow delivery took 253ms main h=android.app.ActivityThread$H c=android.app.-$$Lambda$LoadedApk$ReceiverDispatcher$Args$_BumDX2UKsnxLVrE6UJsJZkotuA@fbda0fd m=0
06-27 11:15:05.040   901   951 W ActivityManager: Slow operation: 94ms so far, now at startProcess: asking zygote to start proc
06-27 11:15:05.054   901   951 W ActivityManager: Slow operation: 108ms so far, now at startProcess: returned from zygote!
06-27 11:15:05.059   799   799 I wificond: create scanner for interface with index: 26
06-27 11:15:05.060   799   799 I wificond: subscribe scan result for interface with index: 26
06-27 11:15:05.061   799   799 E wificond: No Offload Service available
06-27 11:15:05.061   799   799 I wificond: Offload HAL not supported 
06-27 11:15:05.082   901   951 W ActivityManager: Slow operation: 136ms so far, now at startProcess: done updating battery stats
06-27 11:15:05.082   901   951 W ActivityManager: Slow operation: 136ms so far, now at startProcess: building log message
06-27 11:15:05.082   901   951 I ActivityManager: Start proc 2331:com.google.android.projection.gearhead:shared/u0a105 for service {com.google.android.projection.gearhead/com.google.android.gearhead.notifications.SharedNotificationListenerManager$ListenerService}
06-27 11:15:05.082   901   951 W ActivityManager: Slow operation: 136ms so far, now at startProcess: starting to update pids map
06-27 11:15:05.082   901   951 W ActivityManager: Slow operation: 137ms so far, now at startProcess: done updating pids map
06-27 11:15:05.083   901   951 W ActivityManager: Slow operation: 113ms so far, now at startProcess: asking zygote to start proc
06-27 11:15:05.094   901   951 W ActivityManager: Slow operation: 124ms so far, now at startProcess: returned from zygote!
06-27 11:15:05.094   901   951 W ActivityManager: Slow operation: 124ms so far, now at startProcess: done updating battery stats
06-27 11:15:05.095   901   951 W ActivityManager: Slow operation: 125ms so far, now at startProcess: building log message
06-27 11:15:05.095   901   951 I ActivityManager: Start proc 2332:com.google.android.music:main/u0a145 for service {com.google.android.music/com.google.android.music.browse.MediaBrowserService}
06-27 11:15:05.095   901   951 W ActivityManager: Slow operation: 125ms so far, now at startProcess: starting to update pids map
06-27 11:15:05.095   901   951 W ActivityManager: Slow operation: 125ms so far, now at startProcess: done updating pids map
06-27 11:15:05.096   901   951 W ActivityManager: Slow operation: 72ms so far, now at startProcess: asking zygote to start proc
06-27 11:15:05.097   901   940 W Looper  : Slow delivery took 243ms android.fg h=android.os.Handler c=android.app.-$$Lambda$LoadedApk$ReceiverDispatcher$Args$_BumDX2UKsnxLVrE6UJsJZkotuA@e1ad033 m=0
06-27 11:15:05.106   901   951 W ActivityManager: Slow operation: 82ms so far, now at startProcess: returned from zygote!
06-27 11:15:05.130   901   951 W ActivityManager: Slow operation: 106ms so far, now at startProcess: done updating battery stats
06-27 11:15:05.130   901   951 W ActivityManager: Slow operation: 106ms so far, now at startProcess: building log message
06-27 11:15:05.130   901   951 I ActivityManager: Start proc 2338:com.google.android.as/u0a99 for service {com.google.android.as/com.google.android.apps.miphone.aiai.common.notification.service.AiAiNotificationListenerService}
06-27 11:15:05.130   901   951 W ActivityManager: Slow operation: 107ms so far, now at startProcess: starting to update pids map
06-27 11:15:05.131   901   951 W ActivityManager: Slow operation: 107ms so far, now at startProcess: done updating pids map
06-27 11:15:05.131   901   951 W ActivityManager: Slow operation: 69ms so far, now at startProcess: asking zygote to start proc
06-27 11:15:05.132   901   940 W Looper  : Drained
06-27 11:15:05.143   901   951 W ActivityManager: Slow operation: 81ms so far, now at startProcess: returned from zygote!
06-27 11:15:05.154   901   951 W ActivityManager: Slow operation: 92ms so far, now at startProcess: done updating battery stats
06-27 11:15:05.154   901   951 W ActivityManager: Slow operation: 93ms so far, now at startProcess: building log message
06-27 11:15:05.154   901   951 I ActivityManager: Start proc 2362:com.google.android.youtube/u0a162 for service {com.google.android.youtube/com.google.android.apps.youtube.app.extensions.mediabrowser.impl.MainAppMediaBrowserService}
06-27 11:15:05.154   901   951 W ActivityManager: Slow operation: 93ms so far, now at startProcess: starting to update pids map
06-27 11:15:05.155   901   951 W ActivityManager: Slow operation: 93ms so far, now at startProcess: done updating pids map
06-27 11:15:05.226   901   925 W ActivityManager: Slow operation: 59ms so far, now at attachApplicationLocked: after mServices.attachApplicationLocked
06-27 11:15:05.373   901   951 I ActivityManager: Start proc 2383:com.google.process.gapps/u0a119 for content provider {com.google.android.gsf/com.google.android.gsf.settings.GoogleSettingsProvider}
06-27 11:15:05.518   901  1393 E BackupPasswordManager: Unable to read backup pw version
06-27 11:15:05.519   901  1393 E BackupPasswordManager: Unable to read saved backup pw hash
06-27 11:15:05.614   799   799 I wificond: Regulatory domain changed to country: CN
06-27 11:15:05.616   799   799 I wificond: 2.4Ghz frequencies: 2412 2417 2422 2427 2432 2437 2442 2447 2452 2457 2462 2467 2472
06-27 11:15:05.616   799   799 I wificond: 5Ghz non-DFS frequencies: 5180 5200 5220 5240 5745 5765 5785 5805 5825
06-27 11:15:05.616   799   799 I wificond: 5Ghz DFS frequencies: 5260 5280 5300 5320
06-27 11:15:05.712   901   951 I ActivityManager: Start proc 2431:com.google.android.apps.cloudprint:sync/u0a167 for service {com.google.android.apps.cloudprint/com.google.android.apps.cloudprint.printdialog.services.CloudPrintSyncService}
06-27 11:15:05.745   901  1422 I SyncManager: Loaded persisted syncs: 33 periodic syncs, 18 oneshot syncs, 64 total system server jobs, JobStats: FirstLoad: 112/53/51 LastSave: -1/-1/-1
06-27 11:15:05.795   901   901 W Looper  : Slow dispatch took 755ms main h=android.app.ActivityThread$H c=android.app.-$$Lambda$LoadedApk$ReceiverDispatcher$Args$_BumDX2UKsnxLVrE6UJsJZkotuA@cf27af6 m=0
06-27 11:15:05.816   901   901 V NotificationAssistants: 0 notification assistant service connected: ComponentInfo{com.google.android.ext.services/android.ext.services.notification.Assistant}
06-27 11:15:05.831   901   901 V NotificationListeners: 0 notification listener service connected: ComponentInfo{com.google.android.apps.nexuslauncher/com.android.launcher3.notification.NotificationListener}
06-27 11:15:05.832   901   901 V NotificationListeners: 0 notification listener service connected: ComponentInfo{com.google.android.projection.gearhead/com.google.android.gearhead.notifications.SharedNotificationListenerManager$ListenerService}
06-27 11:15:06.010   901   901 W Looper  : Drained
06-27 11:15:06.033   901   901 V ConditionProviders: 0 condition provider service connected: ComponentInfo{com.google.vr.vrcore/com.google.vr.vrcore.common.VrCoreZenConditionProvider}
06-27 11:15:06.057   901   951 I ActivityManager: Start proc 2458:com.google.android.apps.turbo/u0a134 for content provider {com.google.android.apps.turbo/com.google.android.apps.turbo.nudges.battery.provider.EstimatedTimeRemainingProvider}
06-27 11:15:06.133   901   901 V NotificationListeners: 0 notification listener service connected: ComponentInfo{com.google.vr.vrcore/com.google.vr.vrcore.notification.VrNotificationService}
06-27 11:15:06.141   901  2462 D NotificationListeners: Disabling component com.google.vr.vrcore/.notification.VrNotificationService
06-27 11:15:06.703   901  1393 V BackupManagerService: No ancestral data
06-27 11:15:06.783   901  1368 D ConnectivityService: Got NetworkFactory Messenger for WifiNetworkFactory
06-27 11:15:06.783   901  1368 D ConnectivityService: Got NetworkFactory Messenger for UntrustedWifiNetworkFactory
06-27 11:15:06.854   901  2264 V BackupManagerConstants: getKeyValueBackupIntervalMilliseconds(...) returns 14400000
06-27 11:15:06.855   901  2264 V BackupManagerConstants: getKeyValueBackupFuzzMilliseconds(...) returns 600000
06-27 11:15:06.855   901  2264 V BackupManagerConstants: getKeyValueBackupRequiredNetworkType(...) returns 1
06-27 11:15:06.855   901  2264 V BackupManagerConstants: getKeyValueBackupRequireCharging(...) returns true
06-27 11:15:06.855   901  2264 V KeyValueBackupJob: Scheduling k/v pass in 248 minutes
06-27 11:15:07.347   901   901 V ConditionProviders: 0 condition provider service connected: ComponentInfo{com.google.android.gms/com.google.android.location.settings.DrivingConditionProvider}
06-27 11:15:07.349   901   957 W KernelCpuProcStringReader: File not found. It's normal if not implemented: /proc/uid_concurrent_active_time
06-27 11:15:07.350   901   957 W KernelCpuProcStringReader: File not found. It's normal if not implemented: /proc/uid_concurrent_policy_time
06-27 11:15:07.708   901   951 I ActivityManager: Start proc 2474:com.google.android.apps.photos/u0a75 for broadcast {com.google.android.apps.photos/com.google.android.apps.photos.sdcard.envcache.ExternalStorageStateChangeBroadcastReceiver}
06-27 11:15:07.742   901  1393 I BackupManagerService: Backup enabled => false
06-27 11:15:08.088   901  2608 D ConditionProviders: Disabling component com.google.android.gms/com.google.android.location.settings.DrivingConditionProvider
06-27 11:15:08.319   901  2264 V BackupManagerConstants: getKeyValueBackupIntervalMilliseconds(...) returns 14400000
06-27 11:15:08.319   901  2264 V BackupManagerConstants: getKeyValueBackupFuzzMilliseconds(...) returns 600000
06-27 11:15:08.319   901  2264 V BackupManagerConstants: getKeyValueBackupRequiredNetworkType(...) returns 1
06-27 11:15:08.319   901  2264 V BackupManagerConstants: getKeyValueBackupRequireCharging(...) returns true
06-27 11:15:08.319   901  2264 V KeyValueBackupJob: Scheduling k/v pass in 245 minutes
06-27 11:15:08.463   901   901 V NotificationListeners: 0 notification listener service connected: ComponentInfo{com.google.android.as/com.google.android.apps.miphone.aiai.common.notification.service.AiAiNotificationListenerService}
06-27 11:15:08.594   901  2768 I DropBoxManagerService: add tag=SYSTEM_BOOT isTagEnabled=true flags=0x2
06-27 11:15:08.651   901  2768 I BootReceiver: Copying audit failures to DropBox
06-27 11:15:08.655   901  2768 I BootReceiver: Checking for fsck errors
06-27 11:15:08.661   901  2768 I BootReceiver: fs_stat, partition:userdata stat:0x3
06-27 11:15:09.397  2079  2079 W KeyphraseEnrollmentInfo: No enrollment application supports the given keyphrase/locale: 'X Google'/zh_CN_#Hans
06-27 11:15:09.397  2079  2079 W KeyphraseEnrollmentInfo: No enrollment application supports the given keyphrase/locale: 'X Google'/zh_CN_#Hans
06-27 11:15:09.891   901   951 I ActivityManager: Start proc 2480:com.google.android.partnersetup/u0a123 for content provider {com.google.android.partnersetup/com.google.android.partnersetup.RlzAppProvider}
06-27 11:15:10.148   799   799 W wificond: Scan is not started. Ignore abort request
06-27 11:15:10.290   901   951 I ActivityManager: Start proc 2488:com.android.localtransport/1000 for service {com.android.localtransport/com.android.localtransport.LocalTransportService}
06-27 11:15:10.444  1869  2763 I SystemConfig: Adding association: com.google.android.as <- com.android.providers.contacts
06-27 11:15:10.444  1869  2763 I SystemConfig: Adding association: com.google.android.as <- com.android.providers.media
06-27 11:15:10.444  1869  2763 I SystemConfig: Adding association: com.google.android.as <- com.android.providers.telephony
06-27 11:15:10.444  1869  2763 I SystemConfig: Adding association: com.google.android.as <- com.android.systemui
06-27 11:15:10.444  1869  2763 I SystemConfig: Adding association: com.google.android.as <- com.google.android.gms
06-27 11:15:10.444  1869  2763 I SystemConfig: Adding association: com.google.android.as <- com.google.android.gsf
06-27 11:15:10.495   901   901 I TransportClient: LocalTransportService#0: Notifying [TransportManager.registerTransport()] transport = IBackupTransport
06-27 11:15:10.641  1869  2763 W SystemConfig: No directory /product_services/etc/sysconfig, skipping
06-27 11:15:10.641  1869  2763 W SystemConfig: No directory /product_services/etc/permissions, skipping
06-27 11:15:10.662   901  2264 D BackupTransportManager: Transport com.android.localtransport/.LocalTransportService registered
06-27 11:15:10.668   901  2264 D BackupManagerService: Transport com.android.localtransport/.LocalTransport registered 4058ms after first request (delay = 3000ms)
06-27 11:15:11.037   901   951 I ActivityManager: Start proc 2496:com.google.android.dialer/u0a112 for broadcast {com.google.android.dialer/com.google.android.apps.dialer.app.GoogleDialerBootReceiver}
06-27 11:15:11.500   901  2601 W BroadcastQueue: Background execution not allowed: receiving Intent { act=com.google.android.systemui.OPA_ENABLED flg=0x10000010 (has extras) } to com.google.android.apps.nexuslauncher/.qsb.OPAStatusReceiver
06-27 11:15:11.852   901   901 I TransportClient: D2dTransportService#1: Notifying [TransportManager.registerTransport()] transport = IBackupTransport
06-27 11:15:11.920   901  2264 D BackupTransportManager: Transport com.google.android.gms/.backup.component.D2dTransportService registered
06-27 11:15:11.920   901  2264 D BackupManagerService: Transport com.google.android.gms/.backup.migrate.service.D2dTransport registered 5316ms after first request (delay = 3000ms)
06-27 11:15:12.161   901   901 I TransportClient: BackupTransportService#2: Notifying [TransportManager.registerTransport()] transport = IBackupTransport
06-27 11:15:12.416   901  2264 D BackupTransportManager: Transport com.google.android.gms/.backup.BackupTransportService registered
06-27 11:15:12.416   901  2264 D BackupManagerService: Transport com.google.android.gms/.backup.BackupTransportService registered 5813ms after first request (delay = 3000ms)
06-27 11:15:12.484   901  2264 I BackupManagerService: Found stale backup journal, scheduling
06-27 11:15:12.620   901  2264 I chatty  : uid=1000(system) backup-0 identical 142 lines
06-27 11:15:12.620   901  2264 I BackupManagerService: Found stale backup journal, scheduling
06-27 11:15:12.629   901   943 D ColorDisplayService: Setting saturation level: 100
06-27 11:15:12.646   901  2264 I BackupManagerService: Found stale backup journal, scheduling
06-27 11:15:13.145   901  2264 I chatty  : uid=1000(system) backup-0 identical 277 lines
06-27 11:15:13.145   901  2264 I BackupManagerService: Found stale backup journal, scheduling
06-27 11:15:13.269   901   925 W AppOps  : Noting op not finished: uid 10120 pkg com.google.android.googlequicksearchbox code 79 time=1561605313253 duration=-1
06-27 11:15:13.288   901  2601 W AppOps  : Noting op not finished: uid 10120 pkg com.google.android.googlequicksearchbox code 79 time=1561605313269 duration=0
06-27 11:15:13.316   901  2610 W AppOps  : Noting op not finished: uid 10120 pkg com.google.android.googlequicksearchbox code 79 time=1561605313288 duration=0
06-27 11:15:13.320   901   901 I Telecom : DefaultDialerCache: Refreshing default dialer for user 0: now com.google.android.dialer: CM.CCCR->CM.UECNT@AAw
06-27 11:15:13.322   901   901 I Telecom : MissedCallNotifierImpl: reloadAfterBootComplete: user=0: CM.CCCR->CM.UECNT@AAw
06-27 11:15:13.445   901   951 I ActivityManager: Start proc 2534:com.android.connectivity.metrics/u0a108 for broadcast {com.android.connectivity.metrics/com.android.connectivity.metrics.SnapshotSchedulingReceiver}
06-27 11:15:13.465   901   949 D PinnerService: pinRangeStream: null
06-27 11:15:13.802  1444  1444 I TelecomFramework: : Carrier-config changed, checking for phone account updates.
06-27 11:15:13.810   901   901 I Telecom : PhoneAccountRegistrar: getSimCallManager: SimCallManager for subId -1 queried, returning: null: CM.CCCR->CM.UECNT@AAw
06-27 11:15:13.815   901   951 I ActivityManager: Start proc 2545:com.android.dynsystem/1000 for broadcast {com.android.dynsystem/com.android.dynsystem.BootCompletedReceiver}
06-27 11:15:13.867   901   949 D PinnerService: pinRangeStream: null
06-27 11:15:13.950   901  2330 D ConditionProviders: Disabling component com.google.android.apps.wellbeing/.dnd.impl.DndConditionProviderService
06-27 11:15:13.975   901   949 D PinnerService: pinRangeStream: null
06-27 11:15:14.006   901  2611 D DynamicSystemService: GsiService is not ready, wait for 64ms
06-27 11:15:14.079   901  2604 W DynamicSystemService: gsiservice died; reconnecting
06-27 11:15:14.082   901   951 I ActivityManager: Start proc 2551:com.android.sdm.plugins.sprintdm/1001 for broadcast {com.android.sdm.plugins.sprintdm/com.android.sdm.plugins.sprintdm.SprintDMReceiver}
06-27 11:15:14.096   901   951 I ActivityManager: Start proc 2556:com.android.hotwordenrollment.okgoogle/u0a111 for broadcast {com.android.hotwordenrollment.okgoogle/com.android.hotwordenrollment.okgoogle.StartupReceiver}
06-27 11:15:14.381   901   951 I ActivityManager: Start proc 2562:com.android.hotwordenrollment.xgoogle/u0a126 for broadcast {com.android.hotwordenrollment.xgoogle/com.android.hotwordenrollment.xgoogle.StartupReceiver}
06-27 11:15:14.416   901   951 I ActivityManager: Start proc 2901:com.google.android.ims/u0a100 for broadcast {com.google.android.ims/com.google.android.ims.receivers.CarrierConfigChangedReceiver}
06-27 11:15:14.568   901   951 I ActivityManager: Start proc 2908:com.android.managedprovisioning/u0a57 for broadcast {com.android.managedprovisioning/com.android.managedprovisioning.preprovisioning.BootReminder}
06-27 11:15:14.644   901   951 I ActivityManager: Start proc 2911:com.android.printspooler/u0a81 for service {com.android.printspooler/com.android.printspooler.model.PrintSpoolerService}
06-27 11:15:14.716   901   951 I ActivityManager: Start proc 1443:com.android.omadm.service/u0a132 for broadcast {com.android.omadm.service/com.android.omadm.service.DMIntentReceiver}
06-27 11:15:14.876   901   951 I ActivityManager: Start proc 2912:com.android.keychain/1000 for service {com.android.keychain/com.android.keychain.KeyChainService}
06-27 11:15:14.938   901  2609 I ActivityManager: Killing 1870:com.google.android.deskclock/u0a155 (adj 985): empty #17
06-27 11:15:15.003   901  2609 I ActivityManager: Killing 2474:com.google.android.apps.photos/u0a75 (adj 985): empty #17
06-27 11:15:15.099   901   951 I ActivityManager: Start proc 2914:com.android.providers.calendar/u0a48 for broadcast {com.android.providers.calendar/com.android.providers.calendar.CalendarReceiver}
06-27 11:15:15.160   901  2601 D ConnectivityService: requestNetwork for uid/pid:10100/2901 NetworkRequest [ TRACK_DEFAULT id=19, [ Capabilities: INTERNET&NOT_RESTRICTED&TRUSTED Uid: 10100] ]
06-27 11:15:15.196   901  2604 I ActivityManager: Killing 2362:com.google.android.youtube/u0a162 (adj 985): empty #17
06-27 11:15:15.478   901  1614 I ActivityManager: Killing 2488:com.android.localtransport/1000 (adj 985): empty #17
06-27 11:15:15.640   901  3231 D ConnectivityService: ConnectivityService NetworkRequestInfo binderDied(NetworkRequest [ LISTEN id=17, [ Capabilities: INTERNET&NOT_RESTRICTED&TRUSTED Uid: 10162] ], android.os.BinderProxy@ed46958)
06-27 11:15:15.764   901   951 I ActivityManager: Start proc 3091:com.android.traceur/u0a74 for broadcast {com.android.traceur/com.android.traceur.Receiver}
06-27 11:15:15.889   901   951 I ActivityManager: Start proc 3092:com.google.android.apps.messaging/u0a150 for service {com.google.android.apps.messaging/com.google.android.apps.messaging.rcsmigration.RcsMigrationService}
06-27 11:15:16.003   901   951 I ActivityManager: Start proc 3095:com.google.android.apps.messaging:rcs/u0a150 for service {com.google.android.apps.messaging/com.google.android.ims.service.JibeService}
06-27 11:15:16.063   901   949 E PackageManager: Optimistic bind failed.
06-27 11:15:16.063   901   949 E PackageManager: java.util.concurrent.TimeoutException: [Optimistic Bind] Didn't bind to resolver in time!
06-27 11:15:16.063   901   949 E PackageManager: 	at com.android.server.pm.InstantAppResolverConnection.waitForBindLocked(InstantAppResolverConnection.java:161)
06-27 11:15:16.063   901   949 E PackageManager: 	at com.android.server.pm.InstantAppResolverConnection.bind(InstantAppResolverConnection.java:226)
06-27 11:15:16.063   901   949 E PackageManager: 	at com.android.server.pm.InstantAppResolverConnection.lambda$optimisticBind$0$InstantAppResolverConnection(InstantAppResolverConnection.java:256)
06-27 11:15:16.063   901   949 E PackageManager: 	at com.android.server.pm.-$$Lambda$InstantAppResolverConnection$D-JKXi4qrYjnPQMOwj8UtfZenps.run(Unknown Source:2)
06-27 11:15:16.063   901   949 E PackageManager: 	at android.os.Handler.handleCallback(Handler.java:883)
06-27 11:15:16.063   901   949 E PackageManager: 	at android.os.Handler.dispatchMessage(Handler.java:100)
06-27 11:15:16.063   901   949 E PackageManager: 	at android.os.Looper.loop(Looper.java:214)
06-27 11:15:16.063   901   949 E PackageManager: 	at android.os.HandlerThread.run(HandlerThread.java:67)
06-27 11:15:16.220   901  2604 I ActivityManager: Killing 2496:com.google.android.dialer/u0a112 (adj 985): empty #17
06-27 11:15:16.227   901   951 I ActivityManager: Start proc 3101:com.google.android.wfcactivation/u0a117 for broadcast {com.google.android.wfcactivation/com.google.android.wfcactivation.VzwVoWiFiReceiver}
06-27 11:15:16.238   901  2604 W ActivityManager: Background start not allowed: service Intent { act=com.google.firebase.INSTANCE_ID_EVENT pkg=com.google.android.apps.messaging cmp=com.google.android.apps.messaging/.fcm.BugleFirebaseInstanceIDService (has extras) } to com.google.android.apps.messaging/.fcm.BugleFirebaseInstanceIDService from pid=3092 uid=10150 pkg=com.google.android.apps.messaging startFg?=false
06-27 11:15:16.499   901   951 I ActivityManager: Start proc 3107:com.qualcomm.qcrilmsgtunnel/1001 for service {com.qualcomm.qcrilmsgtunnel/com.qualcomm.qcrilmsgtunnel.QcrilMsgTunnelService}
06-27 11:15:16.568   901  2609 I ActivityManager: Killing 2431:com.google.android.apps.cloudprint:sync/u0a167 (adj 985): empty #17
06-27 11:15:16.847  1603  2192 E ActivityThread: Failed to find provider info for instantapp-dev-manager
06-27 11:15:16.920   901   951 I ActivityManager: Start proc 1451:com.android.vending/u0a109 for broadcast {com.android.vending/com.google.android.finsky.boothandler.BootCompletedReceiver}
06-27 11:15:17.088   901   951 I ActivityManager: Start proc 3213:com.google.android.apps.photos/u0a75 for service {com.google.android.apps.photos/com.google.android.apps.photos.dbprocessor.impl.DatabaseProcessorJobService}
06-27 11:15:17.152   901  2323 W ActivityManager: Background start not allowed: service Intent { cmp=com.google.android.apps.messaging/.shared.datamodel.action.ActionExecutorImpl$EmptyService } to com.google.android.apps.messaging/.shared.datamodel.action.ActionExecutorImpl$EmptyService from pid=3092 uid=10150 pkg=com.google.android.apps.messaging startFg?=false
06-27 11:15:17.252   901  2609 I ActivityManager: Killing 1868:com.google.android.marvin.talkback/u0a170 (adj 985): empty #17
06-27 11:15:17.384   901  2323 I ActivityManager: Killing 1600:com.android.cellbroadcastreceiver/u0a60 (adj 985): empty #17
06-27 11:15:17.384   901  2323 I ActivityManager: Killing 2534:com.android.connectivity.metrics/u0a108 (adj 985): empty #18
06-27 11:15:17.606   901  2325 W ActivityManager: Background start not allowed: service Intent { cmp=com.google.android.apps.messaging/.shared.datamodel.action.ActionExecutorImpl$EmptyService } to com.google.android.apps.messaging/.shared.datamodel.action.ActionExecutorImpl$EmptyService from pid=3092 uid=10150 pkg=com.google.android.apps.messaging startFg?=false
06-27 11:15:18.628   901  2658 D ConnectivityService: requestNetwork for uid/pid:10109/1451 NetworkRequest [ TRACK_DEFAULT id=20, [ Capabilities: INTERNET&NOT_RESTRICTED&TRUSTED Uid: 10109] ]
06-27 11:15:19.640   901  2609 I ActivityManager: Killing 2545:com.android.dynsystem/1000 (adj 985): empty #17
06-27 11:15:19.651  2238  2238 W ContextImpl: Calling a method in the system process without a qualified user: android.app.ContextImpl.startService:1570 android.content.ContextWrapper.startService:669 android.content.ContextWrapper.startService:669 com.google.SSRestartDetector.SSRestartDetectorAutoboot.onReceive:43 android.app.ActivityThread.handleReceiver:3786 
06-27 11:15:19.655   901  1727 W BroadcastQueue: Permission Denial: receiving Intent { act=android.intent.action.BOOT_COMPLETED flg=0x89000010 (has extras) } to com.google.android.apps.docs/.notification.common.NotificationChannelReceiver requires android.permission.RECEIVE_BOOT_COMPLETED due to sender null (uid 1000)
06-27 11:15:19.669   901   951 I ActivityManager: Start proc 3217:com.google.android.apps.gcs/u0a133 for broadcast {com.google.android.apps.gcs/com.google.android.apps.gcs.receiver.BootCompletedReceiver}
06-27 11:15:19.836   901  1727 I ActivityManager: Killing 1863:com.google.android.apps.wellbeing/u0a113 (adj 985): empty #17
06-27 11:15:20.001   901  2601 D ActivityTaskManager: Top Process State changed to PROCESS_STATE_TOP_SLEEPING
06-27 11:15:20.002   901  2601 I ActivityTaskManager: START u0 {act=android.intent.action.MAIN cat=[android.intent.category.HOME] flg=0x10000100 cmp=com.google.android.apps.nexuslauncher/.NexusLauncherActivity} from uid 0
06-27 11:15:20.053   901  2609 I ActivityManager: Killing 2551:com.android.sdm.plugins.sprintdm/1001 (adj 985): empty #17
06-27 11:15:20.410   901  2323 I ActivityManager: Killing 2248:com.google.android.googlequicksearchbox:search/u0a120 (adj 985): empty #17
06-27 11:15:20.469   901  2609 W ProcessStats: Tracking association SourceState{6ecab4b com.google.android.gms.persistent/10119 ImpFg #1132} whose proc state 2 is better than process ProcessState{5f7f928 com.google.android.gms/10119 pkg=com.google.android.gms} proc state 3 (0 skipped)
06-27 11:15:20.538   901   943 W ActivityTaskManager: Activity top resumed state loss timeout for ActivityRecord{25c562d u0 com.google.android.apps.nexuslauncher/.NexusLauncherActivity t45}
06-27 11:15:20.538   901   943 W ActivityTaskManager: Activity pause timeout for ActivityRecord{25c562d u0 com.google.android.apps.nexuslauncher/.NexusLauncherActivity t45}
06-27 11:15:20.565   901   951 I ActivityManager: Start proc 3219:com.google.android.googlequicksearchbox:search/u0a120 for content provider {com.google.android.googlequicksearchbox/com.google.android.apps.gsa.staticplugins.publiccontent.GsaPublicContentProvider}
06-27 11:15:20.788   901   951 I ActivityManager: Start proc 3221:com.google.android.apps.maps/u0a141 for broadcast {com.google.android.apps.maps/com.google.android.apps.gmm.navigation.service.detection.StartDetectionReceiver}
06-27 11:15:20.940   901  2658 V FingerprintService: mDaemon was null, reconnect to fingerprint
06-27 11:15:20.942   901  2658 W FingerprintService: fingerprint HIDL not available
06-27 11:15:20.995   901  2609 V FingerprintService: mDaemon was null, reconnect to fingerprint
06-27 11:15:20.998   901  2609 W FingerprintService: fingerprint HIDL not available
06-27 11:15:21.491   901  2658 I ActivityManager: Killing 2556:com.android.hotwordenrollment.okgoogle/u0a111 (adj 985): empty #17
06-27 11:15:22.920   901  2658 W ActivityManager: Background start not allowed: service Intent { cmp=com.google.android.apps.messaging/.shared.datamodel.action.ActionExecutorImpl$EmptyService } to com.google.android.apps.messaging/.shared.datamodel.action.ActionExecutorImpl$EmptyService from pid=3092 uid=10150 pkg=com.google.android.apps.messaging startFg?=false
06-27 11:15:22.922   901  2609 W ActivityManager: Background start not allowed: service Intent { cmp=com.google.android.apps.messaging/.shared.datamodel.action.ActionExecutorImpl$EmptyService } to com.google.android.apps.messaging/.shared.datamodel.action.ActionExecutorImpl$EmptyService from pid=3092 uid=10150 pkg=com.google.android.apps.messaging startFg?=false
06-27 11:15:23.089   901  2658 W ActivityManager: Background start not allowed: service Intent { cmp=com.google.android.apps.messaging/.shared.datamodel.action.ActionExecutorImpl$EmptyService } to com.google.android.apps.messaging/.shared.datamodel.action.ActionExecutorImpl$EmptyService from pid=3092 uid=10150 pkg=com.google.android.apps.messaging startFg?=false
06-27 11:15:23.110   901  2658 D ConnectivityService: requestNetwork for uid/pid:10120/3219 NetworkRequest [ TRACK_DEFAULT id=22, [ Capabilities: INTERNET&NOT_RESTRICTED&TRUSTED Uid: 10120] ]
06-27 11:15:24.756  1426  2131 I PowerUI.Notification: show low battery warning: level=3 [-2] playSound=false
06-27 11:15:25.045   901  2609 D ConnectivityService: requestNetwork for uid/pid:10141/3221 NetworkRequest [ TRACK_DEFAULT id=24, [ Capabilities: INTERNET&NOT_RESTRICTED&TRUSTED Uid: 10141] ]
06-27 11:15:25.651   901   942 I EntropyMixer: Writing entropy...
06-27 11:15:25.737  1426  2131 D PowerUI : can't show warning due to - plugged: true status unknown: false
06-27 11:15:25.738  1426  2131 I PowerUI.Notification: dismissing low battery notification
06-27 11:15:25.742  1426  2131 D PowerUI : can't show warning due to - plugged: true status unknown: false
06-27 11:15:25.808   901   957 W KernelCpuProcStringReader: File not found. It's normal if not implemented: /proc/uid_concurrent_active_time
06-27 11:15:25.811   901   957 W KernelCpuProcStringReader: File not found. It's normal if not implemented: /proc/uid_concurrent_policy_time
06-27 11:15:25.887   901  3596 W ActivityManager: Background start not allowed: service Intent { cmp=com.google.android.apps.messaging/.shared.datamodel.action.ActionExecutorImpl$EmptyService } to com.google.android.apps.messaging/.shared.datamodel.action.ActionExecutorImpl$EmptyService from pid=3092 uid=10150 pkg=com.google.android.apps.messaging startFg?=false
06-27 11:15:25.925   901   925 W ActivityManager: Background start not allowed: service Intent { cmp=com.google.android.apps.messaging/.shared.datamodel.action.ActionExecutorImpl$EmptyService } to com.google.android.apps.messaging/.shared.datamodel.action.ActionExecutorImpl$EmptyService from pid=3092 uid=10150 pkg=com.google.android.apps.messaging startFg?=false
06-27 11:15:25.929   901   940 D UsbDeviceManager: push notification: USB 
06-27 11:15:26.540   901   949 W ProcessCpuTracker: Failed to stat(/proc/3708): android.system.ErrnoException: stat failed: ENOENT (No such file or directory)
06-27 11:15:26.540   901   949 W ProcessCpuTracker: Skipping unknown process pid 3708
06-27 11:15:26.598   901   951 I ActivityManager: Start proc 3222:com.google.android.apps.turbo:aab/u0a134 for broadcast {com.google.android.apps.turbo/com.google.android.libraries.smartbattery.appusage.library.BootReceiver}
06-27 11:15:26.771  1426  2131 D PowerUI : can't show warning due to - plugged: true status unknown: false
06-27 11:15:26.981   901  1953 I UsbPortManager: ClientCallback V1_1: port0
06-27 11:15:26.981   901   940 I UsbPortManager: USB port changed: port=UsbPort{id=port0, supportedModes=dualsupportedContaminantProtectionModes=0supportsEnableContaminantPresenceProtection=falsesupportsEnableContaminantPresenceDetection=false, status=UsbPortStatus{connected=true, currentMode=ufp, currentPowerRole=sink, currentDataRole=device, supportedRoleCombinations=[source:host, sink:device], contaminantDetectionStatus=0, contaminantProtectionStatus=0}, canChangeMode=true, canChangePowerRole=false, canChangeDataRole=false, connectedAtMillis=41548, lastConnectDurationMillis=0
06-27 11:15:26.983   901  1953 I UsbPortManager: ClientCallback V1_1: port0
06-27 11:15:26.983   901  2142 D AdbDebuggingManager: Received connected key message: QAAAAEXonWNzFaebAOC8zx5cwm068dqOL56zOIsmMhxqbZ72q5bmOSV37ADu0C6JOCCwwb8e+iqjcVHx4Cy3MPHmBeqNm0irTgRqHRkkMSVyfTW5GY02sujDH2qZA96sl0YiMIrJHsSv68FBKoYutf4MYIvDPYhUMR73+xqHJ0Pu0WggorZ0mMh77v/pVZjJpqmONFZzcwU+ZcS4hRzx9Eh/gDKFe97q5CX0dB9rXOPaAKFdLP5JC0d5F0nbuYT7qtdjZWCQtATxUafUMlZMKVtpPH8lD0p0I2q9C0gXg1PvbX3Q8kNipn2qFr1NH2X1GSh7SJsWYXAIYmwWGu645TP0bqXA5+3AjHhPYVMvj1QrnM535kmSrlQdbR1j1WrHW0IE51rhYVSHFfikBaQosd+WfpqbEx0gc35GSrf2X5T6jm/KqmYMiG06EiCsQblfKfgG27vwkChKDtflmiC1pzArZfmPNV/1uDk3gxcZfspitUqmsLaY4cRC7qdHjdJzrYl0jzma+p8gkgm4LbZCSvX+6n//c/Npd4VIw71dnHn2NG5hwzLuWBkn01+siI/lKdn3+RRzwyShUye+3ZmvAvZPwSZkoXyfWi2XNC5xgHc/zG0rqkukXqZv2Y1kiphqDx/1EG4HZhXreVNWp2/ipkO6oivxc8ThZldXWMavHK09ikfEBwZZHAEAAQA= @unknown
06-27 11:15:26.984   901   940 D AdbDebuggingManager: Logging key QAAAAEXonWNzFaebAOC8zx5cwm068dqOL56zOIsmMhxqbZ72q5bmOSV37ADu0C6JOCCwwb8e+iqjcVHx4Cy3MPHmBeqNm0irTgRqHRkkMSVyfTW5GY02sujDH2qZA96sl0YiMIrJHsSv68FBKoYutf4MYIvDPYhUMR73+xqHJ0Pu0WggorZ0mMh77v/pVZjJpqmONFZzcwU+ZcS4hRzx9Eh/gDKFe97q5CX0dB9rXOPaAKFdLP5JC0d5F0nbuYT7qtdjZWCQtATxUafUMlZMKVtpPH8lD0p0I2q9C0gXg1PvbX3Q8kNipn2qFr1NH2X1GSh7SJsWYXAIYmwWGu645TP0bqXA5+3AjHhPYVMvj1QrnM535kmSrlQdbR1j1WrHW0IE51rhYVSHFfikBaQosd+WfpqbEx0gc35GSrf2X5T6jm/KqmYMiG06EiCsQblfKfgG27vwkChKDtflmiC1pzArZfmPNV/1uDk3gxcZfspitUqmsLaY4cRC7qdHjdJzrYl0jzma+p8gkgm4LbZCSvX+6n//c/Npd4VIw71dnHn2NG5hwzLuWBkn01+siI/lKdn3+RRzwyShUye+3ZmvAvZPwSZkoXyfWi2XNC5xgHc/zG0rqkukXqZv2Y1kiphqDx/1EG4HZhXreVNWp2/ipkO6oivxc8ThZldXWMavHK09ikfEBwZZHAEAAQA= @unknown, state = 4, alwaysAllow = true, lastConnectionTime = 1561607334030, authWindow = 604800000
06-27 11:15:27.108   901  1606 D ActivityTaskManager: Top Process State changed to PROCESS_STATE_TOP
06-27 11:15:27.183   901   951 I ActivityManager: Start proc 3334:com.google.android.apps.wallpaper/u0a118 for broadcast {com.google.android.apps.wallpaper/com.android.wallpaper.module.RotationWallpaperMoveReceiver}
06-27 11:15:27.407   901   951 W ActivityManager: Slow operation: 63ms so far, now at startProcess: done updating battery stats
06-27 11:15:27.407   901   951 W ActivityManager: Slow operation: 63ms so far, now at startProcess: building log message
06-27 11:15:27.407   901   951 I ActivityManager: Start proc 3351:com.google.android.apps.wellbeing/u0a113 for content provider {com.google.android.apps.wellbeing/com.google.android.apps.wellbeing.api.impl.WellbeingSettingsProvider}
06-27 11:15:27.407   901   951 W ActivityManager: Slow operation: 63ms so far, now at startProcess: starting to update pids map
06-27 11:15:27.407   901   951 W ActivityManager: Slow operation: 63ms so far, now at startProcess: done updating pids map
06-27 11:15:27.407   901   943 W UsageStatsService: Event reported without a package name, eventType:18
06-27 11:15:27.490   901  2608 V FingerprintService: mDaemon was null, reconnect to fingerprint
06-27 11:15:27.493   901  2608 W FingerprintService: fingerprint HIDL not available
06-27 11:15:27.748   901   926 E ActivityManager: No package in referenced provider {com.android.providers.userdictionary/com.android.providers.userdictionary.UserDictionaryProvider}: proc=ProcessRecord{ca04ce4 1608:android.process.acore/u0a42}
06-27 11:15:27.751   901   950 I DropBoxManagerService: add tag=system_server_wtf isTagEnabled=true flags=0x2
06-27 11:15:27.961   901  1614 I ActivityManager: Killing 1605:com.google.android.carrier/u0a104 (adj 985): empty #17
06-27 11:15:28.812   901   926 E WifiService: Permission violation - startScan not allowed for uid=10119, packageName=com.google.android.gms, reason=java.lang.SecurityException: Location mode is disabled for the device
06-27 11:15:29.277   901  1614 D SoundTriggerHelper: Sound model loaded with handle:1
06-27 11:15:29.298   901  3596 I ActivityManager: Killing 2562:com.android.hotwordenrollment.xgoogle/u0a126 (adj 985): empty #17
06-27 11:15:29.403   901   951 I ActivityManager: Start proc 3354:com.google.android.apps.work.oobconfig/u0a130 for broadcast {com.google.android.apps.work.oobconfig/com.google.android.apps.work.oobconfig.BootCompletedReceiver}
06-27 11:15:29.470   901  1614 I SoundTriggerHelper: startRecognition successful.
06-27 11:15:29.472   901   901 W Looper  : Slow dispatch took 743ms main h=android.hardware.soundtrigger.SoundTriggerModule$NativeEventHandlerDelegate$1 c=null m=4
06-27 11:15:29.472   901   901 W Looper  : Slow delivery took 738ms main h=com.android.server.notification.NotificationManagerService$WorkerHandler c=com.android.server.notification.NotificationManagerService$CancelNotificationRunnable@a991eb8 m=0
06-27 11:15:29.492   901   901 W Looper  : Drained
06-27 11:15:29.616   901  1614 W PackageManager: Cannot suspend the platform package: android
06-27 11:15:29.620   901  1614 W PackageManager: Cannot suspend package "com.google.android.dialer": is the default dialer
06-27 11:15:29.625   901  1614 W PackageManager: Cannot suspend package "com.google.android.packageinstaller": required for package installation
06-27 11:15:29.633   901  1614 W PackageManager: Cannot suspend package "com.google.android.permissioncontroller": required for permissions management
06-27 11:15:29.642   901  1614 W PackageManager: Cannot suspend package "com.google.android.apps.work.oobconfig": protected package
06-27 11:15:29.644   901  1614 W PackageManager: Cannot suspend package "com.android.vending": required for package verification
06-27 11:15:29.650   901  1614 W PackageManager: Cannot suspend package "com.google.android.apps.nexuslauncher": contains the active launcher
06-27 11:15:29.874   901   951 I ActivityManager: Start proc 3363:com.google.android.calendar/u0a142 for broadcast {com.google.android.calendar/com.google.android.calendar.alerts.HabitsIntentReceiver}
06-27 11:15:29.972   901  1614 W BroadcastQueue: Background execution not allowed: receiving Intent { act=com.google.android.systemui.OPA_ENABLED flg=0x10000010 (has extras) } to com.google.android.apps.nexuslauncher/.qsb.OPAStatusReceiver
06-27 11:15:30.109   901  3596 I ActivityManager: Killing 2908:com.android.managedprovisioning/u0a57 (adj 985): empty #17
06-27 11:15:30.456   901  2609 I ActivityManager: Killing 1443:com.android.omadm.service/u0a132 (adj 985): empty #17
06-27 11:15:30.471   901   951 I ActivityManager: Start proc 3365:com.google.android.carrier/u0a104 for broadcast {com.google.android.carrier/com.google.android.carrier.CarrierSettingsReceiver}
06-27 11:15:30.640   901  1318 D WindowManager: powerPress: eventTime=45023 interactive=true count=1 beganFromNonInteractive=false mShortPressOnPowerBehavior=1
06-27 11:15:30.641   901  1318 I PowerManagerService: Going to sleep due to power_button (uid 1000)...
06-27 11:15:30.642   901   901 W UsageStatsService: Event reported without a package name, eventType:16
06-27 11:15:30.808   901   951 I ActivityManager: Start proc 3733:com.google.android.configupdater/u0a124 for broadcast {com.google.android.configupdater/com.google.android.configupdater.MainReceiver}
06-27 11:15:31.179   901   926 I ActivityManager: Killing 2332:com.google.android.music:main/u0a145 (adj 985): empty #17
06-27 11:15:31.184   901   951 I ActivityManager: Start proc 3735:com.google.android.contacts/u0a144 for broadcast {com.google.android.contacts/com.google.android.apps.contacts.receiver.OnBootOrUpgradeReceiver}
06-27 11:15:31.195   901   996 I DisplayPowerController: Blocking screen off
06-27 11:15:31.195   901   996 I DisplayPowerController: Unblocked screen off after 1 ms
06-27 11:15:31.196   901   996 D ActivityTaskManager: Top Process State changed to PROCESS_STATE_TOP_SLEEPING
06-27 11:15:31.234   901   943 I ActivityManager: Killing 2912:com.android.keychain/1000 (adj 985): empty #17
06-27 11:15:31.245   901   943 I DisplayManagerService: Display device changed state: "", OFF
06-27 11:15:31.249   901   943 W DisplayManagerService: Failed to notify process 2332 that displays changed, assuming it died.
06-27 11:15:31.249   901   943 W DisplayManagerService: android.os.DeadObjectException
06-27 11:15:31.249   901   943 W DisplayManagerService: 	at android.os.BinderProxy.transactNative(Native Method)
06-27 11:15:31.249   901   943 W DisplayManagerService: 	at android.os.BinderProxy.transact(BinderProxy.java:510)
06-27 11:15:31.249   901   943 W DisplayManagerService: 	at android.hardware.display.IDisplayManagerCallback$Stub$Proxy.onDisplayEvent(IDisplayManagerCallback.java:115)
06-27 11:15:31.249   901   943 W DisplayManagerService: 	at com.android.server.display.DisplayManagerService$CallbackRecord.notifyDisplayEventAsync(DisplayManagerService.java:1708)
06-27 11:15:31.249   901   943 W DisplayManagerService: 	at com.android.server.display.DisplayManagerService.deliverDisplayEvent(DisplayManagerService.java:1489)
06-27 11:15:31.249   901   943 W DisplayManagerService: 	at com.android.server.display.DisplayManagerService.access$400(DisplayManagerService.java:154)
06-27 11:15:31.249   901   943 W DisplayManagerService: 	at com.android.server.display.DisplayManagerService$DisplayManagerHandler.handleMessage(DisplayManagerService.java:1630)
06-27 11:15:31.249   901   943 W DisplayManagerService: 	at android.os.Handler.dispatchMessage(Handler.java:107)
06-27 11:15:31.249   901   943 W DisplayManagerService: 	at android.os.Looper.loop(Looper.java:214)
06-27 11:15:31.249   901   943 W DisplayManagerService: 	at android.os.HandlerThread.run(HandlerThread.java:67)
06-27 11:15:31.249   901   943 W DisplayManagerService: 	at com.android.server.ServiceThread.run(ServiceThread.java:44)
06-27 11:15:31.455   901   996 I DreamManagerService: Entering dreamland.
06-27 11:15:31.456   901   996 I PowerManagerService: Dozing...
06-27 11:15:31.459   901   940 I DreamController: Starting dream: name=ComponentInfo{com.android.systemui/com.android.systemui.doze.DozeService}, isTest=false, canDoze=true, userId=0
06-27 11:15:31.709   901   943 W UsageStatsService: Event reported without a package name, eventType:17
06-27 11:15:31.760   901  4021 V FingerprintService: mDaemon was null, reconnect to fingerprint
06-27 11:15:31.762   901  4021 W FingerprintService: fingerprint HIDL not available
06-27 11:15:31.776   901  4021 V FingerprintService: mDaemon was null, reconnect to fingerprint
06-27 11:15:31.781   901  4021 W FingerprintService: fingerprint HIDL not available
06-27 11:15:31.794   901  2609 V FingerprintService: mDaemon was null, reconnect to fingerprint
06-27 11:15:31.795   901  2609 W FingerprintService: fingerprint HIDL not available
06-27 11:15:31.797   901  2609 V FingerprintService: mDaemon was null, reconnect to fingerprint
06-27 11:15:31.799   901  2609 W FingerprintService: fingerprint HIDL not available
06-27 11:15:31.849   901  2609 V FingerprintService: mDaemon was null, reconnect to fingerprint
06-27 11:15:31.851   901  2609 W FingerprintService: fingerprint HIDL not available
06-27 11:15:31.921   901  2609 W ActivityManager: Background start not allowed: service Intent { cmp=com.google.android.apps.messaging/.shared.datamodel.action.ActionExecutorImpl$EmptyService } to com.google.android.apps.messaging/.shared.datamodel.action.ActionExecutorImpl$EmptyService from pid=3092 uid=10150 pkg=com.google.android.apps.messaging startFg?=false
06-27 11:15:31.955   799   799 I wificond: Pno scan started for frequencies: 2412, 2417, 2422, 2427, 2432, 2437, 2447, 2452, 2457, 2462, 5180, 5200, 5220, 5240, 5745, 5765, 5785, 5805, 
06-27 11:15:31.957   799   799 W wificond: Scan aborted
06-27 11:15:31.975   901   951 I ActivityManager: Start proc 3737:com.android.keychain/1000 for service {com.android.keychain/com.android.keychain.KeyChainService}
06-27 11:15:32.163   901  3596 I ActivityManager: Killing 1448:com.android.settings/1000 (adj 985): empty #17
06-27 11:15:32.173   901   951 I ActivityManager: Start proc 3739:com.google.android.deskclock/u0a155 for broadcast {com.google.android.deskclock/com.android.deskclock.AlarmInitReceiver}
06-27 11:15:32.260   901  4021 I ActivityManager: Killing 3091:com.android.traceur/u0a74 (adj 985): empty #17
06-27 11:15:32.328  3739  3739 E LoadedApk: Unable to instantiate appComponentFactory
06-27 11:15:32.328  3739  3739 E LoadedApk: java.lang.ClassNotFoundException: Didn't find class "android.support.v4.app.CoreComponentFactory" on path: DexPathList[[zip file "/system/product/app/PrebuiltDeskClockGoogle/PrebuiltDeskClockGoogle.apk"],nativeLibraryDirectories=[/system/product/app/PrebuiltDeskClockGoogle/lib/arm64, /system/lib64, /vendor/lib64, /system/product/lib64, /system/lib64, /vendor/lib64, /system/product/lib64]]
06-27 11:15:32.328  3739  3739 E LoadedApk: 	at dalvik.system.BaseDexClassLoader.findClass(BaseDexClassLoader.java:196)
06-27 11:15:32.328  3739  3739 E LoadedApk: 	at java.lang.ClassLoader.loadClass(ClassLoader.java:379)
06-27 11:15:32.328  3739  3739 E LoadedApk: 	at java.lang.ClassLoader.loadClass(ClassLoader.java:312)
