09-27 18:39:28.462  4421  4663 I chatty  : uid=10119(com.google.android.gms) Binder:4421_3 expire 6 lines
09-27 18:39:28.522   618  7806 E ResolverController: No valid NAT64 prefix (101, <unspecified>/0)
09-27 18:39:30.396  7807  7807 I chatty  : uid=1000(system) expire 2 lines
09-27 18:39:30.402  7807  7807 D fpc_fingerprint_hal: fpc_module_open
09-27 18:39:30.405  7807  7807 D fpc_tac : 'modalias'='of:Nfp_fpc1020T<NULL>Cfpc,fpc10' found on  path '/sys/bus/platform/devices/soc:fp_fpc1020/'
09-27 18:39:30.408  7807  7807 D fpc_tac : 'modalias'='of:Nfp_fpc1020T<NULL>Cfpc,fpc10' found on  path '/sys/bus/platform/devices/soc:fp_fpc1020/'
09-27 18:39:30.408  7807  7807 D QSEECOMAPI: QSEECom_get_handle sb_length = 0x80
09-27 18:39:30.409  7807  7807 D QSEECOMAPI: App is not loaded in QSEE
09-27 18:39:30.410  7807  7807 D QSEECOMAPI: app_arch = 1, total_files = 8
09-27 18:39:30.497  1603  6754 I chatty  : uid=10119 com.google.android.gms.persistent expire 12 lines
09-27 18:39:31.031  7807  7807 D QSEECOMAPI: Loaded image: APP id = 5701635
09-27 18:39:31.043  7807  7807 E fpc_tac : fpc_tac_transfer send_cmd failed status=0 response=-11(FPC_ERROR_NOT_INITIALIZED)
09-27 18:39:31.047  7807  7807 E fpc_tac : fpc_tac_transfer send_cmd failed status=0 response=-11(FPC_ERROR_NOT_INITIALIZED)
09-27 18:39:31.048  7807  7807 D QSEECOMAPI: QSEECom_dealloc_memory 
09-27 18:39:31.048  7807  7807 D QSEECOMAPI: QSEECom_shutdown_app, app_id = 5701635
09-27 18:39:31.065  7807  7807 E fpc_fingerprint_hal: fpc_module_open failed
09-27 18:39:31.065  7807  7807 D fpc_fingerprint_hal: fpc_module_close
09-27 18:39:31.066  7807  7807 E fpc_fingerprint_hal: error: ioctl
09-27 18:39:31.066  7807  7807 E android.hardware.biometrics.fingerprint@2.1-service: Can't open fingerprint methods, error: -1
09-27 18:39:31.066  7807  7807 E android.hardware.biometrics.fingerprint@2.1-service: Can't open HAL module
09-27 18:39:31.067  7807  7807 E android.hardware.biometrics.fingerprint@2.1-service: No valid device
09-27 18:39:31.270  3219  3219 I BgTaskExecutorImpl: Starting EXCLUSIVE background task OFFLINE_PAGES_CUSTOM_TABS_SYNC.
09-27 18:39:31.309   901   951 I ActivityManager: Start proc 6037:com.android.chrome/u0a140 for service {com.android.chrome/org.chromium.chrome.browser.customtabs.CustomTabsConnectionService}
09-27 18:39:31.334  6037  6037 E .android.chrom: Not starting debugger since process cannot load the jdwp agent.
09-27 18:39:31.409  6037  6037 I .android.chrom: The ClassLoaderContext is a special shared library.
09-27 18:39:31.420  6037  6037 I .android.chrom: The ClassLoaderContext is a special shared library.
09-27 18:39:31.422  6037  6037 I .android.chrom: Failed to add image file Rejecting application image due to class loader mismatch: 'Mismatch in shared libraries'
09-27 18:39:31.459  6037  6037 I LoadedApk: No resource references to update in package com.google.android.trichromelibrary
09-27 18:39:31.507  6037  7824 W DynamiteModule: Local module descriptor class for com.google.android.gms.googlecertificates not found.
09-27 18:39:31.520  6037  7824 W .android.chrom: Unsupported class loader
09-27 18:39:31.527  6037  7824 I DynamiteModule: Considering local module com.google.android.gms.googlecertificates:0 and remote module com.google.android.gms.googlecertificates:4
09-27 18:39:31.528  6037  7824 I DynamiteModule: Selected remote version of com.google.android.gms.googlecertificates, version >= 4
09-27 18:39:31.586  6037  7824 W ChimeraDebugLogger: Singleton logger instance not set.
09-27 18:39:31.672  6037  7827 I cr_ui   : Using UI locale zh, system locale: zh (Android name: zh)
09-27 18:39:31.673  6037  7827 I cr_ui   : Missing asset file: locales#lang_zh/zh-CN.pak
09-27 18:39:31.674  6037  7827 I cr_ui   : Found asset file: locales/zh-CN.pak
09-27 18:39:31.674  6037  7827 I cr_ui   : Using app bundle locale directory: locales
09-27 18:39:31.674  6037  7827 I cr_ui   : UI Language: zh requires .pak files: [zh-CN, zh-TW]
09-27 18:39:31.699  6037  6037 I cr_LibraryLoader: Time to load native libraries: 33 ms (timestamps 7574-7607)
09-27 18:39:31.716  6037  6037 I chromium: [INFO:library_loader_hooks.cc(50)] Chromium logging enabled: level = 0, default verbosity = 0
09-27 18:39:31.716  6037  6037 I cr_LibraryLoader: Expected native library version number "74.0.3729.157", actual native library version number "74.0.3729.157"
09-27 18:39:31.722  6037  6037 I cr_BrowserStartup: Initializing chromium process, singleProcess=false
09-27 18:39:31.927  6037  7838 W chromium: [WARNING:dns_config_service_posix.cc(337)] Failed to read DnsConfig.
09-27 18:39:32.110   901   951 I ActivityManager: Start proc 6038:com.android.chrome:privileged_process0/u0a140 for service {com.android.chrome/org.chromium.content.app.PrivilegedProcessService0}
09-27 18:39:32.127  6038  6038 E ileged_process: Not starting debugger since process cannot load the jdwp agent.
09-27 18:39:32.269  6038  6038 I ileged_process: The ClassLoaderContext is a special shared library.
09-27 18:39:32.274  6037  6037 W cr_KnoxSettingsProvider: Permission to read device policy denied.
09-27 18:39:32.304  6038  6038 I ileged_process: The ClassLoaderContext is a special shared library.
09-27 18:39:32.306   901  2330 D ConnectivityService: requestNetwork for uid/pid:10140/6037 NetworkRequest [ TRACK_DEFAULT id=47, [ Capabilities: INTERNET&NOT_RESTRICTED&TRUSTED Uid: 10140] ]
09-27 18:39:32.307  6038  6038 I ileged_process: Failed to add image file Rejecting application image due to class loader mismatch: 'Mismatch in shared libraries'
09-27 18:39:32.308   901  1360 I chatty  : uid=1000(system) ClientModeImpl expire 4 lines
09-27 18:39:32.309  1444  1444 D PhoneSwitcherNetworkRequstListener: got request NetworkRequest [ TRACK_DEFAULT id=47, [ Capabilities: INTERNET&NOT_RESTRICTED&TRUSTED Uid: 10140] ] with score 20 and serial -1
09-27 18:39:32.311   901  1411 I chatty  : uid=1000(system) EthernetService expire 2 lines
09-27 18:39:32.392  6038  6038 I LoadedApk: No resource references to update in package com.google.android.trichromelibrary
09-27 18:39:32.405  6037  6037 I cr_SnippetsLauncher: Scheduling: 345600 345600
09-27 18:39:32.458  6038  6038 I cr_ChildProcessService: Creating new ChildProcessService pid=6038
09-27 18:39:32.458  1603  1603 I chatty  : uid=10119 com.google.android.gms.persistent expire 14 lines
09-27 18:39:32.532  6038  7865 I cr_LibraryLoader: Time to load native libraries: 29 ms (timestamps 8410-8439)
09-27 18:39:32.533  6038  7865 I chromium: [INFO:library_loader_hooks.cc(50)] Chromium logging enabled: level = 0, default verbosity = 0
09-27 18:39:32.534  6038  7865 I cr_LibraryLoader: Expected native library version number "74.0.3729.157", actual native library version number "74.0.3729.157"
09-27 18:39:32.634  6038  7870 W chromium: [WARNING:dns_config_service_posix.cc(337)] Failed to read DnsConfig.
09-27 18:39:32.719   618  7873 E ResolverController: No valid NAT64 prefix (101, <unspecified>/0)
09-27 18:39:34.186   901  3244 I chatty  : uid=1000(system) Binder:901_17 expire 1 line
09-27 18:39:34.196   901  1366 I chatty  : uid=1000(system) WifiScanningSer expire 2 lines
09-27 18:39:34.206   901  3244 E WifiService: Permission violation - getScanResults not allowed for uid=10119, packageName=com.google.android.gms, reason=java.lang.SecurityException: Location mode is disabled for the device
09-27 18:39:34.210   901  2462 E WifiService: Permission violation - getScanResults not allowed for uid=10119, packageName=com.google.android.gms, reason=java.lang.SecurityException: Location mode is disabled for the device
09-27 18:39:34.215   901  2462 E WifiService: Permission violation - getScanResults not allowed for uid=10119, packageName=com.google.android.gms, reason=java.lang.SecurityException: Location mode is disabled for the device
09-27 18:39:34.228   901  2462 W AppOps  : Noting op not finished: uid 10119 pkg com.google.android.gms code 41 time=1569580754312 duration=0
09-27 18:39:34.932   653   831 I nanohub : osLog: [AR_CHRE] still: 30
09-27 18:39:34.934   653   831 I nanohub : osLog: [AR_CHRE] ON => IDLE
09-27 18:39:35.416  7879  7879 I chatty  : uid=1000(system) expire 2 lines
09-27 18:39:35.424  7879  7879 D fpc_fingerprint_hal: fpc_module_open
09-27 18:39:35.428  7879  7879 D fpc_tac : 'modalias'='of:Nfp_fpc1020T<NULL>Cfpc,fpc10' found on  path '/sys/bus/platform/devices/soc:fp_fpc1020/'
09-27 18:39:35.430  7879  7879 D fpc_tac : 'modalias'='of:Nfp_fpc1020T<NULL>Cfpc,fpc10' found on  path '/sys/bus/platform/devices/soc:fp_fpc1020/'
09-27 18:39:35.430  7879  7879 D QSEECOMAPI: QSEECom_get_handle sb_length = 0x80
09-27 18:39:35.431  7879  7879 D QSEECOMAPI: App is not loaded in QSEE
09-27 18:39:35.431  7879  7879 D QSEECOMAPI: app_arch = 1, total_files = 8
09-27 18:39:35.934  7879  7879 D QSEECOMAPI: Loaded image: APP id = 5767171
09-27 18:39:35.942  7879  7879 E fpc_tac : fpc_tac_transfer send_cmd failed status=0 response=-11(FPC_ERROR_NOT_INITIALIZED)
09-27 18:39:35.945  7879  7879 E fpc_tac : fpc_tac_transfer send_cmd failed status=0 response=-11(FPC_ERROR_NOT_INITIALIZED)
09-27 18:39:35.945  7879  7879 D QSEECOMAPI: QSEECom_dealloc_memory 
09-27 18:39:35.946  7879  7879 D QSEECOMAPI: QSEECom_shutdown_app, app_id = 5767171
09-27 18:39:35.957  7879  7879 E fpc_fingerprint_hal: fpc_module_open failed
09-27 18:39:35.957  7879  7879 D fpc_fingerprint_hal: fpc_module_close
09-27 18:39:35.957  7879  7879 E fpc_fingerprint_hal: error: ioctl
09-27 18:39:35.957  7879  7879 E android.hardware.biometrics.fingerprint@2.1-service: Can't open fingerprint methods, error: -1
09-27 18:39:35.957  7879  7879 E android.hardware.biometrics.fingerprint@2.1-service: Can't open HAL module
09-27 18:39:35.960  7879  7879 E android.hardware.biometrics.fingerprint@2.1-service: No valid device
09-27 18:39:37.209  1869  7881 I chatty  : uid=10119(com.google.android.gms) expire 1 line
09-27 18:39:38.128   901  3244 I ActivityTaskManager: START u0 {act=android.intent.action.MAIN cat=[android.intent.category.LAUNCHER] flg=0x10200000 cmp=com.tyyd.video/com.ctc.nolo.game.RouteActivity bnds=[316,1070][585,1407]} from uid 10101
09-27 18:39:38.142   652   652 D QCOM PowerHAL: LAUNCH HINT: ON
09-27 18:39:38.145   652   652 D QCOM PowerHAL: Activity launch hint handled
09-27 18:39:38.177  6039  6039 I com.tyyd.video: Late-enabling -Xcheck:jni
09-27 18:39:38.178   901   951 I ActivityManager: Start proc 6039:com.tyyd.video/u0a183 for activity {com.tyyd.video/com.ctc.nolo.game.RouteActivity}
09-27 18:39:38.213  6039  6039 E com.tyyd.video: Unknown bits set in runtime_flags: 0x8000
09-27 18:39:38.273  2079  2079 I GsaVoiceInteractionSrv: Handling ACTION_STOP_DSP_HOTWORD
09-27 18:39:38.278   637   637 D sound_trigger_hw: stdev_stop_recognition:[1] Enter
09-27 18:39:38.279   637   637 D sound_trigger_hw: dereg_hal_event_session: ST_EVENT_SESSION_DEREGISTER capture_handle 54 pcm 0xf5c31380
09-27 18:39:38.279   637   637 I sound_trigger_hw: cpe_stop:[1] Enter
09-27 18:39:38.296   637   637 D sound_trigger_hw: cpe_stop:[1] Exit, status=0
09-27 18:39:38.296   637   637 D sound_trigger_hw: sound_trigger_set_device: disable device (1) = listen-cpe-handset-mic
09-27 18:39:38.299   637   637 D sound_trigger_hw: cpe_dereg_sm_params:[1] Enter
09-27 18:39:38.299   637   637 D sound_trigger_hw: stdev_stop_recognition:[1] Exit status 0
09-27 18:39:38.301  2079  2079 I GsaVoiceInteractionSrv: Stop Hotword Recognition status: true
09-27 18:39:38.704  6039  6039 D OttSdk  : initAccessSDK: 
09-27 18:39:38.716  6039  6039 I DmpBase : DmpBase begin load static code.
09-27 18:39:38.732  6039  6039 I DmpBaseNative: [DmpBaseNative|DmpBaseNative.cpp:1307|6039] Start to load HuaweiCloudPlayer 30.0.0.10 (armv7/11:25:49 Aug 23 2019).
09-27 18:39:38.732  6039  6039 I DmpBaseNative: [DmpBaseNative|DmpBaseNative.cpp:1339|6039] Succeed to load DmpBase library!
09-27 18:39:38.732  6039  6039 E Epplib  : Start to load JNI_OnLoad_Epp.
09-27 18:39:38.732  6039  6039 I Epplib  : JNI_Onload GetEnv.
09-27 18:39:38.732  6039  6039 I Epplib  : JNI_Onload register epp.
09-27 18:39:38.733  6039  6039 I Epplib  : JNI_Onload finish.
09-27 18:39:38.733  6039  6039 I DmpBase : Succeed to load library HuaweiCloudPlayer 30.0.0.10 (armv7/11:25:49 Aug 23 2019)
09-27 18:39:38.733  6039  6039 I DmpBase : begin DmpBase.Open() 
09-27 18:39:38.741  6039  6039 I DmpLog  : [DmpLog|CAndroidLogCat.cpp:67|6039] Log level is set to 0.
09-27 18:39:38.741  6039  6039 I DmpLog  : [DmpLog|CDmpLogManager.cpp:42|6039] Log manager init success.
09-27 18:39:38.742  6039  6039 I DmpSystem: [DmpSystem|DmpSystem.cpp:929|6039] User data path is /data/data/com.tyyd.video.
09-27 18:39:38.742  6039  6039 I CrashReporter: [CrashReporter|CDmpCrashLogManager.cpp:155|6039] Keep crash report file crash_20190927_183633.log.
09-27 18:39:38.742  6039  6039 I CrashReporter: [CrashReporter|CDmpCrashLogManager.cpp:103|6039] Crash log will be saved to /data/data/com.tyyd.video/crash_report.
09-27 18:39:38.742  6039  6039 I DmpConfig: [DmpConfig|CDmpConfigManager.cpp:76|6039] Config manager init succeed, config file is /data/data/com.tyyd.video/conf/dmpbase.ini.
09-27 18:39:38.743  6039  6039 I DmpThread: [DmpThread|CDmpThread.cpp:66|6039] Thread "dmp_timer" created.
09-27 18:39:38.743  6039  6039 I DmpTimer: [DmpTimer|CDmpTimerManager.cpp:86|6039] Timer manager init success!
09-27 18:39:38.743  6039  6039 I DmpThread: [DmpThread|CDmpThread.cpp:66|6039] Thread "dmp_sbox_manager" created.
09-27 18:39:38.743  6039  6039 I DmpSbox : [DmpSbox|CDmpSboxManager.cpp:64|6039] Succeed to create sbox manager thread.
09-27 18:39:38.743  6039  7903 I DmpThread: [DmpThread|CDmpThread.cpp:234|7903] Thread "dmp_timer" start to run, thread pid is 7903.
09-27 18:39:38.743  6039  6039 I DmpCaCert: [DmpCaCert|CDmpCaCertManager.cpp:43|6039] CA cert path got from config is /data/data/com.tyyd.video/certs/cacert.pem.
09-27 18:39:38.743  6039  6039 I DmpCaCert: [DmpCaCert|CDmpCaCertManager.cpp:66|6039] CA cert manager init succeed, cert path is /data/data/com.tyyd.video/certs/cacert.pem.
09-27 18:39:38.743  6039  7903 D SYS_STAT: [SYS_STAT|CDmpLogManager.cpp:60|7903] CPU:0%  TOTAL:3765MB  FREE:104MB  RESIDENT:66MB  VIRTUAL:1805MB
09-27 18:39:38.744  6039  7904 I DmpThread: [DmpThread|CDmpThread.cpp:234|7904] Thread "dmp_sbox_manager" start to run, thread pid is 7904.
09-27 18:39:38.744  6039  7904 I DmpSbox : [DmpSbox|CDmpSboxManager.cpp:71|7904] Secure box init begin ...
09-27 18:39:38.744  6039  6039 I DmpThread: [DmpThread|CDmpThread.cpp:66|6039] Thread "dmp_event_trace_manager" created.
09-27 18:39:38.744  6039  6039 I DmpEventTrace: [DmpEventTrace|CDmpEventTraceManager.cpp:213|6039] Succeed to init event trace manager!
09-27 18:39:38.744  6039  7904 I DmpSbox : [DmpSbox|CDmpSboxContainer.cpp:184|7904] Device uid is 4570189b-0612-1110-15cf-72f928c61dde.
09-27 18:39:38.744  6039  7904 I DmpSbox : [DmpSbox|CDmpSboxContainer.cpp:205|7904] Device name is Pixel XL.
09-27 18:39:38.744  6039  7904 I DmpSbox : [DmpSbox|CDmpSboxContainer.cpp:229|7904] No sbox data file found!
09-27 18:39:38.744  6039  7904 I DmpSbox : [DmpSbox|CDmpSboxManager.cpp:125|7904] Secure box init success.
09-27 18:39:38.744  6039  6039 I DmpThread: [DmpThread|CDmpThread.cpp:66|6039] Thread "dmp_debug_agent" created.
09-27 18:39:38.744  6039  6039 D DmpAgent: [DmpAgent|CDebugAgentServer.cpp:308|6039] Request to start debug agent in server mode.
09-27 18:39:38.744  6039  6039 I DmpAgent: [DmpAgent|CDebugAgentServer.cpp:294|6039] Succeed to init debug agent server.
09-27 18:39:38.744  6039  6039 I DmpThread: [DmpThread|CDmpThread.cpp:66|6039] Thread "dmp_domain_name_manager" created.
09-27 18:39:38.745  6039  6039 I DmpDomainNameManager: [DmpDomainNameManager|CDmpDomainNameManager.cpp:44|6039] Succeed to init domain name manager.
09-27 18:39:38.745  6039  6039 I DmpBase : [DmpBase|DmpBase.cpp:169|6039] DMP device uid is 4570189b-0612-1110-15cf-72f928c61dde.
09-27 18:39:38.745  6039  6039 I DmpBase : [DmpBase|DmpBase.cpp:171|6039] Succeed to init dmpbase for HuaweiCloudPlayer 30.0.0.10 (armv7/11:25:49 Aug 23 2019)!
09-27 18:39:38.745  6039  6039 I DmpBaseNative: [DmpBaseNative|DmpBaseNative.cpp:573|6039] Device is not rooted!
09-27 18:39:38.745  6039  7905 I DmpThread: [DmpThread|CDmpThread.cpp:234|7905] Thread "dmp_event_trace_manager" start to run, thread pid is 7905.
09-27 18:39:38.745  6039  7907 I DmpThread: [DmpThread|CDmpThread.cpp:234|7907] Thread "dmp_domain_name_manager" start to run, thread pid is 7907.
09-27 18:39:38.746  6039  6039 I DmpBase : end DmpBase.Open(): 
09-27 18:39:38.746  6039  6039 D DmpBase : DmpBase.closeLogCatLog
09-27 18:39:38.746  6039  6039 I DmpLog  : [DmpLog|CAndroidLogCat.cpp:67|6039] Log level is set to 0.
09-27 18:39:38.747  6039  6039 D DmpBase : DmpBase.openLogCatLog(0)
09-27 18:39:38.749  6039  6039 I OTT|AssetHelper: [main |com.huawei.playersdk.AssetHelper |pathOfAsset() |Line:23]  pathOfAsset: /data/data/com.tyyd.video/cache/ott.pem
09-27 18:39:38.756  6039  6039 I OTT|EncryptJNI: [main |com.huawei.ott.sdk.encrypt.engine.EncryptJNI |loadLibraryWithName() |Line:20]  loadLibrary begin, libname = libOTTEncrypt.so
09-27 18:39:38.759  6039  6039 I OTT|EncryptJNI: [main |com.huawei.ott.sdk.encrypt.engine.EncryptJNI |loadLibraryWithName() |Line:51]  success to load so: /data/user/0/com.tyyd.video/lib/libOTTEncrypt.so
09-27 18:39:38.761  6039  6039 I OTT|OTTEncrypt: [main |com.huawei.ott.sdk.encrypt.OTTEncrypt |loadLibraries() |Line:26]  loadLibraries result = 0
09-27 18:39:38.765  6039  6039 D OttSdk  : init SDK, app version = 1
09-27 18:39:38.765  6039  6039 D OttSdk  : init SDK, app version name = V:1.0.000
09-27 18:39:38.767  6039  6039 D OttSdk  : initAccessSDK: cacheDirPath = /storage/emulated/0/Android/data/com.tyyd.video/files/android_sdk_access_cache/
09-27 18:39:38.768  6039  6039 D OttSdk  : initAccessSDK: logDirPath = /storage/emulated/0/Android/data/com.tyyd.video/files/android_sdk_log/
09-27 18:39:38.768  6039  6039 D OttSdk  : initAccessSDK: config = Config desc:
09-27 18:39:38.768  6039  6039 D OttSdk  : accessAddress = http://101.91.205.29:33200/VSP/V3/Login
09-27 18:39:38.768  6039  6039 D OttSdk  : logLevel = 0
09-27 18:39:38.768  6039  6039 D OttSdk  : isVspVerifyCert = true
09-27 18:39:38.768  6039  6039 D OttSdk  : isPlayerVerifyCert = true
09-27 18:39:38.768  6039  6039 D OttSdk  : platformVersion = 0
09-27 18:39:38.768  6039  6039 D OttSdk  : loginMethod = 0
09-27 18:39:38.768  6039  6039 D OttSdk  : isReleaseVersion = false
09-27 18:39:38.768  6039  6039 D OttSdk  : isZhejiangVersion = true
09-27 18:39:38.780  6039  6039 D NApplication: onCreate: -----------------
09-27 18:39:38.786  6039  6039 D NApplication: onCreate: appType4
09-27 18:39:38.786  6039  6039 D NApplication: onCreate: resType4
09-27 18:39:38.786  6039  6039 D NApplication: onCreate: targetUrlTypehttps://vrapi.tyread.com
09-27 18:39:38.890   901  1615 W ActivityManager: Unable to start service Intent { cmp=com.tyyd.video/com.besttone.fifthg.BidataService } U=0: not found
09-27 18:39:38.903  6039  6039 W com.tyyd.video: type=1400 audit(0.0:75): avc: denied { read } for name="dev" dev="proc" ino=4026532296 scontext=u:r:untrusted_app_27:s0:c183,c256,c512,c768 tcontext=u:object_r:proc_net:s0 tclass=file permissive=0
09-27 18:39:38.909  6039  6039 W System.err: java.io.FileNotFoundException: /proc/net/dev: open failed: EACCES (Permission denied)
09-27 18:39:38.909  6039  6039 W System.err: 	at libcore.io.IoBridge.open(IoBridge.java:496)
09-27 18:39:38.909  6039  6039 W System.err: 	at java.io.FileInputStream.<init>(FileInputStream.java:159)
09-27 18:39:38.909  6039  6039 W System.err: 	at java.io.FileInputStream.<init>(FileInputStream.java:115)
09-27 18:39:38.909  6039  6039 W System.err: 	at java.io.FileReader.<init>(FileReader.java:58)
09-27 18:39:38.909  6039  6039 W System.err: 	at com.besttone.fifthg.z.ALLATORIxDEMO(l:570)
09-27 18:39:38.909  6039  6039 W System.err: 	at com.besttone.fifthg.BiAgent.initSaveStartTraffic(x:196)
09-27 18:39:38.910  6039  6039 W com.tyyd.video: type=1400 audit(0.0:76): avc: denied { read } for name="dev" dev="proc" ino=4026532296 scontext=u:r:untrusted_app_27:s0:c183,c256,c512,c768 tcontext=u:object_r:proc_net:s0 tclass=file permissive=0
09-27 18:39:38.910  6039  6039 W System.err: 	at com.besttone.fifthg.BiAgent.postSaveStartTraffic(x:27)
09-27 18:39:38.910  6039  6039 W System.err: 	at com.besttone.fifthg.BiAgent.onStart(x:175)
09-27 18:39:38.910  6039  6039 W System.err: 	at com.tyyd.bst.BSTActivity.onCreate(BSTActivity.java:22)
09-27 18:39:38.910  6039  6039 W System.err: 	at com.ctc.nolo.game.base.BaseActivity.onCreate(BaseActivity.java:77)
09-27 18:39:38.910  6039  6039 W System.err: 	at com.ctc.nolo.game.RouteActivity.onCreate(RouteActivity.java:29)
09-27 18:39:38.910  6039  6039 W System.err: 	at android.app.Activity.performCreate(Activity.java:7802)
09-27 18:39:38.910  6039  6039 W System.err: 	at android.app.Activity.performCreate(Activity.java:7791)
09-27 18:39:38.910  6039  6039 W System.err: 	at android.app.Instrumentation.callActivityOnCreate(Instrumentation.java:1299)
09-27 18:39:38.910  6039  6039 W System.err: 	at android.app.ActivityThread.performLaunchActivity(ActivityThread.java:3243)
09-27 18:39:38.910  6039  6039 W System.err: 	at android.app.ActivityThread.handleLaunchActivity(ActivityThread.java:3407)
09-27 18:39:38.911  6039  6039 W System.err: 	at android.app.servertransaction.LaunchActivityItem.execute(LaunchActivityItem.java:83)
09-27 18:39:38.911  6039  6039 W System.err: 	at android.app.servertransaction.TransactionExecutor.executeCallbacks(TransactionExecutor.java:135)
09-27 18:39:38.911  6039  6039 W System.err: 	at android.app.servertransaction.TransactionExecutor.execute(TransactionExecutor.java:95)
09-27 18:39:38.911  6039  6039 W System.err: 	at android.app.ActivityThread$H.handleMessage(ActivityThread.java:2016)
09-27 18:39:38.911  6039  6039 W System.err: 	at android.os.Handler.dispatchMessage(Handler.java:107)
09-27 18:39:38.911  6039  6039 W System.err: 	at android.os.Looper.loop(Looper.java:214)
09-27 18:39:38.911  6039  6039 W System.err: 	at android.app.ActivityThread.main(ActivityThread.java:7343)
09-27 18:39:38.911  6039  6039 W System.err: 	at java.lang.reflect.Method.invoke(Native Method)
09-27 18:39:38.911  6039  6039 W System.err: 	at com.android.internal.os.RuntimeInit$MethodAndArgsCaller.run(RuntimeInit.java:492)
09-27 18:39:38.912  6039  6039 W System.err: 	at com.android.internal.os.ZygoteInit.main(ZygoteInit.java:933)
09-27 18:39:38.912  6039  6039 W System.err: Caused by: android.system.ErrnoException: open failed: EACCES (Permission denied)
09-27 18:39:38.912  6039  6039 W System.err: 	at libcore.io.Linux.open(Native Method)
09-27 18:39:38.912  6039  6039 W System.err: 	at libcore.io.ForwardingOs.open(ForwardingOs.java:167)
09-27 18:39:38.913  6039  6039 W System.err: 	at libcore.io.BlockGuardOs.open(BlockGuardOs.java:252)
09-27 18:39:38.913  6039  6039 W System.err: 	at libcore.io.ForwardingOs.open(ForwardingOs.java:167)
09-27 18:39:38.913  6039  6039 W System.err: 	at android.app.ActivityThread$AndroidOs.open(ActivityThread.java:7242)
09-27 18:39:38.913  6039  6039 W System.err: 	at libcore.io.IoBridge.open(IoBridge.java:482)
09-27 18:39:38.913  6039  6039 W System.err: 	... 25 more
09-27 18:39:38.914  6039  6039 W System.err: java.io.FileNotFoundException: /proc/net/dev: open failed: EACCES (Permission denied)
09-27 18:39:38.914  6039  6039 W System.err: 	at libcore.io.IoBridge.open(IoBridge.java:496)
09-27 18:39:38.914  6039  6039 W System.err: 	at java.io.FileInputStream.<init>(FileInputStream.java:159)
09-27 18:39:38.915  6039  6039 W System.err: 	at java.io.FileInputStream.<init>(FileInputStream.java:115)
09-27 18:39:38.915  6039  6039 W System.err: 	at java.io.FileReader.<init>(FileReader.java:58)
09-27 18:39:38.915  6039  6039 W System.err: 	at com.besttone.fifthg.z.c(l:539)
09-27 18:39:38.915  6039  6039 W System.err: 	at com.besttone.fifthg.BiAgent.initSaveStartTraffic(x:29)
09-27 18:39:38.915  6039  6039 W System.err: 	at com.besttone.fifthg.BiAgent.postSaveStartTraffic(x:27)
09-27 18:39:38.915  6039  6039 W System.err: 	at com.besttone.fifthg.BiAgent.onStart(x:175)
09-27 18:39:38.915  6039  6039 W System.err: 	at com.tyyd.bst.BSTActivity.onCreate(BSTActivity.java:22)
09-27 18:39:38.915  6039  6039 W System.err: 	at com.ctc.nolo.game.base.BaseActivity.onCreate(BaseActivity.java:77)
09-27 18:39:38.916  6039  6039 W System.err: 	at com.ctc.nolo.game.RouteActivity.onCreate(RouteActivity.java:29)
09-27 18:39:38.916  6039  6039 W System.err: 	at android.app.Activity.performCreate(Activity.java:7802)
09-27 18:39:38.916  6039  6039 W System.err: 	at android.app.Activity.performCreate(Activity.java:7791)
09-27 18:39:38.916  6039  6039 W System.err: 	at android.app.Instrumentation.callActivityOnCreate(Instrumentation.java:1299)
09-27 18:39:38.916  6039  6039 W System.err: 	at android.app.ActivityThread.performLaunchActivity(ActivityThread.java:3243)
09-27 18:39:38.916  6039  6039 W System.err: 	at android.app.ActivityThread.handleLaunchActivity(ActivityThread.java:3407)
09-27 18:39:38.916  6039  6039 W System.err: 	at android.app.servertransaction.LaunchActivityItem.execute(LaunchActivityItem.java:83)
09-27 18:39:38.916  6039  6039 W System.err: 	at android.app.servertransaction.TransactionExecutor.executeCallbacks(TransactionExecutor.java:135)
09-27 18:39:38.916  6039  6039 W System.err: 	at android.app.servertransaction.TransactionExecutor.execute(TransactionExecutor.java:95)
09-27 18:39:38.917  6039  6039 W System.err: 	at android.app.ActivityThread$H.handleMessage(ActivityThread.java:2016)
09-27 18:39:38.917  6039  6039 W System.err: 	at android.os.Handler.dispatchMessage(Handler.java:107)
09-27 18:39:38.917  6039  6039 W System.err: 	at android.os.Looper.loop(Looper.java:214)
09-27 18:39:38.917  6039  6039 W System.err: 	at android.app.ActivityThread.main(ActivityThread.java:7343)
09-27 18:39:38.917  6039  6039 W System.err: 	at java.lang.reflect.Method.invoke(Native Method)
09-27 18:39:38.917  6039  6039 W System.err: 	at com.android.internal.os.RuntimeInit$MethodAndArgsCaller.run(RuntimeInit.java:492)
09-27 18:39:38.917  6039  6039 W System.err: 	at com.android.internal.os.ZygoteInit.main(ZygoteInit.java:933)
09-27 18:39:38.917  6039  6039 W System.err: Caused by: android.system.ErrnoException: open failed: EACCES (Permission denied)
09-27 18:39:38.918  6039  6039 W System.err: 	at libcore.io.Linux.open(Native Method)
09-27 18:39:38.918  6039  6039 W System.err: 	at libcore.io.ForwardingOs.open(ForwardingOs.java:167)
09-27 18:39:38.918  6039  6039 W System.err: 	at libcore.io.BlockGuardOs.open(BlockGuardOs.java:252)
09-27 18:39:38.918  6039  6039 W System.err: 	at libcore.io.ForwardingOs.open(ForwardingOs.java:167)
09-27 18:39:38.918  6039  6039 W System.err: 	at android.app.ActivityThread$AndroidOs.open(ActivityThread.java:7242)
09-27 18:39:38.918  6039  6039 W System.err: 	at libcore.io.IoBridge.open(IoBridge.java:482)
09-27 18:39:38.918  6039  6039 W System.err: 	... 25 more
09-27 18:39:38.940  7911  7911 W BtAgent : type=1400 audit(0.0:77): avc: denied { read } for name="u:object_r:serialno_prop:s0" dev="tmpfs" ino=15553 scontext=u:r:untrusted_app_27:s0:c183,c256,c512,c768 tcontext=u:object_r:serialno_prop:s0 tclass=file permissive=0
09-27 18:39:38.942  6039  7911 E libc    : Access denied finding property "ro.serialno"
09-27 18:39:38.944   901  1615 I ActivityTaskManager: START u0 {act=com.nolovr.nolohome.core.funs.ForeverActivity cmp=com.nolovr.nolohome.core/.funs.ForeverActivity} from uid 10183
09-27 18:39:38.945  6039  6039 W System.err: android.content.ActivityNotFoundException: Unable to find explicit activity class {com.nolovr.nolohome.core/com.nolovr.nolohome.core.funs.ForeverActivity}; have you declared this activity in your AndroidManifest.xml?
09-27 18:39:38.945  6039  6039 W System.err: 	at android.app.Instrumentation.checkStartActivityResult(Instrumentation.java:2049)
09-27 18:39:38.946  6039  6039 W System.err: 	at android.app.Instrumentation.execStartActivity(Instrumentation.java:1709)
09-27 18:39:38.946  6039  6039 W System.err: 	at android.app.Activity.startActivityForResult(Activity.java:5192)
09-27 18:39:38.946  6039  6039 W System.err: 	at android.support.v4.app.FragmentActivity.startActivityForResult(FragmentActivity.java:767)
09-27 18:39:38.946  6039  6039 W System.err: 	at android.app.Activity.startActivityForResult(Activity.java:5150)
09-27 18:39:38.946  6039  6039 W System.err: 	at android.support.v4.app.FragmentActivity.startActivityForResult(FragmentActivity.java:754)
09-27 18:39:38.946  6039  6039 W System.err: 	at android.app.Activity.startActivity(Activity.java:5521)
09-27 18:39:38.946  6039  6039 W System.err: 	at android.app.Activity.startActivity(Activity.java:5489)
09-27 18:39:38.946  6039  6039 W System.err: 	at com.ctc.nolo.game.base.BaseActivity.pullNolo(BaseActivity.java:320)
09-27 18:39:38.947  6039  6039 W System.err: 	at com.ctc.nolo.game.RouteActivity.onCreate(RouteActivity.java:32)
09-27 18:39:38.947  6039  6039 W System.err: 	at android.app.Activity.performCreate(Activity.java:7802)
09-27 18:39:38.947  6039  6039 W System.err: 	at android.app.Activity.performCreate(Activity.java:7791)
09-27 18:39:38.947  6039  6039 W System.err: 	at android.app.Instrumentation.callActivityOnCreate(Instrumentation.java:1299)
09-27 18:39:38.947  6039  6039 W System.err: 	at android.app.ActivityThread.performLaunchActivity(ActivityThread.java:3243)
09-27 18:39:38.947  6039  6039 W System.err: 	at android.app.ActivityThread.handleLaunchActivity(ActivityThread.java:3407)
09-27 18:39:38.947  6039  6039 W System.err: 	at android.app.servertransaction.LaunchActivityItem.execute(LaunchActivityItem.java:83)
09-27 18:39:38.947  6039  6039 W System.err: 	at android.app.servertransaction.TransactionExecutor.executeCallbacks(TransactionExecutor.java:135)
09-27 18:39:38.947  6039  6039 W System.err: 	at android.app.servertransaction.TransactionExecutor.execute(TransactionExecutor.java:95)
09-27 18:39:38.948  6039  6039 W System.err: 	at android.app.ActivityThread$H.handleMessage(ActivityThread.java:2016)
09-27 18:39:38.948  6039  6039 W System.err: 	at android.os.Handler.dispatchMessage(Handler.java:107)
09-27 18:39:38.948  6039  6039 W System.err: 	at android.os.Looper.loop(Looper.java:214)
09-27 18:39:38.948  6039  6039 W System.err: 	at android.app.ActivityThread.main(ActivityThread.java:7343)
09-27 18:39:38.948  6039  6039 W System.err: 	at java.lang.reflect.Method.invoke(Native Method)
09-27 18:39:38.948  6039  6039 W System.err: 	at com.android.internal.os.RuntimeInit$MethodAndArgsCaller.run(RuntimeInit.java:492)
09-27 18:39:38.948  6039  6039 W System.err: 	at com.android.internal.os.ZygoteInit.main(ZygoteInit.java:933)
09-27 18:39:38.953   901  3244 I ActivityTaskManager: START u0 {act=com.ctc.cloudvr.action.VideoStart flg=0x8000 cmp=com.tyyd.video/com.tyyd.vrvideo.VideoActivity} from uid 10183
09-27 18:39:38.957   652   652 D QCOM PowerHAL: LAUNCH HINT: ON
09-27 18:39:38.959  6039  7911 V Result: : Not Find Emulator Files!
09-27 18:39:38.967   901  3244 W ActivityTaskManager: Duplicate finish request for ActivityRecord{e664478 u0 com.tyyd.video/com.ctc.nolo.game.RouteActivity t48 f}
09-27 18:39:38.969   901   944 I chatty  : uid=1000(system) android.anim expire 1 line
09-27 18:39:38.983  7911  7911 W BtAgent : type=1400 audit(0.0:78): avc: denied { read } for name="u:object_r:serialno_prop:s0" dev="tmpfs" ino=15553 scontext=u:r:untrusted_app_27:s0:c183,c256,c512,c768 tcontext=u:object_r:serialno_prop:s0 tclass=file permissive=0
09-27 18:39:38.987  6039  7911 E libc    : Access denied finding property "ro.serialno"
09-27 18:39:39.000  7911  7911 W BtAgent : type=1400 audit(0.0:79): avc: denied { read } for name="u:object_r:serialno_prop:s0" dev="tmpfs" ino=15553 scontext=u:r:untrusted_app_27:s0:c183,c256,c512,c768 tcontext=u:object_r:serialno_prop:s0 tclass=file permissive=0
09-27 18:39:39.005  6039  7911 E libc    : Access denied finding property "ro.serialno"
09-27 18:39:39.016  7911  7911 W BtAgent : type=1400 audit(0.0:80): avc: denied { read } for name="u:object_r:serialno_prop:s0" dev="tmpfs" ino=15553 scontext=u:r:untrusted_app_27:s0:c183,c256,c512,c768 tcontext=u:object_r:serialno_prop:s0 tclass=file permissive=0
09-27 18:39:39.020  6039  7911 E libc    : Access denied finding property "ro.serialno"
09-27 18:39:39.035   901  2462 I ActivityTaskManager: Config changes=20000480 {1.0 ?mcc?mnc [zh_CN_#Hans] ldltr sw411dp w683dp h387dp 560dpi nrml land finger -keyb/v/h -nav/h winConfig={ mBounds=Rect(0, 0 - 2560, 1440) mAppBounds=Rect(0, 0 - 2392, 1440) mWindowingMode=fullscreen mDisplayWindowingMode=fullscreen mActivityType=undefined mAlwaysOnTop=undefined mRotation=ROTATION_90} s.217}
09-27 18:39:39.064   901  2462 I ActivityTaskManager: Override config changes=20000480 {1.0 ?mcc?mnc [zh_CN_#Hans] ldltr sw411dp w683dp h387dp 560dpi nrml land finger -keyb/v/h -nav/h winConfig={ mBounds=Rect(0, 0 - 2560, 1440) mAppBounds=Rect(0, 0 - 2392, 1440) mWindowingMode=fullscreen mDisplayWindowingMode=fullscreen mActivityType=undefined mAlwaysOnTop=undefined mRotation=ROTATION_90} s.217} for displayId=0
09-27 18:39:39.100  6039  7911 D NetworkSecurityConfig: Using Network Security Config from resource network_security_config debugBuild: true
09-27 18:39:39.108   901   943 I chatty  : uid=1000(system) android.display expire 3 lines
09-27 18:39:39.109  1426  1426 I StatusBar/NavBarView: updateNavButtonIcons (b/113914868): home disabled=false mDisabledFlags=0
09-27 18:39:39.124  6039  6039 W ActivityThread: handleWindowVisibility: no activity for token android.os.BinderProxy@44b6b33
09-27 18:39:39.137   901  1318 I chatty  : uid=1000(system) InputReader expire 4 lines
09-27 18:39:39.139  6038  7857 W ileged_process: Suspending all threads took: 7.940ms
09-27 18:39:39.143  1432  1879 D zz      : UtRenderer.onSurfaceChanged() 2560x1440
09-27 18:39:39.155   618  7917 E ResolverController: No valid NAT64 prefix (101, <unspecified>/0)
09-27 18:39:39.210  1455  1455 I KeyboardViewUtil: systemKeyboardHeightRatio:1.000000; userKeyboardHeightRatio:1.000000.
09-27 18:39:39.215   901  3244 W ActivityManager: Unable to start service Intent { cmp=com.tyyd.video/com.besttone.fifthg.BidataService } U=0: not found
09-27 18:39:39.217   901   920 I chatty  : uid=1000(system) HeapTaskDaemon expire 1 line
09-27 18:39:39.243  6039  6039 W com.tyyd.video: type=1400 audit(0.0:81): avc: denied { read } for name="dev" dev="proc" ino=4026532296 scontext=u:r:untrusted_app_27:s0:c183,c256,c512,c768 tcontext=u:object_r:proc_net:s0 tclass=file permissive=0
09-27 18:39:39.249  6039  6039 W System.err: java.io.FileNotFoundException: /proc/net/dev: open failed: EACCES (Permission denied)
09-27 18:39:39.250  6039  6039 W System.err: 	at libcore.io.IoBridge.open(IoBridge.java:496)
09-27 18:39:39.250  6039  6039 W System.err: 	at java.io.FileInputStream.<init>(FileInputStream.java:159)
09-27 18:39:39.251  6039  6039 W System.err: 	at java.io.FileInputStream.<init>(FileInputStream.java:115)
09-27 18:39:39.251  6039  6039 W System.err: 	at java.io.FileReader.<init>(FileReader.java:58)
09-27 18:39:39.251  6039  6039 W System.err: 	at com.besttone.fifthg.z.ALLATORIxDEMO(l:570)
09-27 18:39:39.251  6039  6039 W System.err: 	at com.besttone.fifthg.BiAgent.initSaveStartTraffic(x:196)
09-27 18:39:39.251  6039  6039 W System.err: 	at com.besttone.fifthg.BiAgent.postSaveStartTraffic(x:27)
09-27 18:39:39.251  6039  6039 W System.err: 	at com.besttone.fifthg.BiAgent.onStart(x:175)
09-27 18:39:39.251  6039  6039 W System.err: 	at com.tyyd.bst.BSTActivity.onCreate(BSTActivity.java:22)
09-27 18:39:39.252  6039  6039 W System.err: 	at com.tyyd.vrvideo.UnityPlayerActivity.onCreate(UnityPlayerActivity.java:21)
09-27 18:39:39.252  6039  6039 W System.err: 	at com.tyyd.vrvideo.VideoActivity.onCreate(VideoActivity.java:12)
09-27 18:39:39.252  6039  6039 W System.err: 	at android.app.Activity.performCreate(Activity.java:7802)
09-27 18:39:39.252  6039  6039 W System.err: 	at android.app.Activity.performCreate(Activity.java:7791)
09-27 18:39:39.252  6039  6039 W System.err: 	at android.app.Instrumentation.callActivityOnCreate(Instrumentation.java:1299)
09-27 18:39:39.252  6039  6039 W System.err: 	at android.app.ActivityThread.performLaunchActivity(ActivityThread.java:3243)
09-27 18:39:39.252  6039  6039 W System.err: 	at android.app.ActivityThread.handleLaunchActivity(ActivityThread.java:3407)
09-27 18:39:39.252  6039  6039 W System.err: 	at android.app.servertransaction.LaunchActivityItem.execute(LaunchActivityItem.java:83)
09-27 18:39:39.253  6039  6039 W System.err: 	at android.app.servertransaction.TransactionExecutor.executeCallbacks(TransactionExecutor.java:135)
09-27 18:39:39.253  6039  6039 W System.err: 	at android.app.servertransaction.TransactionExecutor.execute(TransactionExecutor.java:95)
09-27 18:39:39.253  6039  6039 W System.err: 	at android.app.ActivityThread$H.handleMessage(ActivityThread.java:2016)
09-27 18:39:39.253  6039  6039 W System.err: 	at android.os.Handler.dispatchMessage(Handler.java:107)
09-27 18:39:39.253  6039  6039 W System.err: 	at android.os.Looper.loop(Looper.java:214)
09-27 18:39:39.254  6039  6039 W System.err: 	at android.app.ActivityThread.main(ActivityThread.java:7343)
09-27 18:39:39.254  6039  6039 W System.err: 	at java.lang.reflect.Method.invoke(Native Method)
09-27 18:39:39.254  6039  6039 W System.err: 	at com.android.internal.os.RuntimeInit$MethodAndArgsCaller.run(RuntimeInit.java:492)
09-27 18:39:39.254  6039  6039 W System.err: 	at com.android.internal.os.ZygoteInit.main(ZygoteInit.java:933)
09-27 18:39:39.255  6039  6039 W System.err: Caused by: android.system.ErrnoException: open failed: EACCES (Permission denied)
09-27 18:39:39.255  6039  6039 W System.err: 	at libcore.io.Linux.open(Native Method)
09-27 18:39:39.255  6039  6039 W System.err: 	at libcore.io.ForwardingOs.open(ForwardingOs.java:167)
09-27 18:39:39.255  6039  6039 W System.err: 	at libcore.io.BlockGuardOs.open(BlockGuardOs.java:252)
09-27 18:39:39.255  6039  6039 W System.err: 	at libcore.io.ForwardingOs.open(ForwardingOs.java:167)
09-27 18:39:39.255  6039  6039 W System.err: 	at android.app.ActivityThread$AndroidOs.open(ActivityThread.java:7242)
09-27 18:39:39.255  6039  6039 W System.err: 	at libcore.io.IoBridge.open(IoBridge.java:482)
09-27 18:39:39.255  6039  6039 W System.err: 	... 25 more
09-27 18:39:39.256  6039  7911 E libc    : Access denied finding property "ro.serialno"
09-27 18:39:39.257  6039  6039 W System.err: java.io.FileNotFoundException: /proc/net/dev: open failed: EACCES (Permission denied)
09-27 18:39:39.257  6039  6039 W System.err: 	at libcore.io.IoBridge.open(IoBridge.java:496)
09-27 18:39:39.257  6039  6039 W System.err: 	at java.io.FileInputStream.<init>(FileInputStream.java:159)
09-27 18:39:39.257  6039  6039 W System.err: 	at java.io.FileInputStream.<init>(FileInputStream.java:115)
09-27 18:39:39.257  6039  6039 W System.err: 	at java.io.FileReader.<init>(FileReader.java:58)
09-27 18:39:39.258  6039  6039 W System.err: 	at com.besttone.fifthg.z.c(l:539)
09-27 18:39:39.258  6039  6039 W System.err: 	at com.besttone.fifthg.BiAgent.initSaveStartTraffic(x:29)
09-27 18:39:39.258  6039  6039 W System.err: 	at com.besttone.fifthg.BiAgent.postSaveStartTraffic(x:27)
09-27 18:39:39.258  6039  6039 W System.err: 	at com.besttone.fifthg.BiAgent.onStart(x:175)
09-27 18:39:39.258  6039  6039 W System.err: 	at com.tyyd.bst.BSTActivity.onCreate(BSTActivity.java:22)
09-27 18:39:39.258  6039  6039 W System.err: 	at com.tyyd.vrvideo.UnityPlayerActivity.onCreate(UnityPlayerActivity.java:21)
09-27 18:39:39.258  6039  6039 W System.err: 	at com.tyyd.vrvideo.VideoActivity.onCreate(VideoActivity.java:12)
09-27 18:39:39.258  6039  6039 W System.err: 	at android.app.Activity.performCreate(Activity.java:7802)
09-27 18:39:39.259  6039  6039 W System.err: 	at android.app.Activity.performCreate(Activity.java:7791)
09-27 18:39:39.259  6039  6039 W System.err: 	at android.app.Instrumentation.callActivityOnCreate(Instrumentation.java:1299)
09-27 18:39:39.259  6039  6039 W System.err: 	at android.app.ActivityThread.performLaunchActivity(ActivityThread.java:3243)
09-27 18:39:39.259  6039  6039 W System.err: 	at android.app.ActivityThread.handleLaunchActivity(ActivityThread.java:3407)
09-27 18:39:39.259  6039  6039 W System.err: 	at android.app.servertransaction.LaunchActivityItem.execute(LaunchActivityItem.java:83)
09-27 18:39:39.259  6039  6039 W System.err: 	at android.app.servertransaction.TransactionExecutor.executeCallbacks(TransactionExecutor.java:135)
09-27 18:39:39.259  6039  6039 W System.err: 	at android.app.servertransaction.TransactionExecutor.execute(TransactionExecutor.java:95)
09-27 18:39:39.259  6039  6039 W System.err: 	at android.app.ActivityThread$H.handleMessage(ActivityThread.java:2016)
09-27 18:39:39.260  6039  6039 W System.err: 	at android.os.Handler.dispatchMessage(Handler.java:107)
09-27 18:39:39.260  6039  6039 W System.err: 	at android.os.Looper.loop(Looper.java:214)
09-27 18:39:39.260  6039  6039 W System.err: 	at android.app.ActivityThread.main(ActivityThread.java:7343)
09-27 18:39:39.260  6039  6039 W System.err: 	at java.lang.reflect.Method.invoke(Native Method)
09-27 18:39:39.260  6039  6039 W System.err: 	at com.android.internal.os.RuntimeInit$MethodAndArgsCaller.run(RuntimeInit.java:492)
09-27 18:39:39.260  6039  6039 W System.err: 	at com.android.internal.os.ZygoteInit.main(ZygoteInit.java:933)
09-27 18:39:39.261  6039  6039 W System.err: Caused by: android.system.ErrnoException: open failed: EACCES (Permission denied)
09-27 18:39:39.261  6039  6039 W System.err: 	at libcore.io.Linux.open(Native Method)
09-27 18:39:39.261  6039  6039 W System.err: 	at libcore.io.ForwardingOs.open(ForwardingOs.java:167)
09-27 18:39:39.261  6039  6039 W System.err: 	at libcore.io.BlockGuardOs.open(BlockGuardOs.java:252)
09-27 18:39:39.261  6039  6039 W System.err: 	at libcore.io.ForwardingOs.open(ForwardingOs.java:167)
09-27 18:39:39.261  6039  6039 W System.err: 	at android.app.ActivityThread$AndroidOs.open(ActivityThread.java:7242)
09-27 18:39:39.261  6039  6039 W System.err: 	at libcore.io.IoBridge.open(IoBridge.java:482)
09-27 18:39:39.261  6039  6039 W System.err: 	... 25 more
09-27 18:39:39.271  1455  1455 I DeviceStatusMonitor: onReceive() : Action = android.intent.action.CONFIGURATION_CHANGED
09-27 18:39:39.278  1455  1455 I ConfigNotification: Get device mode by ui mode:1 and smallestScreenWidthDp:411
09-27 18:39:39.279  1455  1455 I ConfigNotification: Get device mode by ui mode:1 and smallestScreenWidthDp:411
09-27 18:39:39.280  1426  1426 I StatusBar/NavBarView: updateNavButtonIcons (b/113914868): home disabled=false mDisabledFlags=0
09-27 18:39:39.311  1426  1426 D StatusBar: disable<e i a s b h r c s > disable2<q i n >
09-27 18:39:39.368  1426  1426 I OpaEnabledReceiver: Dispatching OPA eligble = true; AGSA = true; OPA enabled = true
09-27 18:39:39.368  1426  1426 I OpaLayout: Setting opa enabled to true
09-27 18:39:39.368  1426  1426 I OpaLayout: Setting opa enabled to true
09-27 18:39:39.392  6039  6039 W com.tyyd.video: Accessing hidden method Landroid/view/View;->computeFitSystemWindows(Landroid/graphics/Rect;Landroid/graphics/Rect;)Z (greylist, reflection, allowed)
09-27 18:39:39.393  6039  6039 W com.tyyd.video: Accessing hidden method Landroid/view/ViewGroup;->makeOptionalFitsSystemWindows()V (greylist, reflection, allowed)
09-27 18:39:39.409  6039  6039 D BSTActivity: 
09-27 18:39:39.419   901  3244 W ActivityManager: Unable to start service Intent { cmp=com.tyyd.video/com.besttone.fifthg.BidataService } U=0: not found
09-27 18:39:39.475   470   470 I hwservicemanager: getTransport: Cannot find entry android.hardware.graphics.mapper@3.0::IMapper/default in either framework or device manifest.
09-27 18:39:39.476  6039  6039 W Gralloc3: mapper 3.x is not supported
09-27 18:39:39.513  6223  7727 W MessengerIpcClient: Timing out request: 1
09-27 18:39:39.514  6223  7337 E Toggle - UALib: Push registration failed.
09-27 18:39:39.514  6223  7337 E Toggle - UALib: com.urbanairship.push.PushProvider$RegistrationException: GCM registration failed.
09-27 18:39:39.514  6223  7337 E Toggle - UALib: 	at com.urbanairship.push.gcm.GcmPushProvider.getRegistrationToken(GcmPushProvider.java:57)
09-27 18:39:39.514  6223  7337 E Toggle - UALib: 	at com.urbanairship.push.PushManagerJobHandler.onUpdatePushRegistration(PushManagerJobHandler.java:206)
09-27 18:39:39.514  6223  7337 E Toggle - UALib: 	at com.urbanairship.push.PushManagerJobHandler.performJob(PushManagerJobHandler.java:123)
09-27 18:39:39.514  6223  7337 E Toggle - UALib: 	at com.urbanairship.push.PushManager.onPerformJob(PushManager.java:403)
09-27 18:39:39.514  6223  7337 E Toggle - UALib: 	at com.urbanairship.job.Job$1.run(Job.java:91)
09-27 18:39:39.514  6223  7337 E Toggle - UALib: 	at java.util.concurrent.ThreadPoolExecutor.runWorker(ThreadPoolExecutor.java:1167)
09-27 18:39:39.514  6223  7337 E Toggle - UALib: 	at java.util.concurrent.ThreadPoolExecutor$Worker.run(ThreadPoolExecutor.java:641)
09-27 18:39:39.514  6223  7337 E Toggle - UALib: 	at java.lang.Thread.run(Thread.java:919)
09-27 18:39:39.514  6223  7337 E Toggle - UALib: Caused by: java.io.IOException: SERVICE_NOT_AVAILABLE
09-27 18:39:39.514  6223  7337 E Toggle - UALib: 	at com.google.android.gms.iid.zzaf.zzi(Unknown Source:86)
09-27 18:39:39.514  6223  7337 E Toggle - UALib: 	at com.google.android.gms.iid.InstanceID.zze(Unknown Source:64)
09-27 18:39:39.514  6223  7337 E Toggle - UALib: 	at com.google.android.gms.iid.InstanceID.getToken(Unknown Source:89)
09-27 18:39:39.514  6223  7337 E Toggle - UALib: 	at com.urbanairship.push.gcm.GcmPushProvider.getRegistrationToken(GcmPushProvider.java:49)
09-27 18:39:39.514  6223  7337 E Toggle - UALib: 	... 7 more
09-27 18:39:39.523  1426  1426 D StatusBar: disable<e i a s b h r c s > disable2<q i n >
09-27 18:39:39.546   652   652 D QCOM PowerHAL: LAUNCH HINT: OFF
09-27 18:39:39.611  6039  7927 I Unity   : SystemInfo CPU = ARMv7 VFPv3 NEON, Cores = 4, Memory = 3765mb
09-27 18:39:39.611  6039  7927 I Unity   : SystemInfo ARM big.LITTLE configuration: 2 big (mask: 12), 2 little (mask: 3)
09-27 18:39:39.612  6039  7927 I Unity   : ApplicationInfo com.tyyd.video version V:1.0.000 build d0a5b3e0-68f4-46eb-9683-4a914e145622
09-27 18:39:39.612  6039  7927 I Unity   : Built from '2018.1/release' branch, Version '2018.1.1f1 (b8cbb5de9840)', Build type 'Release', Scripting Backend 'mono'
09-27 18:39:39.675  1432  1432 D zz      : UtWallpaperService$UtEngine.onVisibilityChanged() false
09-27 18:39:39.680  1432  1432 D zz      : UtRenderer.onNotVisible() 
09-27 18:39:39.681   500   500 E Layer   : [Surface(name=AppWindowToken{a0c80f3 token=Token{7609762 ActivityRecord{25c562d u0 com.google.android.apps.nexuslauncher/.NexusLauncherActivity t45}}})/@0x71308a5 - animation-leash#0] No local sync point found
09-27 18:39:39.681   500   500 E Layer   : [Surface(name=AppWindowToken{a0c80f3 token=Token{7609762 ActivityRecord{25c562d u0 com.google.android.apps.nexuslauncher/.NexusLauncherActivity t45}}})/@0x71308a5 - animation-leash#0] No local sync point found
09-27 18:39:39.767  3219  6734 I PBSessionCacheImpl: Deleted sessionId[1390085342250] from persistence.
09-27 18:39:39.804  1426  1426 I StatusBar/NavBarView: updateNavButtonIcons (b/113914868): home disabled=false mDisabledFlags=0
09-27 18:39:39.816  6039  7927 E Unity   : Unable to find AudioPlugin_AM3DSpatializer
09-27 18:39:39.823  6039  7927 I Adreno  : QUALCOMM build                   : 4a00b69, I4e7e888065
09-27 18:39:39.823  6039  7927 I Adreno  : Build Date                       : 04/09/19
09-27 18:39:39.823  6039  7927 I Adreno  : OpenGL ES Shader Compiler Version: EV031.26.06.00
09-27 18:39:39.823  6039  7927 I Adreno  : Local Branch                     : mybranche95ae4c8-d77f-f18d-a9ef-1458d0b52ae8
09-27 18:39:39.823  6039  7927 I Adreno  : Remote Branch                    : quic/gfx-adreno.lnx.1.0
09-27 18:39:39.823  6039  7927 I Adreno  : Remote Branch                    : NONE
09-27 18:39:39.823  6039  7927 I Adreno  : Reconstruct Branch               : NOTHING
09-27 18:39:39.823  6039  7927 I Adreno  : Build Config                     : S L 8.0.5 AArch32
09-27 18:39:39.827  6039  7927 I Adreno  : PFP: 0x005ff110, ME: 0x005ff066
09-27 18:39:39.833  3219  3619 W SearchServiceCore: Abort, client detached.
09-27 18:39:39.867  6039  7927 D Unity   :  GL_OES_EGL_image GL_OES_EGL_image_external GL_OES_EGL_sync GL_OES_vertex_half_float GL_OES_framebuffer_object GL_OES_rgb8_rgba8 GL_OES_compressed_ETC1_RGB8_texture GL_AMD_compressed_ATC_texture GL_KHR_texture_compression_astc_ldr GL_KHR_texture_compression_astc_hdr GL_OES_texture_compression_astc GL_OES_texture_npot GL_EXT_texture_filter_anisotropic GL_EXT_texture_format_BGRA8888 GL_EXT_read_format_bgra GL_OES_texture_3D GL_EXT_color_buffer_float GL_EXT_color_buffer_half_float GL_QCOM_alpha_test GL_OES_depth24 GL_OES_packed_depth_stencil GL_OES_depth_texture GL_OES_depth_texture_cube_map GL_EXT_sRGB GL_OES_texture_float GL_OES_texture_float_linear GL_OES_texture_half_float GL_OES_texture_half_float_linear GL_EXT_texture_type_2_10_10_10_REV GL_EXT_texture_sRGB_decode GL_EXT_texture_format_sRGB_override GL_OES_element_index_uint GL_EXT_copy_image GL_EXT_geometry_shader GL_EXT_tessellation_shader GL_OES_texture_stencil8 GL_EXT_shader_io_blocks GL_OES_shader_image_atomic GL_OES_sample_variables GL_EXT_texture_b
